<?xml version="1.0" encoding="ISO-8859-1" ?>
<link_info>
   <banner>TI ARM Linker Unix v18.1.3.LTS</banner>
   <copyright>Copyright (c) 1996-2017 Texas Instruments Incorporated</copyright>
   <link_time>0x5bb874b8</link_time>
   <link_errors>0x0</link_errors>
   <output_file>usb_dev_gamepad.out</output_file>
   <entry_point>
      <name>_c_int00_noargs</name>
      <address>0x288d</address>
   </entry_point>
   <input_file_list>
      <input_file id="fl-2">
         <path>./</path>
         <kind>object</kind>
         <file>startup_ccs.obj</file>
         <name>startup_ccs.obj</name>
      </input_file>
      <input_file id="fl-3">
         <path>./Tiva_Extra/Tivaware_Dep/driverlib/</path>
         <kind>object</kind>
         <file>epi_workaround_ccs.obj</file>
         <name>epi_workaround_ccs.obj</name>
      </input_file>
      <input_file id="fl-4">
         <path>./Tiva_Extra/Tivaware_Dep/drivers/</path>
         <kind>object</kind>
         <file>buttons.obj</file>
         <name>buttons.obj</name>
      </input_file>
      <input_file id="fl-5">
         <path>./Tiva_Extra/Tivaware_Dep/drivers/</path>
         <kind>object</kind>
         <file>rgb.obj</file>
         <name>rgb.obj</name>
      </input_file>
      <input_file id="fl-6">
         <path>./Tiva_Extra/Tivaware_Dep/utils/</path>
         <kind>object</kind>
         <file>softuart.obj</file>
         <name>softuart.obj</name>
      </input_file>
      <input_file id="fl-7">
         <path>./Tiva_Extra/Tivaware_Dep/utils/</path>
         <kind>object</kind>
         <file>uartstdio.obj</file>
         <name>uartstdio.obj</name>
      </input_file>
      <input_file id="fl-8">
         <path>./Tiva_Extra/Tivaware_Dep/utils/</path>
         <kind>object</kind>
         <file>ustdlib.obj</file>
         <name>ustdlib.obj</name>
      </input_file>
      <input_file id="fl-9">
         <path>./Tiva_Extra/debug_utils/</path>
         <kind>object</kind>
         <file>swo_segger.obj</file>
         <name>swo_segger.obj</name>
      </input_file>
      <input_file id="fl-a">
         <path>./Tiva_Extra/hardware_helper/</path>
         <kind>object</kind>
         <file>hardware_helper.obj</file>
         <name>hardware_helper.obj</name>
      </input_file>
      <input_file id="fl-b">
         <path>./Tiva_Extra/hardware_helper/</path>
         <kind>object</kind>
         <file>hardware_helper_adc.obj</file>
         <name>hardware_helper_adc.obj</name>
      </input_file>
      <input_file id="fl-c">
         <path>./Tiva_Extra/hardware_helper/</path>
         <kind>object</kind>
         <file>hardware_helper_dma.obj</file>
         <name>hardware_helper_dma.obj</name>
      </input_file>
      <input_file id="fl-d">
         <path>./Tiva_Extra/hardware_helper/</path>
         <kind>object</kind>
         <file>hardware_helper_gpio.obj</file>
         <name>hardware_helper_gpio.obj</name>
      </input_file>
      <input_file id="fl-e">
         <path>./Tiva_Extra/hardware_helper/</path>
         <kind>object</kind>
         <file>hardware_helper_pwm.obj</file>
         <name>hardware_helper_pwm.obj</name>
      </input_file>
      <input_file id="fl-f">
         <path>./Tiva_Extra/tiva_utils/</path>
         <kind>object</kind>
         <file>peripheral_utils.obj</file>
         <name>peripheral_utils.obj</name>
      </input_file>
      <input_file id="fl-10">
         <path>./Tiva_Extra/tiva_utils/</path>
         <kind>object</kind>
         <file>pin_utils.obj</file>
         <name>pin_utils.obj</name>
      </input_file>
      <input_file id="fl-11">
         <path>./Tiva_Extra/tiva_utils/</path>
         <kind>object</kind>
         <file>pwm_utils.obj</file>
         <name>pwm_utils.obj</name>
      </input_file>
      <input_file id="fl-12">
         <path>./src/</path>
         <kind>object</kind>
         <file>main.obj</file>
         <name>main.obj</name>
      </input_file>
      <input_file id="fl-13">
         <path>./src/</path>
         <kind>object</kind>
         <file>mouse.obj</file>
         <name>mouse.obj</name>
      </input_file>
      <input_file id="fl-14">
         <path>./src/</path>
         <kind>object</kind>
         <file>mouse_usb_config.obj</file>
         <name>mouse_usb_config.obj</name>
      </input_file>
      <input_file id="fl-1e">
         <kind>object</kind>
         <file>&lt;internal&gt;</file>
         <name>&lt;internal&gt;</name>
      </input_file>
      <input_file id="fl-1f">
         <path>../Tiva_Extra/Tivaware_Dep/driverlib/ccs/Debug/</path>
         <kind>archive</kind>
         <file>driverlib.lib</file>
         <name>gpio.obj</name>
      </input_file>
      <input_file id="fl-20">
         <path>../Tiva_Extra/Tivaware_Dep/driverlib/ccs/Debug/</path>
         <kind>archive</kind>
         <file>driverlib.lib</file>
         <name>interrupt.obj</name>
      </input_file>
      <input_file id="fl-21">
         <path>../Tiva_Extra/Tivaware_Dep/driverlib/ccs/Debug/</path>
         <kind>archive</kind>
         <file>driverlib.lib</file>
         <name>pwm.obj</name>
      </input_file>
      <input_file id="fl-22">
         <path>../Tiva_Extra/Tivaware_Dep/driverlib/ccs/Debug/</path>
         <kind>archive</kind>
         <file>driverlib.lib</file>
         <name>sysctl.obj</name>
      </input_file>
      <input_file id="fl-23">
         <path>../Tiva_Extra/Tivaware_Dep/driverlib/ccs/Debug/</path>
         <kind>archive</kind>
         <file>driverlib.lib</file>
         <name>cpu.obj</name>
      </input_file>
      <input_file id="fl-24">
         <path>../Tiva_Extra/Tivaware_Dep/usblib/ccs/Debug/</path>
         <kind>archive</kind>
         <file>usblib.lib</file>
         <name>usbmode.obj</name>
      </input_file>
      <input_file id="fl-25">
         <path>../Tiva_Extra/Tivaware_Dep/usblib/ccs/Debug/</path>
         <kind>archive</kind>
         <file>usblib.lib</file>
         <name>usbtick.obj</name>
      </input_file>
      <input_file id="fl-26">
         <path>../Tiva_Extra/Tivaware_Dep/usblib/ccs/Debug/</path>
         <kind>archive</kind>
         <file>usblib.lib</file>
         <name>usbdenum.obj</name>
      </input_file>
      <input_file id="fl-27">
         <path>../Tiva_Extra/Tivaware_Dep/usblib/ccs/Debug/</path>
         <kind>archive</kind>
         <file>usblib.lib</file>
         <name>usbdhandler.obj</name>
      </input_file>
      <input_file id="fl-28">
         <path>../Tiva_Extra/Tivaware_Dep/usblib/ccs/Debug/</path>
         <kind>archive</kind>
         <file>usblib.lib</file>
         <name>usbdhid.obj</name>
      </input_file>
      <input_file id="fl-29">
         <path>../Tiva_Extra/Tivaware_Dep/usblib/ccs/Debug/</path>
         <kind>archive</kind>
         <file>usblib.lib</file>
         <name>usbhostenum.obj</name>
      </input_file>
      <input_file id="fl-2a">
         <path>../Tiva_Extra/Tivaware_Dep/usblib/ccs/Debug/</path>
         <kind>archive</kind>
         <file>usblib.lib</file>
         <name>usbdesc.obj</name>
      </input_file>
      <input_file id="fl-2b">
         <path>../Tiva_Extra/Tivaware_Dep/usblib/ccs/Debug/</path>
         <kind>archive</kind>
         <file>usblib.lib</file>
         <name>usbdma.obj</name>
      </input_file>
      <input_file id="fl-2c">
         <path>../Tiva_Extra/Tivaware_Dep/usblib/ccs/Debug/</path>
         <kind>archive</kind>
         <file>usblib.lib</file>
         <name>usbulpi.obj</name>
      </input_file>
      <input_file id="fl-2d">
         <path>../Tiva_Extra/Tivaware_Dep/usblib/ccs/Debug/</path>
         <kind>archive</kind>
         <file>usblib.lib</file>
         <name>usbdcdesc.obj</name>
      </input_file>
      <input_file id="fl-2e">
         <path>../Tiva_Extra/Tivaware_Dep/usblib/ccs/Debug/</path>
         <kind>archive</kind>
         <file>usblib.lib</file>
         <name>usbdconfig.obj</name>
      </input_file>
      <input_file id="fl-2f">
         <path>../Tiva_Extra/Tivaware_Dep/usblib/ccs/Debug/</path>
         <kind>archive</kind>
         <file>usblib.lib</file>
         <name>usbhhub.obj</name>
      </input_file>
      <input_file id="fl-e5">
         <path>/home/kd/ti/ccsv8/tools/compiler/ti-cgt-arm_18.1.3.LTS/lib/</path>
         <kind>archive</kind>
         <file>rtsv7M4_T_le_v4SPD16_eabi.lib</file>
         <name>memset_t2.asm.obj</name>
      </input_file>
      <input_file id="fl-e6">
         <path>/home/kd/ti/ccsv8/tools/compiler/ti-cgt-arm_18.1.3.LTS/lib/</path>
         <kind>archive</kind>
         <file>rtsv7M4_T_le_v4SPD16_eabi.lib</file>
         <name>u_divt2.asm.obj</name>
      </input_file>
      <input_file id="fl-e7">
         <path>/home/kd/ti/ccsv8/tools/compiler/ti-cgt-arm_18.1.3.LTS/lib/</path>
         <kind>archive</kind>
         <file>rtsv7M4_T_le_v4SPD16_eabi.lib</file>
         <name>fs_toull_t2.asm.obj</name>
      </input_file>
      <input_file id="fl-e8">
         <path>/home/kd/ti/ccsv8/tools/compiler/ti-cgt-arm_18.1.3.LTS/lib/</path>
         <kind>archive</kind>
         <file>rtsv7M4_T_le_v4SPD16_eabi.lib</file>
         <name>copy_zero_init.c.obj</name>
      </input_file>
      <input_file id="fl-e9">
         <path>/home/kd/ti/ccsv8/tools/compiler/ti-cgt-arm_18.1.3.LTS/lib/</path>
         <kind>archive</kind>
         <file>rtsv7M4_T_le_v4SPD16_eabi.lib</file>
         <name>copy_decompress_none.c.obj</name>
      </input_file>
      <input_file id="fl-ea">
         <path>/home/kd/ti/ccsv8/tools/compiler/ti-cgt-arm_18.1.3.LTS/lib/</path>
         <kind>archive</kind>
         <file>rtsv7M4_T_le_v4SPD16_eabi.lib</file>
         <name>copy_decompress_lzss.c.obj</name>
      </input_file>
      <input_file id="fl-eb">
         <path>/home/kd/ti/ccsv8/tools/compiler/ti-cgt-arm_18.1.3.LTS/lib/</path>
         <kind>archive</kind>
         <file>rtsv7M4_T_le_v4SPD16_eabi.lib</file>
         <name>assert.c.obj</name>
      </input_file>
      <input_file id="fl-ec">
         <path>/home/kd/ti/ccsv8/tools/compiler/ti-cgt-arm_18.1.3.LTS/lib/</path>
         <kind>archive</kind>
         <file>rtsv7M4_T_le_v4SPD16_eabi.lib</file>
         <name>defs.c.obj</name>
      </input_file>
      <input_file id="fl-ed">
         <path>/home/kd/ti/ccsv8/tools/compiler/ti-cgt-arm_18.1.3.LTS/lib/</path>
         <kind>archive</kind>
         <file>rtsv7M4_T_le_v4SPD16_eabi.lib</file>
         <name>fflush.c.obj</name>
      </input_file>
      <input_file id="fl-ee">
         <path>/home/kd/ti/ccsv8/tools/compiler/ti-cgt-arm_18.1.3.LTS/lib/</path>
         <kind>archive</kind>
         <file>rtsv7M4_T_le_v4SPD16_eabi.lib</file>
         <name>fputs.c.obj</name>
      </input_file>
      <input_file id="fl-ef">
         <path>/home/kd/ti/ccsv8/tools/compiler/ti-cgt-arm_18.1.3.LTS/lib/</path>
         <kind>archive</kind>
         <file>rtsv7M4_T_le_v4SPD16_eabi.lib</file>
         <name>isdigit.c.obj</name>
      </input_file>
      <input_file id="fl-f0">
         <path>/home/kd/ti/ccsv8/tools/compiler/ti-cgt-arm_18.1.3.LTS/lib/</path>
         <kind>archive</kind>
         <file>rtsv7M4_T_le_v4SPD16_eabi.lib</file>
         <name>memchr.c.obj</name>
      </input_file>
      <input_file id="fl-f1">
         <path>/home/kd/ti/ccsv8/tools/compiler/ti-cgt-arm_18.1.3.LTS/lib/</path>
         <kind>archive</kind>
         <file>rtsv7M4_T_le_v4SPD16_eabi.lib</file>
         <name>strlen.c.obj</name>
      </input_file>
      <input_file id="fl-f2">
         <path>/home/kd/ti/ccsv8/tools/compiler/ti-cgt-arm_18.1.3.LTS/lib/</path>
         <kind>archive</kind>
         <file>rtsv7M4_T_le_v4SPD16_eabi.lib</file>
         <name>write.c.obj</name>
      </input_file>
      <input_file id="fl-f3">
         <path>/home/kd/ti/ccsv8/tools/compiler/ti-cgt-arm_18.1.3.LTS/lib/</path>
         <kind>archive</kind>
         <file>rtsv7M4_T_le_v4SPD16_eabi.lib</file>
         <name>boot_cortex_m.c.obj</name>
      </input_file>
      <input_file id="fl-f4">
         <path>/home/kd/ti/ccsv8/tools/compiler/ti-cgt-arm_18.1.3.LTS/lib/</path>
         <kind>archive</kind>
         <file>rtsv7M4_T_le_v4SPD16_eabi.lib</file>
         <name>div0.asm.obj</name>
      </input_file>
      <input_file id="fl-f5">
         <path>/home/kd/ti/ccsv8/tools/compiler/ti-cgt-arm_18.1.3.LTS/lib/</path>
         <kind>archive</kind>
         <file>rtsv7M4_T_le_v4SPD16_eabi.lib</file>
         <name>memcpy_t2.asm.obj</name>
      </input_file>
      <input_file id="fl-f6">
         <path>/home/kd/ti/ccsv8/tools/compiler/ti-cgt-arm_18.1.3.LTS/lib/</path>
         <kind>archive</kind>
         <file>rtsv7M4_T_le_v4SPD16_eabi.lib</file>
         <name>autoinit.c.obj</name>
      </input_file>
      <input_file id="fl-f7">
         <path>/home/kd/ti/ccsv8/tools/compiler/ti-cgt-arm_18.1.3.LTS/lib/</path>
         <kind>archive</kind>
         <file>rtsv7M4_T_le_v4SPD16_eabi.lib</file>
         <name>pre_init.c.obj</name>
      </input_file>
      <input_file id="fl-f8">
         <path>/home/kd/ti/ccsv8/tools/compiler/ti-cgt-arm_18.1.3.LTS/lib/</path>
         <kind>archive</kind>
         <file>rtsv7M4_T_le_v4SPD16_eabi.lib</file>
         <name>cpy_tbl.c.obj</name>
      </input_file>
      <input_file id="fl-f9">
         <path>/home/kd/ti/ccsv8/tools/compiler/ti-cgt-arm_18.1.3.LTS/lib/</path>
         <kind>archive</kind>
         <file>rtsv7M4_T_le_v4SPD16_eabi.lib</file>
         <name>exit.c.obj</name>
      </input_file>
      <input_file id="fl-fa">
         <path>/home/kd/ti/ccsv8/tools/compiler/ti-cgt-arm_18.1.3.LTS/lib/</path>
         <kind>archive</kind>
         <file>rtsv7M4_T_le_v4SPD16_eabi.lib</file>
         <name>_io_perm.c.obj</name>
      </input_file>
      <input_file id="fl-fb">
         <path>/home/kd/ti/ccsv8/tools/compiler/ti-cgt-arm_18.1.3.LTS/lib/</path>
         <kind>archive</kind>
         <file>rtsv7M4_T_le_v4SPD16_eabi.lib</file>
         <name>_lock.c.obj</name>
      </input_file>
      <input_file id="fl-fc">
         <path>/home/kd/ti/ccsv8/tools/compiler/ti-cgt-arm_18.1.3.LTS/lib/</path>
         <kind>archive</kind>
         <file>rtsv7M4_T_le_v4SPD16_eabi.lib</file>
         <name>args_main.c.obj</name>
      </input_file>
      <input_file id="fl-fd">
         <path>/home/kd/ti/ccsv8/tools/compiler/ti-cgt-arm_18.1.3.LTS/lib/</path>
         <kind>archive</kind>
         <file>rtsv7M4_T_le_v4SPD16_eabi.lib</file>
         <name>ctype.c.obj</name>
      </input_file>
      <input_file id="fl-fe">
         <path>/home/kd/ti/ccsv8/tools/compiler/ti-cgt-arm_18.1.3.LTS/lib/</path>
         <kind>archive</kind>
         <file>rtsv7M4_T_le_v4SPD16_eabi.lib</file>
         <name>fseek.c.obj</name>
      </input_file>
      <input_file id="fl-ff">
         <path>/home/kd/ti/ccsv8/tools/compiler/ti-cgt-arm_18.1.3.LTS/lib/</path>
         <kind>archive</kind>
         <file>rtsv7M4_T_le_v4SPD16_eabi.lib</file>
         <name>lseek.c.obj</name>
      </input_file>
      <input_file id="fl-100">
         <path>/home/kd/ti/ccsv8/tools/compiler/ti-cgt-arm_18.1.3.LTS/lib/</path>
         <kind>archive</kind>
         <file>rtsv7M4_T_le_v4SPD16_eabi.lib</file>
         <name>setvbuf.c.obj</name>
      </input_file>
      <input_file id="fl-101">
         <path>/home/kd/ti/ccsv8/tools/compiler/ti-cgt-arm_18.1.3.LTS/lib/</path>
         <kind>archive</kind>
         <file>rtsv7M4_T_le_v4SPD16_eabi.lib</file>
         <name>hostclose.c.obj</name>
      </input_file>
      <input_file id="fl-102">
         <path>/home/kd/ti/ccsv8/tools/compiler/ti-cgt-arm_18.1.3.LTS/lib/</path>
         <kind>archive</kind>
         <file>rtsv7M4_T_le_v4SPD16_eabi.lib</file>
         <name>hostlseek.c.obj</name>
      </input_file>
      <input_file id="fl-103">
         <path>/home/kd/ti/ccsv8/tools/compiler/ti-cgt-arm_18.1.3.LTS/lib/</path>
         <kind>archive</kind>
         <file>rtsv7M4_T_le_v4SPD16_eabi.lib</file>
         <name>hostopen.c.obj</name>
      </input_file>
      <input_file id="fl-104">
         <path>/home/kd/ti/ccsv8/tools/compiler/ti-cgt-arm_18.1.3.LTS/lib/</path>
         <kind>archive</kind>
         <file>rtsv7M4_T_le_v4SPD16_eabi.lib</file>
         <name>hostread.c.obj</name>
      </input_file>
      <input_file id="fl-105">
         <path>/home/kd/ti/ccsv8/tools/compiler/ti-cgt-arm_18.1.3.LTS/lib/</path>
         <kind>archive</kind>
         <file>rtsv7M4_T_le_v4SPD16_eabi.lib</file>
         <name>hostrename.c.obj</name>
      </input_file>
      <input_file id="fl-106">
         <path>/home/kd/ti/ccsv8/tools/compiler/ti-cgt-arm_18.1.3.LTS/lib/</path>
         <kind>archive</kind>
         <file>rtsv7M4_T_le_v4SPD16_eabi.lib</file>
         <name>hostunlink.c.obj</name>
      </input_file>
      <input_file id="fl-107">
         <path>/home/kd/ti/ccsv8/tools/compiler/ti-cgt-arm_18.1.3.LTS/lib/</path>
         <kind>archive</kind>
         <file>rtsv7M4_T_le_v4SPD16_eabi.lib</file>
         <name>hostwrite.c.obj</name>
      </input_file>
      <input_file id="fl-108">
         <path>/home/kd/ti/ccsv8/tools/compiler/ti-cgt-arm_18.1.3.LTS/lib/</path>
         <kind>archive</kind>
         <file>rtsv7M4_T_le_v4SPD16_eabi.lib</file>
         <name>trgmsg.c.obj</name>
      </input_file>
      <input_file id="fl-109">
         <path>/home/kd/ti/ccsv8/tools/compiler/ti-cgt-arm_18.1.3.LTS/lib/</path>
         <kind>archive</kind>
         <file>rtsv7M4_T_le_v4SPD16_eabi.lib</file>
         <name>memory.c.obj</name>
      </input_file>
      <input_file id="fl-10a">
         <path>/home/kd/ti/ccsv8/tools/compiler/ti-cgt-arm_18.1.3.LTS/lib/</path>
         <kind>archive</kind>
         <file>rtsv7M4_T_le_v4SPD16_eabi.lib</file>
         <name>fopen.c.obj</name>
      </input_file>
      <input_file id="fl-10b">
         <path>/home/kd/ti/ccsv8/tools/compiler/ti-cgt-arm_18.1.3.LTS/lib/</path>
         <kind>archive</kind>
         <file>rtsv7M4_T_le_v4SPD16_eabi.lib</file>
         <name>open.c.obj</name>
      </input_file>
      <input_file id="fl-10c">
         <path>/home/kd/ti/ccsv8/tools/compiler/ti-cgt-arm_18.1.3.LTS/lib/</path>
         <kind>archive</kind>
         <file>rtsv7M4_T_le_v4SPD16_eabi.lib</file>
         <name>strcpy.c.obj</name>
      </input_file>
      <input_file id="fl-10d">
         <path>/home/kd/ti/ccsv8/tools/compiler/ti-cgt-arm_18.1.3.LTS/lib/</path>
         <kind>archive</kind>
         <file>rtsv7M4_T_le_v4SPD16_eabi.lib</file>
         <name>fclose.c.obj</name>
      </input_file>
      <input_file id="fl-10e">
         <path>/home/kd/ti/ccsv8/tools/compiler/ti-cgt-arm_18.1.3.LTS/lib/</path>
         <kind>archive</kind>
         <file>rtsv7M4_T_le_v4SPD16_eabi.lib</file>
         <name>getdevice.c.obj</name>
      </input_file>
      <input_file id="fl-10f">
         <path>/home/kd/ti/ccsv8/tools/compiler/ti-cgt-arm_18.1.3.LTS/lib/</path>
         <kind>archive</kind>
         <file>rtsv7M4_T_le_v4SPD16_eabi.lib</file>
         <name>remove.c.obj</name>
      </input_file>
      <input_file id="fl-110">
         <path>/home/kd/ti/ccsv8/tools/compiler/ti-cgt-arm_18.1.3.LTS/lib/</path>
         <kind>archive</kind>
         <file>rtsv7M4_T_le_v4SPD16_eabi.lib</file>
         <name>strchr.c.obj</name>
      </input_file>
      <input_file id="fl-111">
         <path>/home/kd/ti/ccsv8/tools/compiler/ti-cgt-arm_18.1.3.LTS/lib/</path>
         <kind>archive</kind>
         <file>rtsv7M4_T_le_v4SPD16_eabi.lib</file>
         <name>strcmp.c.obj</name>
      </input_file>
      <input_file id="fl-112">
         <path>/home/kd/ti/ccsv8/tools/compiler/ti-cgt-arm_18.1.3.LTS/lib/</path>
         <kind>archive</kind>
         <file>rtsv7M4_T_le_v4SPD16_eabi.lib</file>
         <name>strncpy.c.obj</name>
      </input_file>
      <input_file id="fl-113">
         <path>/home/kd/ti/ccsv8/tools/compiler/ti-cgt-arm_18.1.3.LTS/lib/</path>
         <kind>archive</kind>
         <file>rtsv7M4_T_le_v4SPD16_eabi.lib</file>
         <name>unlink.c.obj</name>
      </input_file>
      <input_file id="fl-114">
         <path>/home/kd/ti/ccsv8/tools/compiler/ti-cgt-arm_18.1.3.LTS/lib/</path>
         <kind>archive</kind>
         <file>rtsv7M4_T_le_v4SPD16_eabi.lib</file>
         <name>close.c.obj</name>
      </input_file>
      <input_file id="fl-115">
         <path>../Tiva_Extra/Tivaware_Dep/driverlib/ccs/Debug/</path>
         <kind>archive</kind>
         <file>driverlib.lib</file>
         <name>udma.obj</name>
      </input_file>
      <input_file id="fl-116">
         <path>../Tiva_Extra/Tivaware_Dep/driverlib/ccs/Debug/</path>
         <kind>archive</kind>
         <file>driverlib.lib</file>
         <name>usb.obj</name>
      </input_file>
   </input_file_list>
   <object_component_list>
      <object_component id="oc-f">
         <name>.intvecs</name>
         <load_address>0x0</load_address>
         <run_address>0x0</run_address>
         <size>0x26c</size>
         <input_file_ref idref="fl-2"/>
      </object_component>
      <object_component id="oc-3f">
         <name>.text:UARTStdioIntHandler</name>
         <load_address>0x26c</load_address>
         <run_address>0x26c</run_address>
         <size>0x188</size>
         <input_file_ref idref="fl-7"/>
      </object_component>
      <object_component id="oc-379">
         <name>.text:USBLibDMAInit</name>
         <load_address>0x3f4</load_address>
         <run_address>0x3f4</run_address>
         <size>0x164</size>
         <input_file_ref idref="fl-2b"/>
      </object_component>
      <object_component id="oc-24d">
         <name>.text:USBDCDInit</name>
         <load_address>0x558</load_address>
         <run_address>0x558</run_address>
         <size>0x150</size>
         <input_file_ref idref="fl-26"/>
      </object_component>
      <object_component id="oc-218">
         <name>.text:USBDEP0StateTxConfig</name>
         <load_address>0x6a8</load_address>
         <run_address>0x6a8</run_address>
         <size>0x150</size>
         <input_file_ref idref="fl-26"/>
      </object_component>
      <object_component id="oc-c5">
         <name>.text:USBDeviceIntHandlerInternal</name>
         <load_address>0x7f8</load_address>
         <run_address>0x7f8</run_address>
         <size>0x150</size>
         <input_file_ref idref="fl-26"/>
      </object_component>
      <object_component id="oc-5a3">
         <name>.text:USBDeviceConfig</name>
         <load_address>0x948</load_address>
         <run_address>0x948</run_address>
         <size>0x148</size>
         <input_file_ref idref="fl-2e"/>
      </object_component>
      <object_component id="oc-45e">
         <name>.text:HandleRequest</name>
         <load_address>0xa90</load_address>
         <run_address>0xa90</run_address>
         <size>0x114</size>
         <input_file_ref idref="fl-28"/>
      </object_component>
      <object_component id="oc-f4">
         <name>.text:main</name>
         <load_address>0xba4</load_address>
         <run_address>0xba4</run_address>
         <size>0x104</size>
         <input_file_ref idref="fl-12"/>
      </object_component>
      <object_component id="oc-545">
         <name>.text:iDMAUSBTransfer</name>
         <load_address>0xca8</load_address>
         <run_address>0xca8</run_address>
         <size>0xf4</size>
         <input_file_ref idref="fl-2b"/>
      </object_component>
      <object_component id="oc-267">
         <name>.text:mouseRxCallBack</name>
         <load_address>0xd9c</load_address>
         <run_address>0xd9c</run_address>
         <size>0xec</size>
         <input_file_ref idref="fl-13"/>
      </object_component>
      <object_component id="oc-407">
         <name>.text:USBDGetDescriptor</name>
         <load_address>0xe88</load_address>
         <run_address>0xe88</run_address>
         <size>0xe4</size>
         <input_file_ref idref="fl-26"/>
      </object_component>
      <object_component id="oc-247">
         <name>.text:USBDHIDCompositeInit</name>
         <load_address>0xf6c</load_address>
         <run_address>0xf6c</run_address>
         <size>0xe0</size>
         <input_file_ref idref="fl-28"/>
      </object_component>
      <object_component id="oc-14e">
         <name>.text:USBDeviceEnumHandler</name>
         <load_address>0x104c</load_address>
         <run_address>0x104c</run_address>
         <size>0xd8</size>
         <input_file_ref idref="fl-26"/>
      </object_component>
      <object_component id="oc-4d3">
         <name>.text:uDMAUSBChannelAllocate</name>
         <load_address>0x1124</load_address>
         <run_address>0x1124</run_address>
         <size>0xd0</size>
         <input_file_ref idref="fl-2b"/>
      </object_component>
      <object_component id="oc-9f">
         <name>.text:UARTwrite</name>
         <load_address>0x11f4</load_address>
         <run_address>0x11f4</run_address>
         <size>0xbc</size>
         <input_file_ref idref="fl-7"/>
      </object_component>
      <object_component id="oc-515">
         <name>.text:uDMAUSBTransfer</name>
         <load_address>0x12b0</load_address>
         <run_address>0x12b0</run_address>
         <size>0xbc</size>
         <input_file_ref idref="fl-2b"/>
      </object_component>
      <object_component id="oc-59">
         <name>.text</name>
         <load_address>0x136c</load_address>
         <run_address>0x136c</run_address>
         <size>0x9c</size>
         <input_file_ref idref="fl-f5"/>
      </object_component>
      <object_component id="oc-425">
         <name>.text:USBDSetInterface</name>
         <load_address>0x1408</load_address>
         <run_address>0x1408</run_address>
         <size>0x98</size>
         <input_file_ref idref="fl-26"/>
      </object_component>
      <object_component id="oc-93">
         <name>.text:UARTPrimeTransmit</name>
         <load_address>0x14a0</load_address>
         <run_address>0x14a0</run_address>
         <size>0x94</size>
         <input_file_ref idref="fl-7"/>
      </object_component>
      <object_component id="oc-419">
         <name>.text:USBDSetConfiguration</name>
         <load_address>0x1534</load_address>
         <run_address>0x1534</run_address>
         <size>0x90</size>
         <input_file_ref idref="fl-26"/>
      </object_component>
      <object_component id="oc-5b1">
         <name>.text:USBDeviceConfigAlternate</name>
         <load_address>0x15c4</load_address>
         <run_address>0x15c4</run_address>
         <size>0x8c</size>
         <input_file_ref idref="fl-2e"/>
      </object_component>
      <object_component id="oc-49e">
         <name>.text:ProcessIdleTimers</name>
         <load_address>0x1650</load_address>
         <run_address>0x1650</run_address>
         <size>0x88</size>
         <input_file_ref idref="fl-28"/>
      </object_component>
      <object_component id="oc-527">
         <name>.text:iDMAUSBChannelAllocate</name>
         <load_address>0x16d8</load_address>
         <run_address>0x16d8</run_address>
         <size>0x88</size>
         <input_file_ref idref="fl-2b"/>
      </object_component>
      <object_component id="oc-3f5">
         <name>.text:USBDClearFeature</name>
         <load_address>0x1760</load_address>
         <run_address>0x1760</run_address>
         <size>0x7c</size>
         <input_file_ref idref="fl-26"/>
      </object_component>
      <object_component id="oc-660">
         <name>.text:uDMAChannelTransferSet</name>
         <load_address>0x17dc</load_address>
         <run_address>0x17dc</run_address>
         <size>0x7c</size>
         <input_file_ref idref="fl-115"/>
      </object_component>
      <object_component id="oc-6ce">
         <name>.text:USBDevEndpointConfigSet</name>
         <load_address>0x1858</load_address>
         <run_address>0x1858</run_address>
         <size>0x7a</size>
         <input_file_ref idref="fl-116"/>
      </object_component>
      <object_component id="oc-e8">
         <name>.text</name>
         <load_address>0x18d2</load_address>
         <run_address>0x18d2</run_address>
         <size>0x7a</size>
         <input_file_ref idref="fl-e5"/>
      </object_component>
      <object_component id="oc-3ef">
         <name>.text:USBDGetStatus</name>
         <load_address>0x194c</load_address>
         <run_address>0x194c</run_address>
         <size>0x78</size>
         <input_file_ref idref="fl-26"/>
      </object_component>
      <object_component id="oc-51b">
         <name>.text:uDMAUSBUnitSizeSet</name>
         <load_address>0x19c4</load_address>
         <run_address>0x19c4</run_address>
         <size>0x72</size>
         <input_file_ref idref="fl-2b"/>
      </object_component>
      <object_component id="oc-33">
         <name>.text:FaultISR</name>
         <load_address>0x1a36</load_address>
         <run_address>0x1a36</run_address>
         <size>0x2</size>
         <input_file_ref idref="fl-2"/>
      </object_component>
      <object_component id="oc-21e">
         <name>.text:USBDEP0StateTx</name>
         <load_address>0x1a38</load_address>
         <run_address>0x1a38</run_address>
         <size>0x70</size>
         <input_file_ref idref="fl-26"/>
      </object_component>
      <object_component id="oc-3fb">
         <name>.text:USBDSetFeature</name>
         <load_address>0x1aa8</load_address>
         <run_address>0x1aa8</run_address>
         <size>0x70</size>
         <input_file_ref idref="fl-26"/>
      </object_component>
      <object_component id="oc-4cd">
         <name>.text:uDMAUSBArbSizeSet</name>
         <load_address>0x1b18</load_address>
         <run_address>0x1b18</run_address>
         <size>0x70</size>
         <input_file_ref idref="fl-2b"/>
      </object_component>
      <object_component id="oc-639">
         <name>.text:IntDisable</name>
         <load_address>0x1b88</load_address>
         <run_address>0x1b88</run_address>
         <size>0x68</size>
         <input_file_ref idref="fl-20"/>
      </object_component>
      <object_component id="oc-391">
         <name>.text:IntEnable</name>
         <load_address>0x1bf0</load_address>
         <run_address>0x1bf0</run_address>
         <size>0x68</size>
         <input_file_ref idref="fl-20"/>
      </object_component>
      <object_component id="oc-12">
         <name>.text:decompress:lzss:__TI_decompress_lzss</name>
         <load_address>0x1c58</load_address>
         <run_address>0x1c58</run_address>
         <size>0x68</size>
         <input_file_ref idref="fl-ea"/>
      </object_component>
      <object_component id="oc-458">
         <name>.text:HandleGetDescriptor</name>
         <load_address>0x1cc0</load_address>
         <run_address>0x1cc0</run_address>
         <size>0x64</size>
         <input_file_ref idref="fl-28"/>
      </object_component>
      <object_component id="oc-633">
         <name>.text:IntIsEnabled</name>
         <load_address>0x1d24</load_address>
         <run_address>0x1d24</run_address>
         <size>0x64</size>
         <input_file_ref idref="fl-20"/>
      </object_component>
      <object_component id="oc-4df">
         <name>.text:uDMAUSBChannelEnable</name>
         <load_address>0x1d88</load_address>
         <run_address>0x1d88</run_address>
         <size>0x64</size>
         <input_file_ref idref="fl-2b"/>
      </object_component>
      <object_component id="oc-494">
         <name>.text:HandleDevice</name>
         <load_address>0x1dec</load_address>
         <run_address>0x1dec</run_address>
         <size>0x60</size>
         <input_file_ref idref="fl-28"/>
      </object_component>
      <object_component id="oc-5f5">
         <name>.text:ProcessDataFromHost</name>
         <load_address>0x1e4c</load_address>
         <run_address>0x1e4c</run_address>
         <size>0x60</size>
         <input_file_ref idref="fl-28"/>
      </object_component>
      <object_component id="oc-212">
         <name>.text:USBDReadAndDispatchRequest</name>
         <load_address>0x1eac</load_address>
         <run_address>0x1eac</run_address>
         <size>0x60</size>
         <input_file_ref idref="fl-26"/>
      </object_component>
      <object_component id="oc-1fa">
         <name>.text:USBDevEndpointStatusClear</name>
         <load_address>0x1f0c</load_address>
         <run_address>0x1f0c</run_address>
         <size>0x5e</size>
         <input_file_ref idref="fl-116"/>
      </object_component>
      <object_component id="oc-5ce">
         <name>.text:FindHIDDescriptor</name>
         <load_address>0x1f6a</load_address>
         <run_address>0x1f6a</run_address>
         <size>0x5c</size>
         <input_file_ref idref="fl-28"/>
      </object_component>
      <object_component id="oc-4f1">
         <name>.text:uDMAUSBChannelRelease</name>
         <load_address>0x1fc6</load_address>
         <run_address>0x1fc6</run_address>
         <size>0x56</size>
         <input_file_ref idref="fl-2b"/>
      </object_component>
      <object_component id="oc-5fb">
         <name>.text:ProcessDataToHost</name>
         <load_address>0x201c</load_address>
         <run_address>0x201c</run_address>
         <size>0x54</size>
         <input_file_ref idref="fl-28"/>
      </object_component>
      <object_component id="oc-34f">
         <name>.text:ULPIConfigSet</name>
         <load_address>0x2070</load_address>
         <run_address>0x2070</run_address>
         <size>0x52</size>
         <input_file_ref idref="fl-2c"/>
      </object_component>
      <object_component id="oc-39">
         <name>.text:IntDefaultHandler</name>
         <load_address>0x20c2</load_address>
         <run_address>0x20c2</run_address>
         <size>0x2</size>
         <input_file_ref idref="fl-2"/>
      </object_component>
      <object_component id="oc-331">
         <name>.text:SysCtlPeripheralReset</name>
         <load_address>0x20c4</load_address>
         <run_address>0x20c4</run_address>
         <size>0x50</size>
         <input_file_ref idref="fl-22"/>
      </object_component>
      <object_component id="oc-5c0">
         <name>.text:USBDCDConfigDescGet</name>
         <load_address>0x2114</load_address>
         <run_address>0x2114</run_address>
         <size>0x50</size>
         <input_file_ref idref="fl-2d"/>
      </object_component>
      <object_component id="oc-130">
         <name>.text:USBDeviceResumeTickHandler</name>
         <load_address>0x2164</load_address>
         <run_address>0x2164</run_address>
         <size>0x50</size>
         <input_file_ref idref="fl-26"/>
      </object_component>
      <object_component id="oc-6c8">
         <name>.text:GetEPDescriptorType</name>
         <load_address>0x21b4</load_address>
         <run_address>0x21b4</run_address>
         <size>0x4c</size>
         <input_file_ref idref="fl-2e"/>
      </object_component>
      <object_component id="oc-59a">
         <name>.text:USBDStringIndexFromRequest</name>
         <load_address>0x2200</load_address>
         <run_address>0x2200</run_address>
         <size>0x4c</size>
         <input_file_ref idref="fl-26"/>
      </object_component>
      <object_component id="oc-66c">
         <name>.text:USBEndpointDMAConfigSet</name>
         <load_address>0x224c</load_address>
         <run_address>0x224c</run_address>
         <size>0x4c</size>
         <input_file_ref idref="fl-116"/>
      </object_component>
      <object_component id="oc-551">
         <name>.text:iDMAUSBChannelEnable</name>
         <load_address>0x2298</load_address>
         <run_address>0x2298</run_address>
         <size>0x4c</size>
         <input_file_ref idref="fl-2b"/>
      </object_component>
      <object_component id="oc-5c6">
         <name>.text:ConfigAlternateInterfaceGet</name>
         <load_address>0x22e4</load_address>
         <run_address>0x22e4</run_address>
         <size>0x4a</size>
         <input_file_ref idref="fl-2d"/>
      </object_component>
      <object_component id="oc-193">
         <name>.text:USBDHIDReportWrite</name>
         <load_address>0x232e</load_address>
         <run_address>0x232e</run_address>
         <size>0x4a</size>
         <input_file_ref idref="fl-28"/>
      </object_component>
      <object_component id="oc-591">
         <name>.text:USBDevEndpointStallClear</name>
         <load_address>0x2378</load_address>
         <run_address>0x2378</run_address>
         <size>0x4a</size>
         <input_file_ref idref="fl-116"/>
      </object_component>
      <object_component id="oc-2d">
         <name>.text:NmiSR</name>
         <load_address>0x23c2</load_address>
         <run_address>0x23c2</run_address>
         <size>0x2</size>
         <input_file_ref idref="fl-2"/>
      </object_component>
      <object_component id="oc-26d">
         <name>.text:mouseTxCallBack</name>
         <load_address>0x23c4</load_address>
         <run_address>0x23c4</run_address>
         <size>0x4a</size>
         <input_file_ref idref="fl-13"/>
      </object_component>
      <object_component id="oc-4d9">
         <name>.text:uDMAUSBChannelDisable</name>
         <load_address>0x240e</load_address>
         <run_address>0x240e</run_address>
         <size>0x4a</size>
         <input_file_ref idref="fl-2b"/>
      </object_component>
      <object_component id="oc-5e7">
         <name>.text:SetIdleTimeout</name>
         <load_address>0x2458</load_address>
         <run_address>0x2458</run_address>
         <size>0x48</size>
         <input_file_ref idref="fl-28"/>
      </object_component>
      <object_component id="oc-30c">
         <name>.text:USBDCDDeviceInfoInit</name>
         <load_address>0x24a0</load_address>
         <run_address>0x24a0</run_address>
         <size>0x48</size>
         <input_file_ref idref="fl-26"/>
      </object_component>
      <object_component id="oc-12a">
         <name>.text:USBDeviceEnumResetHandler</name>
         <load_address>0x24e8</load_address>
         <run_address>0x24e8</run_address>
         <size>0x48</size>
         <input_file_ref idref="fl-26"/>
      </object_component>
      <object_component id="oc-61f">
         <name>.text:uDMAChannelAttributeDisable</name>
         <load_address>0x2530</load_address>
         <run_address>0x2530</run_address>
         <size>0x48</size>
         <input_file_ref idref="fl-115"/>
      </object_component>
      <object_component id="oc-206">
         <name>.text:USBEndpointDataGet</name>
         <load_address>0x2578</load_address>
         <run_address>0x2578</run_address>
         <size>0x46</size>
         <input_file_ref idref="fl-116"/>
      </object_component>
      <object_component id="oc-521">
         <name>.text:iDMAUSBArbSizeSet</name>
         <load_address>0x25be</load_address>
         <run_address>0x25be</run_address>
         <size>0x2</size>
         <input_file_ref idref="fl-2b"/>
      </object_component>
      <object_component id="oc-41f">
         <name>.text:USBDGetInterface</name>
         <load_address>0x25c0</load_address>
         <run_address>0x25c0</run_address>
         <size>0x44</size>
         <input_file_ref idref="fl-26"/>
      </object_component>
      <object_component id="oc-1aa">
         <name>.text:__TI_auto_init_nobinit_nopinit:__TI_auto_init_nobinit_nopinit</name>
         <load_address>0x2604</load_address>
         <run_address>0x2604</run_address>
         <size>0x44</size>
         <input_file_ref idref="fl-f6"/>
      </object_component>
      <object_component id="oc-25d">
         <name>.text:ScheduleReportTransmission</name>
         <load_address>0x2648</load_address>
         <run_address>0x2648</run_address>
         <size>0x40</size>
         <input_file_ref idref="fl-28"/>
      </object_component>
      <object_component id="oc-a5">
         <name>.text:IsBufferFull</name>
         <load_address>0x2688</load_address>
         <run_address>0x2688</run_address>
         <size>0x3c</size>
         <input_file_ref idref="fl-7"/>
      </object_component>
      <object_component id="oc-54b">
         <name>.text:iDMAUSBChannelRelease</name>
         <load_address>0x26c4</load_address>
         <run_address>0x26c4</run_address>
         <size>0x3c</size>
         <input_file_ref idref="fl-2b"/>
      </object_component>
      <object_component id="oc-6da">
         <name>.text:USBFIFOConfigSet</name>
         <load_address>0x2700</load_address>
         <run_address>0x2700</run_address>
         <size>0x3a</size>
         <input_file_ref idref="fl-116"/>
      </object_component>
      <object_component id="oc-55d">
         <name>.text:iDMAUSBUnitSizeSet</name>
         <load_address>0x273a</load_address>
         <run_address>0x273a</run_address>
         <size>0x2</size>
         <input_file_ref idref="fl-2b"/>
      </object_component>
      <object_component id="oc-31e">
         <name>.text:InternalUSBRegisterTickHandler</name>
         <load_address>0x273c</load_address>
         <run_address>0x273c</run_address>
         <size>0x38</size>
         <input_file_ref idref="fl-25"/>
      </object_component>
      <object_component id="oc-136">
         <name>.text:InternalUSBStartOfFrameTick</name>
         <load_address>0x2774</load_address>
         <run_address>0x2774</run_address>
         <size>0x38</size>
         <input_file_ref idref="fl-25"/>
      </object_component>
      <object_component id="oc-23f">
         <name>.text:SWO_PrintChar</name>
         <load_address>0x27ac</load_address>
         <run_address>0x27ac</run_address>
         <size>0x38</size>
         <input_file_ref idref="fl-9"/>
      </object_component>
      <object_component id="oc-175">
         <name>.text:SysCtlPeripheralReady</name>
         <load_address>0x27e4</load_address>
         <run_address>0x27e4</run_address>
         <size>0x38</size>
         <input_file_ref idref="fl-22"/>
      </object_component>
      <object_component id="oc-306">
         <name>.text:USBDCDConfigGetInterfaceEndpoint</name>
         <load_address>0x281c</load_address>
         <run_address>0x281c</run_address>
         <size>0x38</size>
         <input_file_ref idref="fl-2d"/>
      </object_component>
      <object_component id="oc-bf">
         <name>.text:USBIntStatusControl</name>
         <load_address>0x2854</load_address>
         <run_address>0x2854</run_address>
         <size>0x38</size>
         <input_file_ref idref="fl-116"/>
      </object_component>
      <object_component id="oc-77">
         <name>.text:_c_int00_noargs:_c_int00_noargs</name>
         <load_address>0x288c</load_address>
         <run_address>0x288c</run_address>
         <size>0x38</size>
         <input_file_ref idref="fl-f3"/>
      </object_component>
      <object_component id="oc-48e">
         <name>.text:HandleEndpoints</name>
         <load_address>0x28c4</load_address>
         <run_address>0x28c4</run_address>
         <size>0x36</size>
         <input_file_ref idref="fl-28"/>
      </object_component>
      <object_component id="oc-2dc">
         <name>.text:USBEndpointDataPut</name>
         <load_address>0x28fa</load_address>
         <run_address>0x28fa</run_address>
         <size>0x36</size>
         <input_file_ref idref="fl-116"/>
      </object_component>
      <object_component id="oc-32a">
         <name>.text:HIDTickHandler</name>
         <load_address>0x2930</load_address>
         <run_address>0x2930</run_address>
         <size>0x34</size>
         <input_file_ref idref="fl-28"/>
      </object_component>
      <object_component id="oc-44d">
         <name>.text:NextConfigDescGet</name>
         <load_address>0x2964</load_address>
         <run_address>0x2964</run_address>
         <size>0x34</size>
         <input_file_ref idref="fl-2d"/>
      </object_component>
      <object_component id="oc-337">
         <name>.text:SysCtlPeripheralEnable</name>
         <load_address>0x2998</load_address>
         <run_address>0x2998</run_address>
         <size>0x34</size>
         <input_file_ref idref="fl-22"/>
      </object_component>
      <object_component id="oc-2e2">
         <name>.text:USBEndpointDataSend</name>
         <load_address>0x29cc</load_address>
         <run_address>0x29cc</run_address>
         <size>0x34</size>
         <input_file_ref idref="fl-116"/>
      </object_component>
      <object_component id="oc-52d">
         <name>.text:iDMAUSBChannelStatus</name>
         <load_address>0x2a00</load_address>
         <run_address>0x2a00</run_address>
         <size>0x34</size>
         <input_file_ref idref="fl-2b"/>
      </object_component>
      <object_component id="oc-18d">
         <name>.text:makeHidReport</name>
         <load_address>0x2a34</load_address>
         <run_address>0x2a34</run_address>
         <size>0x34</size>
         <input_file_ref idref="fl-13"/>
      </object_component>
      <object_component id="oc-257">
         <name>.text:ClearReportTimer</name>
         <load_address>0x2a68</load_address>
         <run_address>0x2a68</run_address>
         <size>0x32</size>
         <input_file_ref idref="fl-28"/>
      </object_component>
      <object_component id="oc-464">
         <name>.text:HandleConfigChange</name>
         <load_address>0x2a9a</load_address>
         <run_address>0x2a9a</run_address>
         <size>0x32</size>
         <input_file_ref idref="fl-28"/>
      </object_component>
      <object_component id="oc-3e6">
         <name>.text:USBDevEndpointStall</name>
         <load_address>0x2acc</load_address>
         <run_address>0x2acc</run_address>
         <size>0x32</size>
         <input_file_ref idref="fl-116"/>
      </object_component>
      <object_component id="oc-557">
         <name>.text:iDMAUSBChannelDisable</name>
         <load_address>0x2afe</load_address>
         <run_address>0x2afe</run_address>
         <size>0x32</size>
         <input_file_ref idref="fl-2b"/>
      </object_component>
      <object_component id="oc-4fd">
         <name>.text:DMAUSBIntHandler</name>
         <load_address>0x2b30</load_address>
         <run_address>0x2b30</run_address>
         <size>0x30</size>
         <input_file_ref idref="fl-2b"/>
      </object_component>
      <object_component id="oc-318">
         <name>.text:InternalUSBTickInit</name>
         <load_address>0x2b60</load_address>
         <run_address>0x2b60</run_address>
         <size>0x30</size>
         <input_file_ref idref="fl-25"/>
      </object_component>
      <object_component id="oc-413">
         <name>.text:USBDGetConfiguration</name>
         <load_address>0x2b90</load_address>
         <run_address>0x2b90</run_address>
         <size>0x30</size>
         <input_file_ref idref="fl-26"/>
      </object_component>
      <object_component id="oc-17b">
         <name>.text:mouseInit</name>
         <load_address>0x2bc0</load_address>
         <run_address>0x2bc0</run_address>
         <size>0x30</size>
         <input_file_ref idref="fl-13"/>
      </object_component>
      <object_component id="oc-99">
         <name>.text:IsBufferEmpty</name>
         <load_address>0x2bf0</load_address>
         <run_address>0x2bf0</run_address>
         <size>0x2c</size>
         <input_file_ref idref="fl-7"/>
      </object_component>
      <object_component id="oc-5ab">
         <name>.text:USBDCDConfigDescGetNum</name>
         <load_address>0x2c1c</load_address>
         <run_address>0x2c1c</run_address>
         <size>0x2c</size>
         <input_file_ref idref="fl-2d"/>
      </object_component>
      <object_component id="oc-6ea">
         <name>.text:USBDescGet</name>
         <load_address>0x2c48</load_address>
         <run_address>0x2c48</run_address>
         <size>0x2c</size>
         <input_file_ref idref="fl-2a"/>
      </object_component>
      <object_component id="oc-503">
         <name>.text:uDMAUSBIntStatus</name>
         <load_address>0x2c74</load_address>
         <run_address>0x2c74</run_address>
         <size>0x2c</size>
         <input_file_ref idref="fl-2b"/>
      </object_component>
      <object_component id="oc-5e1">
         <name>.text:GetIdleTimeout</name>
         <load_address>0x2ca0</load_address>
         <run_address>0x2ca0</run_address>
         <size>0x2a</size>
         <input_file_ref idref="fl-28"/>
      </object_component>
      <object_component id="oc-6e2">
         <name>.text:USBDescGetNum</name>
         <load_address>0x2cca</load_address>
         <run_address>0x2cca</run_address>
         <size>0x2a</size>
         <input_file_ref idref="fl-2a"/>
      </object_component>
      <object_component id="oc-20c">
         <name>.text:USBDevEndpointDataAck</name>
         <load_address>0x2cf4</load_address>
         <run_address>0x2cf4</run_address>
         <size>0x2a</size>
         <input_file_ref idref="fl-116"/>
      </object_component>
      <object_component id="oc-46a">
         <name>.text:HandleEP0DataReceived</name>
         <load_address>0x2d1e</load_address>
         <run_address>0x2d1e</run_address>
         <size>0x28</size>
         <input_file_ref idref="fl-28"/>
      </object_component>
      <object_component id="oc-4eb">
         <name>.text:uDMAUSBChannelIntDisable</name>
         <load_address>0x2d46</load_address>
         <run_address>0x2d46</run_address>
         <size>0x2</size>
         <input_file_ref idref="fl-2b"/>
      </object_component>
      <object_component id="oc-401">
         <name>.text:USBDSetAddress</name>
         <load_address>0x2d48</load_address>
         <run_address>0x2d48</run_address>
         <size>0x28</size>
         <input_file_ref idref="fl-26"/>
      </object_component>
      <object_component id="oc-37f">
         <name>.text:USBIntEnableControl</name>
         <load_address>0x2d70</load_address>
         <run_address>0x2d70</run_address>
         <size>0x28</size>
         <input_file_ref idref="fl-116"/>
      </object_component>
      <object_component id="oc-651">
         <name>.text:uDMAChannelModeGet</name>
         <load_address>0x2d98</load_address>
         <run_address>0x2d98</run_address>
         <size>0x28</size>
         <input_file_ref idref="fl-115"/>
      </object_component>
      <object_component id="oc-187">
         <name>.text:USBDHIDInit</name>
         <load_address>0x2dc0</load_address>
         <run_address>0x2dc0</run_address>
         <size>0x26</size>
         <input_file_ref idref="fl-28"/>
      </object_component>
      <object_component id="oc-625">
         <name>.text:USBEndpointDMADisable</name>
         <load_address>0x2de6</load_address>
         <run_address>0x2de6</run_address>
         <size>0x24</size>
         <input_file_ref idref="fl-116"/>
      </object_component>
      <object_component id="oc-63f">
         <name>.text:USBEndpointDMAEnable</name>
         <load_address>0x2e0a</load_address>
         <run_address>0x2e0a</run_address>
         <size>0x24</size>
         <input_file_ref idref="fl-116"/>
      </object_component>
      <object_component id="oc-4e5">
         <name>.text:uDMAUSBChannelIntEnable</name>
         <load_address>0x2e2e</load_address>
         <run_address>0x2e2e</run_address>
         <size>0x2</size>
         <input_file_ref idref="fl-2b"/>
      </object_component>
      <object_component id="oc-238">
         <name>.text:USBStackModeSet</name>
         <load_address>0x2e30</load_address>
         <run_address>0x2e30</run_address>
         <size>0x24</size>
         <input_file_ref idref="fl-24"/>
      </object_component>
      <object_component id="oc-612">
         <name>.text:uDMAChannelControlSet</name>
         <load_address>0x2e54</load_address>
         <run_address>0x2e54</run_address>
         <size>0x24</size>
         <input_file_ref idref="fl-115"/>
      </object_component>
      <object_component id="oc-488">
         <name>.text:HandleDisconnect</name>
         <load_address>0x2e78</load_address>
         <run_address>0x2e78</run_address>
         <size>0x22</size>
         <input_file_ref idref="fl-28"/>
      </object_component>
      <object_component id="oc-4f7">
         <name>.text:uDMAUSBChannelStatus</name>
         <load_address>0x2e9a</load_address>
         <run_address>0x2e9a</run_address>
         <size>0x22</size>
         <input_file_ref idref="fl-2b"/>
      </object_component>
      <object_component id="oc-6d4">
         <name>.text:GetEndpointFIFOSize</name>
         <load_address>0x2ebc</load_address>
         <run_address>0x2ebc</run_address>
         <size>0x20</size>
         <input_file_ref idref="fl-2e"/>
      </object_component>
      <object_component id="oc-470">
         <name>.text:HandleEP0DataSent</name>
         <load_address>0x2edc</load_address>
         <run_address>0x2edc</run_address>
         <size>0x20</size>
         <input_file_ref idref="fl-28"/>
      </object_component>
      <object_component id="oc-4b0">
         <name>.text:USBULPIRegRead</name>
         <load_address>0x2efc</load_address>
         <run_address>0x2efc</run_address>
         <size>0x1e</size>
         <input_file_ref idref="fl-116"/>
      </object_component>
      <object_component id="oc-4b6">
         <name>.text:USBULPIRegWrite</name>
         <load_address>0x2f1a</load_address>
         <run_address>0x2f1a</run_address>
         <size>0x1e</size>
         <input_file_ref idref="fl-116"/>
      </object_component>
      <object_component id="oc-181">
         <name>.text:SWO_PrintString</name>
         <load_address>0x2f38</load_address>
         <run_address>0x2f38</run_address>
         <size>0x1c</size>
         <input_file_ref idref="fl-9"/>
      </object_component>
      <object_component id="oc-447">
         <name>.text:USBDCDConfigGetInterface</name>
         <load_address>0x2f54</load_address>
         <run_address>0x2f54</run_address>
         <size>0x1c</size>
         <input_file_ref idref="fl-2d"/>
      </object_component>
      <object_component id="oc-2c9">
         <name>.text:USBDCDStallEP0</name>
         <load_address>0x2f70</load_address>
         <run_address>0x2f70</run_address>
         <size>0x1c</size>
         <input_file_ref idref="fl-26"/>
      </object_component>
      <object_component id="oc-4a4">
         <name>.text:USBEndpointDataAvail</name>
         <load_address>0x2f8c</load_address>
         <run_address>0x2f8c</run_address>
         <size>0x1c</size>
         <input_file_ref idref="fl-116"/>
      </object_component>
      <object_component id="oc-312">
         <name>.text:ClearIdleTimers</name>
         <load_address>0x2fa8</load_address>
         <run_address>0x2fa8</run_address>
         <size>0x1a</size>
         <input_file_ref idref="fl-28"/>
      </object_component>
      <object_component id="oc-2d6">
         <name>.text:USBDCDConfigDescGetSize</name>
         <load_address>0x2fc2</load_address>
         <run_address>0x2fc2</run_address>
         <size>0x1a</size>
         <input_file_ref idref="fl-2d"/>
      </object_component>
      <object_component id="oc-619">
         <name>.text:USBEndpointDMAChannel</name>
         <load_address>0x2fdc</load_address>
         <run_address>0x2fdc</run_address>
         <size>0x1a</size>
         <input_file_ref idref="fl-116"/>
      </object_component>
      <object_component id="oc-603">
         <name>.text:SetDeferredOpFlag</name>
         <load_address>0x2ff6</load_address>
         <run_address>0x2ff6</run_address>
         <size>0x18</size>
         <input_file_ref idref="fl-28"/>
      </object_component>
      <object_component id="oc-45">
         <name>.text:USB0DeviceIntHandler</name>
         <load_address>0x3010</load_address>
         <run_address>0x3010</run_address>
         <size>0x18</size>
         <input_file_ref idref="fl-27"/>
      </object_component>
      <object_component id="oc-40d">
         <name>.text:USBDSetDescriptor</name>
         <load_address>0x3028</load_address>
         <run_address>0x3028</run_address>
         <size>0x18</size>
         <input_file_ref idref="fl-26"/>
      </object_component>
      <object_component id="oc-42b">
         <name>.text:USBDSyncFrame</name>
         <load_address>0x3040</load_address>
         <run_address>0x3040</run_address>
         <size>0x18</size>
         <input_file_ref idref="fl-26"/>
      </object_component>
      <object_component id="oc-62c">
         <name>.text:uDMAChannelDisable</name>
         <load_address>0x3058</load_address>
         <run_address>0x3058</run_address>
         <size>0x18</size>
         <input_file_ref idref="fl-115"/>
      </object_component>
      <object_component id="oc-645">
         <name>.text:uDMAChannelEnable</name>
         <load_address>0x3070</load_address>
         <run_address>0x3070</run_address>
         <size>0x18</size>
         <input_file_ref idref="fl-115"/>
      </object_component>
      <object_component id="oc-385">
         <name>.text:USBIntEnableEndpoint</name>
         <load_address>0x3088</load_address>
         <run_address>0x3088</run_address>
         <size>0x16</size>
         <input_file_ref idref="fl-116"/>
      </object_component>
      <object_component id="oc-33d">
         <name>.text:SysCtlUSBPLLEnable</name>
         <load_address>0x30a0</load_address>
         <run_address>0x30a0</run_address>
         <size>0x14</size>
         <input_file_ref idref="fl-22"/>
      </object_component>
      <object_component id="oc-5db">
         <name>.text:USBDCDRequestDataEP0</name>
         <load_address>0x30b4</load_address>
         <run_address>0x30b4</run_address>
         <size>0x14</size>
         <input_file_ref idref="fl-26"/>
      </object_component>
      <object_component id="oc-5d4">
         <name>.text:USBDCDSendDataEP0</name>
         <load_address>0x30c8</load_address>
         <run_address>0x30c8</run_address>
         <size>0x14</size>
         <input_file_ref idref="fl-26"/>
      </object_component>
      <object_component id="oc-6a4">
         <name>.text:USBDMAChannelConfigSet</name>
         <load_address>0x30dc</load_address>
         <run_address>0x30dc</run_address>
         <size>0x14</size>
         <input_file_ref idref="fl-116"/>
      </object_component>
      <object_component id="oc-1e5">
         <name>.text:USBHostResume</name>
         <load_address>0x30f0</load_address>
         <run_address>0x30f0</run_address>
         <size>0x14</size>
         <input_file_ref idref="fl-116"/>
      </object_component>
      <object_component id="oc-727">
         <name>.text:_USBIndexWrite</name>
         <load_address>0x3104</load_address>
         <run_address>0x3104</run_address>
         <size>0x14</size>
         <input_file_ref idref="fl-116"/>
      </object_component>
      <object_component id="oc-482">
         <name>.text:HandleResume</name>
         <load_address>0x3118</load_address>
         <run_address>0x3118</run_address>
         <size>0x12</size>
         <input_file_ref idref="fl-28"/>
      </object_component>
      <object_component id="oc-47c">
         <name>.text:HandleSuspend</name>
         <load_address>0x312a</load_address>
         <run_address>0x312a</run_address>
         <size>0x12</size>
         <input_file_ref idref="fl-28"/>
      </object_component>
      <object_component id="oc-675">
         <name>.text:USBDMAChannelDisable</name>
         <load_address>0x313c</load_address>
         <run_address>0x313c</run_address>
         <size>0x12</size>
         <input_file_ref idref="fl-116"/>
      </object_component>
      <object_component id="oc-6aa">
         <name>.text:USBDMAChannelEnable</name>
         <load_address>0x314e</load_address>
         <run_address>0x314e</run_address>
         <size>0x12</size>
         <input_file_ref idref="fl-116"/>
      </object_component>
      <object_component id="oc-691">
         <name>.text:USBDMAChannelIntDisable</name>
         <load_address>0x3160</load_address>
         <run_address>0x3160</run_address>
         <size>0x12</size>
         <input_file_ref idref="fl-116"/>
      </object_component>
      <object_component id="oc-68a">
         <name>.text:USBDMAChannelIntEnable</name>
         <load_address>0x3172</load_address>
         <run_address>0x3172</run_address>
         <size>0x12</size>
         <input_file_ref idref="fl-116"/>
      </object_component>
      <object_component id="oc-1f4">
         <name>.text:USBEndpointStatus</name>
         <load_address>0x3184</load_address>
         <run_address>0x3184</run_address>
         <size>0x10</size>
         <input_file_ref idref="fl-116"/>
      </object_component>
      <object_component id="oc-509">
         <name>.text:DMAUSBIntStatusClear</name>
         <load_address>0x3194</load_address>
         <run_address>0x3194</run_address>
         <size>0xe</size>
         <input_file_ref idref="fl-2b"/>
      </object_component>
      <object_component id="oc-67c">
         <name>.text:USBDMAChannelStatus</name>
         <load_address>0x31a2</load_address>
         <run_address>0x31a2</run_address>
         <size>0xe</size>
         <input_file_ref idref="fl-116"/>
      </object_component>
      <object_component id="oc-367">
         <name>.text:USBDevLPMDisable</name>
         <load_address>0x31b0</load_address>
         <run_address>0x31b0</run_address>
         <size>0xe</size>
         <input_file_ref idref="fl-116"/>
      </object_component>
      <object_component id="oc-142">
         <name>.text:USBDevLPMEnable</name>
         <load_address>0x31be</load_address>
         <run_address>0x31be</run_address>
         <size>0xe</size>
         <input_file_ref idref="fl-116"/>
      </object_component>
      <object_component id="oc-355">
         <name>.text:USBULPIDisable</name>
         <load_address>0x31cc</load_address>
         <run_address>0x31cc</run_address>
         <size>0xe</size>
         <input_file_ref idref="fl-116"/>
      </object_component>
      <object_component id="oc-349">
         <name>.text:USBULPIEnable</name>
         <load_address>0x31da</load_address>
         <run_address>0x31da</run_address>
         <size>0xe</size>
         <input_file_ref idref="fl-116"/>
      </object_component>
      <object_component id="oc-18">
         <name>.text:decompress:none:__TI_decompress_none</name>
         <load_address>0x31e8</load_address>
         <run_address>0x31e8</run_address>
         <size>0xe</size>
         <input_file_ref idref="fl-e9"/>
      </object_component>
      <object_component id="oc-666">
         <name>.text:USBEndpointPacketCountSet</name>
         <load_address>0x31f6</load_address>
         <run_address>0x31f6</run_address>
         <size>0xc</size>
         <input_file_ref idref="fl-116"/>
      </object_component>
      <object_component id="oc-373">
         <name>.text:USBLPMIntEnable</name>
         <load_address>0x3202</load_address>
         <run_address>0x3202</run_address>
         <size>0xc</size>
         <input_file_ref idref="fl-116"/>
      </object_component>
      <object_component id="oc-6b">
         <name>.text:decompress:ZI:__TI_zero_init</name>
         <load_address>0x320e</load_address>
         <run_address>0x320e</run_address>
         <size>0xc</size>
         <input_file_ref idref="fl-e8"/>
      </object_component>
      <object_component id="oc-343">
         <name>.text:USBClockEnable</name>
         <load_address>0x321a</load_address>
         <run_address>0x321a</run_address>
         <size>0xa</size>
         <input_file_ref idref="fl-116"/>
      </object_component>
      <object_component id="oc-4c4">
         <name>.text:USBControllerVersion</name>
         <load_address>0x3224</load_address>
         <run_address>0x3224</run_address>
         <size>0xa</size>
         <input_file_ref idref="fl-116"/>
      </object_component>
      <object_component id="oc-698">
         <name>.text:USBDMAChannelAddressSet</name>
         <load_address>0x322e</load_address>
         <run_address>0x322e</run_address>
         <size>0xa</size>
         <input_file_ref idref="fl-116"/>
      </object_component>
      <object_component id="oc-69e">
         <name>.text:USBDMAChannelCountSet</name>
         <load_address>0x3238</load_address>
         <run_address>0x3238</run_address>
         <size>0xa</size>
         <input_file_ref idref="fl-116"/>
      </object_component>
      <object_component id="oc-38b">
         <name>.text:USBDevConnect</name>
         <load_address>0x3242</load_address>
         <run_address>0x3242</run_address>
         <size>0xa</size>
         <input_file_ref idref="fl-116"/>
      </object_component>
      <object_component id="oc-154">
         <name>.text:USBDevDisconnect</name>
         <load_address>0x324c</load_address>
         <run_address>0x324c</run_address>
         <size>0xa</size>
         <input_file_ref idref="fl-116"/>
      </object_component>
      <object_component id="oc-148">
         <name>.text:USBIntStatusEndpoint</name>
         <load_address>0x3256</load_address>
         <run_address>0x3256</run_address>
         <size>0xa</size>
         <input_file_ref idref="fl-116"/>
      </object_component>
      <object_component id="oc-361">
         <name>.text:USBDevMode</name>
         <load_address>0x3260</load_address>
         <run_address>0x3260</run_address>
         <size>0x8</size>
         <input_file_ref idref="fl-116"/>
      </object_component>
      <object_component id="oc-65a">
         <name>.text:USBFIFOAddrGet</name>
         <load_address>0x3268</load_address>
         <run_address>0x3268</run_address>
         <size>0x8</size>
         <input_file_ref idref="fl-116"/>
      </object_component>
      <object_component id="oc-35b">
         <name>.text:USBOTGMode</name>
         <load_address>0x3270</load_address>
         <run_address>0x3270</run_address>
         <size>0x8</size>
         <input_file_ref idref="fl-116"/>
      </object_component>
      <object_component id="oc-53f">
         <name>.text:iDMAUSBChannelIntDisable</name>
         <load_address>0x3278</load_address>
         <run_address>0x3278</run_address>
         <size>0x8</size>
         <input_file_ref idref="fl-2b"/>
      </object_component>
      <object_component id="oc-539">
         <name>.text:iDMAUSBChannelIntEnable</name>
         <load_address>0x3280</load_address>
         <run_address>0x3280</run_address>
         <size>0x8</size>
         <input_file_ref idref="fl-2b"/>
      </object_component>
      <object_component id="oc-27">
         <name>.text:ResetISR</name>
         <load_address>0x3288</load_address>
         <run_address>0x3288</run_address>
         <size>0x6</size>
         <input_file_ref idref="fl-2"/>
      </object_component>
      <object_component id="oc-683">
         <name>.text:USBDMAChannelIntStatus</name>
         <load_address>0x328e</load_address>
         <run_address>0x328e</run_address>
         <size>0x6</size>
         <input_file_ref idref="fl-116"/>
      </object_component>
      <object_component id="oc-36d">
         <name>.text:USBDevLPMConfig</name>
         <load_address>0x3294</load_address>
         <run_address>0x3294</run_address>
         <size>0x6</size>
         <input_file_ref idref="fl-116"/>
      </object_component>
      <object_component id="oc-13c">
         <name>.text:USBLPMIntStatus</name>
         <load_address>0x329a</load_address>
         <run_address>0x329a</run_address>
         <size>0x6</size>
         <input_file_ref idref="fl-116"/>
      </object_component>
      <object_component id="oc-533">
         <name>.text:iDMAUSBIntStatus</name>
         <load_address>0x32a0</load_address>
         <run_address>0x32a0</run_address>
         <size>0x6</size>
         <input_file_ref idref="fl-2b"/>
      </object_component>
      <object_component id="oc-50f">
         <name>.text:DMAUSBStatus</name>
         <load_address>0x32a6</load_address>
         <run_address>0x32a6</run_address>
         <size>0x4</size>
         <input_file_ref idref="fl-2b"/>
      </object_component>
      <object_component id="oc-476">
         <name>.text:HandleReset</name>
         <load_address>0x32aa</load_address>
         <run_address>0x32aa</run_address>
         <size>0x4</size>
         <input_file_ref idref="fl-28"/>
      </object_component>
      <object_component id="oc-200">
         <name>.text:USBDevAddrSet</name>
         <load_address>0x32ae</load_address>
         <run_address>0x32ae</run_address>
         <size>0x4</size>
         <input_file_ref idref="fl-116"/>
      </object_component>
      <object_component id="oc-ee">
         <name>.text:_system_pre_init</name>
         <load_address>0x32b2</load_address>
         <run_address>0x32b2</run_address>
         <size>0x4</size>
         <input_file_ref idref="fl-f7"/>
      </object_component>
      <object_component id="oc-19e">
         <name>.text:abort:abort</name>
         <load_address>0x32b6</load_address>
         <run_address>0x32b6</run_address>
         <size>0x4</size>
         <input_file_ref idref="fl-f9"/>
      </object_component>
      <object_component id="oc-2d2">
         <name>.const:g_psUSBDStdRequests</name>
         <load_address>0x32bc</load_address>
         <run_address>0x32bc</run_address>
         <size>0x34</size>
         <input_file_ref idref="fl-26"/>
      </object_component>
      <object_component id="oc-3ad">
         <name>.const:.string:mouseReportDescriptor</name>
         <load_address>0x32f0</load_address>
         <run_address>0x32f0</run_address>
         <size>0x32</size>
         <input_file_ref idref="fl-14"/>
      </object_component>
      <object_component id="oc-324">
         <name>.const:g_sHIDHandlers</name>
         <load_address>0x3324</load_address>
         <run_address>0x3324</run_address>
         <size>0x30</size>
         <input_file_ref idref="fl-28"/>
      </object_component>
      <object_component id="oc-3b5">
         <name>.const:.string:mouseManufactureString</name>
         <load_address>0x3354</load_address>
         <run_address>0x3354</run_address>
         <size>0x16</size>
         <input_file_ref idref="fl-14"/>
      </object_component>
      <object_component id="oc-3b8">
         <name>.const:.string:mouseProductString</name>
         <load_address>0x336a</load_address>
         <run_address>0x336a</run_address>
         <size>0x16</size>
         <input_file_ref idref="fl-14"/>
      </object_component>
      <object_component id="oc-701">
         <name>.const:g_pui32Dii16Regs</name>
         <load_address>0x3380</load_address>
         <run_address>0x3380</run_address>
         <size>0x14</size>
         <input_file_ref idref="fl-20"/>
      </object_component>
      <object_component id="oc-568">
         <name>.const:g_pui32EnRegs</name>
         <load_address>0x3394</load_address>
         <run_address>0x3394</run_address>
         <size>0x14</size>
         <input_file_ref idref="fl-20"/>
      </object_component>
      <object_component id="oc-71a">
         <name>.const:.string:mouseHIDDescriptor</name>
         <load_address>0x33a8</load_address>
         <run_address>0x33a8</run_address>
         <size>0x12</size>
         <input_file_ref idref="fl-14"/>
      </object_component>
      <object_component id="oc-3bb">
         <name>.const:.string:mouseSerialString</name>
         <load_address>0x33ba</load_address>
         <run_address>0x33ba</run_address>
         <size>0x12</size>
         <input_file_ref idref="fl-14"/>
      </object_component>
      <object_component id="oc-279">
         <name>.const:mouseStringDescriptorList</name>
         <load_address>0x33cc</load_address>
         <run_address>0x33cc</run_address>
         <size>0x10</size>
         <input_file_ref idref="fl-14"/>
      </object_component>
      <object_component id="oc-112">
         <name>.const:g_ui32UARTInt</name>
         <load_address>0x33dc</load_address>
         <run_address>0x33dc</run_address>
         <size>0xc</size>
         <input_file_ref idref="fl-7"/>
      </object_component>
      <object_component id="oc-715">
         <name>.const:.string:mouseConfigDescriptor</name>
         <load_address>0x33e8</load_address>
         <run_address>0x33e8</run_address>
         <size>0x9</size>
         <input_file_ref idref="fl-14"/>
      </object_component>
      <object_component id="oc-273">
         <name>.const:hidDescriptorList</name>
         <load_address>0x33f1</load_address>
         <run_address>0x33f1</run_address>
         <size>0x9</size>
         <input_file_ref idref="fl-14"/>
      </object_component>
      <object_component id="oc-6c1">
         <name>.const:g_sHIDInEndpointSection</name>
         <load_address>0x33fc</load_address>
         <run_address>0x33fc</run_address>
         <size>0x8</size>
         <input_file_ref idref="fl-14"/>
      </object_component>
      <object_component id="oc-6be">
         <name>.const:g_sHIDInterfaceSection</name>
         <load_address>0x3404</load_address>
         <run_address>0x3404</run_address>
         <size>0x8</size>
         <input_file_ref idref="fl-14"/>
      </object_component>
      <object_component id="oc-3c0">
         <name>.const:mouseConfigHeader</name>
         <load_address>0x340c</load_address>
         <run_address>0x340c</run_address>
         <size>0x8</size>
         <input_file_ref idref="fl-14"/>
      </object_component>
      <object_component id="oc-6bb">
         <name>.const:mouseConfigPartialSection</name>
         <load_address>0x3414</load_address>
         <run_address>0x3414</run_address>
         <size>0x8</size>
         <input_file_ref idref="fl-14"/>
      </object_component>
      <object_component id="oc-71f">
         <name>.const:.string:mouseEndPointDescriptor</name>
         <load_address>0x341c</load_address>
         <run_address>0x341c</run_address>
         <size>0x7</size>
         <input_file_ref idref="fl-14"/>
      </object_component>
      <object_component id="oc-3b2">
         <name>.const:.string:mouseLanguageString</name>
         <load_address>0x3423</load_address>
         <run_address>0x3423</run_address>
         <size>0x4</size>
         <input_file_ref idref="fl-14"/>
      </object_component>
      <object_component id="oc-27c">
         <name>.const:configHeaderList</name>
         <load_address>0x3428</load_address>
         <run_address>0x3428</run_address>
         <size>0x4</size>
         <input_file_ref idref="fl-14"/>
      </object_component>
      <object_component id="oc-276">
         <name>.const:mouseClassDescriptor</name>
         <load_address>0x342c</load_address>
         <run_address>0x342c</run_address>
         <size>0x4</size>
         <input_file_ref idref="fl-14"/>
      </object_component>
      <object_component id="oc-778">
         <name>.cinit..data.load</name>
         <load_address>0x3430</load_address>
         <run_address>0x3430</run_address>
         <size>0x6a</size>
      </object_component>
      <object_component id="oc-776">
         <name>__TI_handler_table</name>
         <load_address>0x349c</load_address>
         <run_address>0x349c</run_address>
         <size>0xc</size>
      </object_component>
      <object_component id="oc-779">
         <name>.cinit..bss.load</name>
         <load_address>0x34a8</load_address>
         <run_address>0x34a8</run_address>
         <size>0x8</size>
      </object_component>
      <object_component id="oc-777">
         <name>__TI_cinit_table</name>
         <load_address>0x34b0</load_address>
         <run_address>0x34b0</run_address>
         <size>0x10</size>
      </object_component>
      <object_component id="oc-ab">
         <name>.data</name>
         <load_address>0x20000ad4</load_address>
         <run_address>0x20000ad4</run_address>
         <size>0x15</size>
         <input_file_ref idref="fl-7"/>
      </object_component>
      <object_component id="oc-57b">
         <name>.data:mouseConfigFullSection</name>
         <load_address>0x20000afc</load_address>
         <run_address>0x20000afc</run_address>
         <size>0xc</size>
         <input_file_ref idref="fl-14"/>
      </object_component>
      <object_component id="oc-264">
         <name>.data:mouseReportIdle</name>
         <load_address>0x20000b20</load_address>
         <run_address>0x20000b20</run_address>
         <size>0x8</size>
         <input_file_ref idref="fl-14"/>
      </object_component>
      <object_component id="oc-199">
         <name>.data:mouseDevice</name>
         <load_address>0x20000a68</load_address>
         <run_address>0x20000a68</run_address>
         <size>0x6c</size>
         <input_file_ref idref="fl-14"/>
      </object_component>
      <object_component id="oc-2fc">
         <name>.data</name>
         <load_address>0x20000b14</load_address>
         <run_address>0x20000b14</run_address>
         <size>0x9</size>
         <input_file_ref idref="fl-24"/>
      </object_component>
      <object_component id="oc-15e">
         <name>.data</name>
         <load_address>0x20000b08</load_address>
         <run_address>0x20000b08</run_address>
         <size>0xc</size>
         <input_file_ref idref="fl-25"/>
      </object_component>
      <object_component id="oc-161">
         <name>.data</name>
         <load_address>0x20000b28</load_address>
         <run_address>0x20000b28</run_address>
         <size>0x8</size>
         <input_file_ref idref="fl-26"/>
      </object_component>
      <object_component id="oc-327">
         <name>.data:g_pui8HIDDeviceDescriptor</name>
         <load_address>0x20000ae9</load_address>
         <run_address>0x20000ae9</run_address>
         <size>0x12</size>
         <input_file_ref idref="fl-28"/>
      </object_component>
      <object_component id="oc-ae">
         <name>.bss</name>
         <uninitialized>true</uninitialized>
         <run_address>0x20000650</run_address>
         <size>0x8</size>
         <input_file_ref idref="fl-7"/>
      </object_component>
      <object_component id="oc-115">
         <name>.bss:g_pcUARTTxBuffer</name>
         <uninitialized>true</uninitialized>
         <run_address>0x20000000</run_address>
         <size>0x400</size>
         <input_file_ref idref="fl-7"/>
      </object_component>
      <object_component id="oc-b1">
         <name>.bss:g_pcUARTRxBuffer</name>
         <uninitialized>true</uninitialized>
         <run_address>0x20000510</run_address>
         <size>0x80</size>
         <input_file_ref idref="fl-7"/>
      </object_component>
      <object_component id="oc-2ff">
         <name>.bss</name>
         <uninitialized>true</uninitialized>
         <run_address>0x2000065c</run_address>
         <size>0x4</size>
         <input_file_ref idref="fl-24"/>
      </object_component>
      <object_component id="oc-2cf">
         <name>.bss:g_pui8DataBufferIn</name>
         <uninitialized>true</uninitialized>
         <run_address>0x200005e0</run_address>
         <size>0x40</size>
         <input_file_ref idref="fl-26"/>
      </object_component>
      <object_component id="oc-397">
         <name>.bss</name>
         <uninitialized>true</uninitialized>
         <run_address>0x20000658</run_address>
         <size>0x4</size>
         <input_file_ref idref="fl-26"/>
      </object_component>
      <object_component id="oc-4ca">
         <name>.bss:g_psUSBDMAInst</name>
         <uninitialized>true</uninitialized>
         <run_address>0x20000400</run_address>
         <size>0x110</size>
         <input_file_ref idref="fl-2b"/>
      </object_component>
      <object_component id="oc-1ec">
         <name>.common:g_pfnTickHandlers</name>
         <uninitialized>true</uninitialized>
         <run_address>0x20000620</run_address>
         <size>0x18</size>
      </object_component>
      <object_component id="oc-1ef">
         <name>.common:g_pvTickInstance</name>
         <uninitialized>true</uninitialized>
         <run_address>0x20000638</run_address>
         <size>0x18</size>
      </object_component>
      <object_component id="oc-15d">
         <name>.common:g_psDCDInst</name>
         <uninitialized>true</uninitialized>
         <run_address>0x20000590</run_address>
         <size>0x50</size>
      </object_component>
      <object_component id="oc-15a">
         <name>.common:g_ppsDevInfo</name>
[...]
         <value>0x20000a68</value>
         <object_component_ref idref="oc-199"/>
      </symbol>
      <symbol id="sm-238">
         <name>mouseReportIdle</name>
         <value>0x20000b20</value>
         <object_component_ref idref="oc-264"/>
      </symbol>
      <symbol id="sm-283">
         <name>IntIsEnabled</name>
         <value>0x1d25</value>
         <object_component_ref idref="oc-633"/>
      </symbol>
      <symbol id="sm-284">
         <name>IntEnable</name>
         <value>0x1bf1</value>
         <object_component_ref idref="oc-391"/>
      </symbol>
      <symbol id="sm-285">
         <name>IntDisable</name>
         <value>0x1b89</value>
         <object_component_ref idref="oc-639"/>
      </symbol>
      <symbol id="sm-2ba">
         <name>SysCtlPeripheralEnable</name>
         <value>0x2999</value>
         <object_component_ref idref="oc-337"/>
      </symbol>
      <symbol id="sm-2bb">
         <name>SysCtlUSBPLLEnable</name>
         <value>0x30a1</value>
         <object_component_ref idref="oc-33d"/>
      </symbol>
      <symbol id="sm-2bc">
         <name>SysCtlPeripheralReady</name>
         <value>0x27e5</value>
         <object_component_ref idref="oc-175"/>
      </symbol>
      <symbol id="sm-2bd">
         <name>SysCtlPeripheralReset</name>
         <value>0x20c5</value>
         <object_component_ref idref="oc-331"/>
      </symbol>
      <symbol id="sm-302">
         <name>g_iUSBMode</name>
         <value>0x20000b14</value>
         <object_component_ref idref="oc-2fc"/>
      </symbol>
      <symbol id="sm-303">
         <name>USBStackModeSet</name>
         <value>0x2e31</value>
         <object_component_ref idref="oc-238"/>
      </symbol>
      <symbol id="sm-304">
         <name>g_ui32WaitTicks</name>
         <value>0x20000b18</value>
         <object_component_ref idref="oc-2fc"/>
      </symbol>
      <symbol id="sm-33c">
         <name>g_pfnTickHandlers</name>
         <value>0x20000620</value>
      </symbol>
      <symbol id="sm-33d">
         <name>g_pvTickInstance</name>
         <value>0x20000638</value>
      </symbol>
      <symbol id="sm-33e">
         <name>g_ui32USBSOFCount</name>
         <value>0x20000b10</value>
         <object_component_ref idref="oc-15e"/>
      </symbol>
      <symbol id="sm-33f">
         <name>g_bUSBTimerInitialized</name>
         <value>0x20000b08</value>
         <object_component_ref idref="oc-15e"/>
      </symbol>
      <symbol id="sm-340">
         <name>g_ui32CurrentUSBTick</name>
         <value>0x20000b0c</value>
         <object_component_ref idref="oc-15e"/>
      </symbol>
      <symbol id="sm-341">
         <name>InternalUSBStartOfFrameTick</name>
         <value>0x2775</value>
         <object_component_ref idref="oc-136"/>
      </symbol>
      <symbol id="sm-342">
         <name>InternalUSBRegisterTickHandler</name>
         <value>0x273d</value>
         <object_component_ref idref="oc-31e"/>
      </symbol>
      <symbol id="sm-343">
         <name>InternalUSBTickInit</name>
         <value>0x2b61</value>
         <object_component_ref idref="oc-318"/>
      </symbol>
      <symbol id="sm-4de">
         <name>g_psDCDInst</name>
         <value>0x20000590</value>
      </symbol>
      <symbol id="sm-4df">
         <name>g_ppsDevInfo</name>
         <value>0x20000660</value>
      </symbol>
      <symbol id="sm-4e0">
         <name>USBDCDSendDataEP0</name>
         <value>0x30c9</value>
         <object_component_ref idref="oc-5d4"/>
      </symbol>
      <symbol id="sm-4e1">
         <name>USBDCDStallEP0</name>
         <value>0x2f71</value>
         <object_component_ref idref="oc-2c9"/>
      </symbol>
      <symbol id="sm-4e2">
         <name>USBDCDRequestDataEP0</name>
         <value>0x30b5</value>
         <object_component_ref idref="oc-5db"/>
      </symbol>
      <symbol id="sm-4e3">
         <name>USBDeviceEnumHandler</name>
         <value>0x104d</value>
         <object_component_ref idref="oc-14e"/>
      </symbol>
      <symbol id="sm-4e4">
         <name>USBDCDInit</name>
         <value>0x559</value>
         <object_component_ref idref="oc-24d"/>
      </symbol>
      <symbol id="sm-4e5">
         <name>USBDeviceEnumResetHandler</name>
         <value>0x24e9</value>
         <object_component_ref idref="oc-12a"/>
      </symbol>
      <symbol id="sm-4e6">
         <name>USBDCDDeviceInfoInit</name>
         <value>0x24a1</value>
         <object_component_ref idref="oc-30c"/>
      </symbol>
      <symbol id="sm-4e7">
         <name>USBDeviceIntHandlerInternal</name>
         <value>0x7f9</value>
         <object_component_ref idref="oc-c5"/>
      </symbol>
      <symbol id="sm-4e8">
         <name>USBDeviceResumeTickHandler</name>
         <value>0x2165</value>
         <object_component_ref idref="oc-130"/>
      </symbol>
      <symbol id="sm-4f4">
         <name>USB0DeviceIntHandler</name>
         <value>0x3011</value>
         <object_component_ref idref="oc-45"/>
      </symbol>
      <symbol id="sm-635">
         <name>USBDHIDInit</name>
         <value>0x2dc1</value>
         <object_component_ref idref="oc-187"/>
      </symbol>
      <symbol id="sm-636">
         <name>USBDHIDReportWrite</name>
         <value>0x232f</value>
         <object_component_ref idref="oc-193"/>
      </symbol>
      <symbol id="sm-637">
         <name>g_sHIDHandlers</name>
         <value>0x3324</value>
         <object_component_ref idref="oc-324"/>
      </symbol>
      <symbol id="sm-638">
         <name>USBDHIDCompositeInit</name>
         <value>0xf6d</value>
         <object_component_ref idref="oc-247"/>
      </symbol>
      <symbol id="sm-639">
         <name>g_pui8HIDDeviceDescriptor</name>
         <value>0x20000ae9</value>
         <object_component_ref idref="oc-327"/>
      </symbol>
      <symbol id="sm-65d">
         <name>USBDescGet</name>
         <value>0x2c49</value>
         <object_component_ref idref="oc-6ea"/>
      </symbol>
      <symbol id="sm-65e">
         <name>USBDescGetNum</name>
         <value>0x2ccb</value>
         <object_component_ref idref="oc-6e2"/>
      </symbol>
      <symbol id="sm-7a3">
         <name>USBLibDMAInit</name>
         <value>0x3f5</value>
         <object_component_ref idref="oc-379"/>
      </symbol>
      <symbol id="sm-7b0">
         <name>ULPIConfigSet</name>
         <value>0x2071</value>
         <object_component_ref idref="oc-34f"/>
      </symbol>
      <symbol id="sm-800">
         <name>USBDCDConfigDescGet</name>
         <value>0x2115</value>
         <object_component_ref idref="oc-5c0"/>
      </symbol>
      <symbol id="sm-801">
         <name>USBDCDConfigGetInterface</name>
         <value>0x2f55</value>
         <object_component_ref idref="oc-447"/>
      </symbol>
      <symbol id="sm-802">
         <name>USBDCDConfigDescGetSize</name>
         <value>0x2fc3</value>
         <object_component_ref idref="oc-2d6"/>
      </symbol>
      <symbol id="sm-803">
         <name>USBDCDConfigGetInterfaceEndpoint</name>
         <value>0x281d</value>
         <object_component_ref idref="oc-306"/>
      </symbol>
      <symbol id="sm-804">
         <name>USBDCDConfigDescGetNum</name>
         <value>0x2c1d</value>
         <object_component_ref idref="oc-5ab"/>
      </symbol>
      <symbol id="sm-851">
         <name>USBDeviceConfigAlternate</name>
         <value>0x15c5</value>
         <object_component_ref idref="oc-5b1"/>
      </symbol>
      <symbol id="sm-852">
         <name>USBDeviceConfig</name>
         <value>0x949</value>
         <object_component_ref idref="oc-5a3"/>
      </symbol>
      <symbol id="sm-862">
         <name>__aeabi_memset</name>
         <value>0x18d5</value>
         <object_component_ref idref="oc-e8"/>
      </symbol>
      <symbol id="sm-863">
         <name>memset</name>
         <value>0x18db</value>
         <object_component_ref idref="oc-e8"/>
      </symbol>
      <symbol id="sm-864">
         <name>__aeabi_memset8</name>
         <value>0x18d5</value>
         <object_component_ref idref="oc-e8"/>
      </symbol>
      <symbol id="sm-865">
         <name>__aeabi_memset4</name>
         <value>0x18d5</value>
         <object_component_ref idref="oc-e8"/>
      </symbol>
      <symbol id="sm-866">
         <name>__aeabi_memclr8</name>
         <value>0x18d3</value>
         <object_component_ref idref="oc-e8"/>
      </symbol>
      <symbol id="sm-867">
         <name>__aeabi_memclr4</name>
         <value>0x18d3</value>
         <object_component_ref idref="oc-e8"/>
      </symbol>
      <symbol id="sm-868">
         <name>__aeabi_memclr</name>
         <value>0x18d3</value>
         <object_component_ref idref="oc-e8"/>
      </symbol>
      <symbol id="sm-87c">
         <name>__TI_zero_init</name>
         <value>0x320f</value>
         <object_component_ref idref="oc-6b"/>
      </symbol>
      <symbol id="sm-893">
         <name>__TI_decompress_none</name>
         <value>0x31e9</value>
         <object_component_ref idref="oc-18"/>
      </symbol>
      <symbol id="sm-8b6">
         <name>__TI_decompress_lzss</name>
         <value>0x1c59</value>
         <object_component_ref idref="oc-12"/>
      </symbol>
      <symbol id="sm-8d1">
         <name>__stack</name>
         <value>0x20000668</value>
         <object_component_ref idref="oc-21"/>
      </symbol>
      <symbol id="sm-8d2">
         <name>_c_int00_noargs</name>
         <value>0x288d</value>
         <object_component_ref idref="oc-77"/>
      </symbol>
      <symbol id="sm-8ee">
         <name>memcpy</name>
         <value>0x136d</value>
         <object_component_ref idref="oc-59"/>
      </symbol>
      <symbol id="sm-8ef">
         <name>__aeabi_memcpy</name>
         <value>0x136d</value>
         <object_component_ref idref="oc-59"/>
      </symbol>
      <symbol id="sm-8f0">
         <name>__aeabi_memcpy8</name>
         <value>0x136d</value>
         <object_component_ref idref="oc-59"/>
      </symbol>
      <symbol id="sm-8f1">
         <name>__aeabi_memcpy4</name>
         <value>0x136d</value>
         <object_component_ref idref="oc-59"/>
      </symbol>
      <symbol id="sm-919">
         <name>__TI_auto_init_nobinit_nopinit</name>
         <value>0x2605</value>
         <object_component_ref idref="oc-1aa"/>
      </symbol>
      <symbol id="sm-923">
         <name>_system_pre_init</name>
         <value>0x32b3</value>
         <object_component_ref idref="oc-ee"/>
      </symbol>
      <symbol id="sm-92f">
         <name>C$$EXIT</name>
         <value>0x32b7</value>
         <object_component_ref idref="oc-19e"/>
      </symbol>
      <symbol id="sm-930">
         <name>abort</name>
         <value>0x32b7</value>
         <object_component_ref idref="oc-19e"/>
      </symbol>
      <symbol id="sm-954">
         <name>_sys_memory</name>
         <value>0x20000b30</value>
         <object_component_ref idref="oc-24"/>
      </symbol>
      <symbol id="sm-9ab">
         <name>uDMAChannelControlSet</name>
         <value>0x2e55</value>
         <object_component_ref idref="oc-612"/>
      </symbol>
      <symbol id="sm-9ac">
         <name>uDMAChannelDisable</name>
         <value>0x3059</value>
         <object_component_ref idref="oc-62c"/>
      </symbol>
      <symbol id="sm-9ad">
         <name>uDMAChannelModeGet</name>
         <value>0x2d99</value>
         <object_component_ref idref="oc-651"/>
      </symbol>
      <symbol id="sm-9ae">
         <name>uDMAChannelTransferSet</name>
         <value>0x17dd</value>
         <object_component_ref idref="oc-660"/>
      </symbol>
      <symbol id="sm-9af">
         <name>uDMAChannelAttributeDisable</name>
         <value>0x2531</value>
         <object_component_ref idref="oc-61f"/>
      </symbol>
      <symbol id="sm-9b0">
         <name>uDMAChannelEnable</name>
         <value>0x3071</value>
         <object_component_ref idref="oc-645"/>
      </symbol>
      <symbol id="sm-b5f">
         <name>USBLPMIntEnable</name>
         <value>0x3203</value>
         <object_component_ref idref="oc-373"/>
      </symbol>
      <symbol id="sm-b60">
         <name>USBEndpointDataAvail</name>
         <value>0x2f8d</value>
         <object_component_ref idref="oc-4a4"/>
      </symbol>
      <symbol id="sm-b61">
         <name>USBClockEnable</name>
         <value>0x321b</value>
         <object_component_ref idref="oc-343"/>
      </symbol>
      <symbol id="sm-b62">
         <name>USBDevDisconnect</name>
         <value>0x324d</value>
         <object_component_ref idref="oc-154"/>
      </symbol>
      <symbol id="sm-b63">
         <name>USBDevEndpointStallClear</name>
         <value>0x2379</value>
         <object_component_ref idref="oc-591"/>
      </symbol>
      <symbol id="sm-b64">
         <name>USBEndpointDataPut</name>
         <value>0x28fb</value>
         <object_component_ref idref="oc-2dc"/>
      </symbol>
      <symbol id="sm-b65">
         <name>USBDMAChannelIntStatus</name>
         <value>0x328f</value>
         <object_component_ref idref="oc-683"/>
      </symbol>
      <symbol id="sm-b66">
         <name>USBDevAddrSet</name>
         <value>0x32af</value>
         <object_component_ref idref="oc-200"/>
      </symbol>
      <symbol id="sm-b67">
         <name>USBDMAChannelCountSet</name>
         <value>0x3239</value>
         <object_component_ref idref="oc-69e"/>
      </symbol>
      <symbol id="sm-b68">
         <name>USBLPMIntStatus</name>
         <value>0x329b</value>
         <object_component_ref idref="oc-13c"/>
      </symbol>
      <symbol id="sm-b69">
         <name>USBDMAChannelAddressSet</name>
         <value>0x322f</value>
         <object_component_ref idref="oc-698"/>
      </symbol>
      <symbol id="sm-b6a">
         <name>USBULPIDisable</name>
         <value>0x31cd</value>
         <object_component_ref idref="oc-355"/>
      </symbol>
      <symbol id="sm-b6b">
         <name>USBIntStatusControl</name>
         <value>0x2855</value>
         <object_component_ref idref="oc-bf"/>
      </symbol>
      <symbol id="sm-b6c">
         <name>USBEndpointDMADisable</name>
         <value>0x2de7</value>
         <object_component_ref idref="oc-625"/>
      </symbol>
      <symbol id="sm-b6d">
         <name>USBDevEndpointDataAck</name>
         <value>0x2cf5</value>
         <object_component_ref idref="oc-20c"/>
      </symbol>
      <symbol id="sm-b6e">
         <name>USBOTGMode</name>
         <value>0x3271</value>
         <object_component_ref idref="oc-35b"/>
      </symbol>
      <symbol id="sm-b6f">
         <name>USBDMAChannelConfigSet</name>
         <value>0x30dd</value>
         <object_component_ref idref="oc-6a4"/>
      </symbol>
      <symbol id="sm-b70">
         <name>USBULPIRegRead</name>
         <value>0x2efd</value>
         <object_component_ref idref="oc-4b0"/>
      </symbol>
      <symbol id="sm-b71">
         <name>USBDevMode</name>
         <value>0x3261</value>
         <object_component_ref idref="oc-361"/>
      </symbol>
      <symbol id="sm-b72">
         <name>USBIntEnableEndpoint</name>
         <value>0x3089</value>
         <object_component_ref idref="oc-385"/>
      </symbol>
      <symbol id="sm-b73">
         <name>USBEndpointDataGet</name>
         <value>0x2579</value>
         <object_component_ref idref="oc-206"/>
      </symbol>
      <symbol id="sm-b74">
         <name>USBDevEndpointStatusClear</name>
         <value>0x1f0d</value>
         <object_component_ref idref="oc-1fa"/>
      </symbol>
      <symbol id="sm-b75">
         <name>USBULPIEnable</name>
         <value>0x31db</value>
         <object_component_ref idref="oc-349"/>
      </symbol>
      <symbol id="sm-b76">
         <name>USBFIFOAddrGet</name>
         <value>0x3269</value>
         <object_component_ref idref="oc-65a"/>
      </symbol>
      <symbol id="sm-b77">
         <name>USBDMAChannelStatus</name>
         <value>0x31a3</value>
         <object_component_ref idref="oc-67c"/>
      </symbol>
      <symbol id="sm-b78">
         <name>USBULPIRegWrite</name>
         <value>0x2f1b</value>
         <object_component_ref idref="oc-4b6"/>
      </symbol>
      <symbol id="sm-b79">
         <name>USBDMAChannelIntEnable</name>
         <value>0x3173</value>
         <object_component_ref idref="oc-68a"/>
      </symbol>
      <symbol id="sm-b7a">
         <name>USBDevLPMConfig</name>
         <value>0x3295</value>
         <object_component_ref idref="oc-36d"/>
      </symbol>
      <symbol id="sm-b7b">
         <name>USBDevLPMEnable</name>
         <value>0x31bf</value>
         <object_component_ref idref="oc-142"/>
      </symbol>
      <symbol id="sm-b7c">
         <name>USBControllerVersion</name>
         <value>0x3225</value>
         <object_component_ref idref="oc-4c4"/>
      </symbol>
      <symbol id="sm-b7d">
         <name>USBFIFOConfigSet</name>
         <value>0x2701</value>
         <object_component_ref idref="oc-6da"/>
      </symbol>
      <symbol id="sm-b7e">
         <name>USBEndpointDMAEnable</name>
         <value>0x2e0b</value>
         <object_component_ref idref="oc-63f"/>
      </symbol>
      <symbol id="sm-b7f">
         <name>USBDevLPMDisable</name>
         <value>0x31b1</value>
         <object_component_ref idref="oc-367"/>
      </symbol>
      <symbol id="sm-b80">
         <name>USBEndpointDataSend</name>
         <value>0x29cd</value>
         <object_component_ref idref="oc-2e2"/>
      </symbol>
      <symbol id="sm-b81">
         <name>USBIntStatusEndpoint</name>
         <value>0x3257</value>
         <object_component_ref idref="oc-148"/>
      </symbol>
      <symbol id="sm-b82">
         <name>USBEndpointStatus</name>
         <value>0x3185</value>
         <object_component_ref idref="oc-1f4"/>
      </symbol>
      <symbol id="sm-b83">
         <name>USBEndpointPacketCountSet</name>
         <value>0x31f7</value>
         <object_component_ref idref="oc-666"/>
      </symbol>
      <symbol id="sm-b84">
         <name>USBDMAChannelIntDisable</name>
         <value>0x3161</value>
         <object_component_ref idref="oc-691"/>
      </symbol>
      <symbol id="sm-b85">
         <name>USBEndpointDMAConfigSet</name>
         <value>0x224d</value>
         <object_component_ref idref="oc-66c"/>
      </symbol>
      <symbol id="sm-b86">
         <name>USBDevEndpointStall</name>
         <value>0x2acd</value>
         <object_component_ref idref="oc-3e6"/>
      </symbol>
      <symbol id="sm-b87">
         <name>USBDevConnect</name>
         <value>0x3243</value>
         <object_component_ref idref="oc-38b"/>
      </symbol>
      <symbol id="sm-b88">
         <name>USBDevEndpointConfigSet</name>
         <value>0x1859</value>
         <object_component_ref idref="oc-6ce"/>
      </symbol>
      <symbol id="sm-b89">
         <name>USBDMAChannelDisable</name>
         <value>0x313d</value>
         <object_component_ref idref="oc-675"/>
      </symbol>
      <symbol id="sm-b8a">
         <name>USBDMAChannelEnable</name>
         <value>0x314f</value>
         <object_component_ref idref="oc-6aa"/>
      </symbol>
      <symbol id="sm-b8b">
         <name>USBHostResume</name>
         <value>0x30f1</value>
         <object_component_ref idref="oc-1e5"/>
      </symbol>
      <symbol id="sm-b8c">
         <name>USBIntEnableControl</name>
         <value>0x2d71</value>
         <object_component_ref idref="oc-37f"/>
      </symbol>
      <symbol id="sm-b8d">
         <name>USBEndpointDMAChannel</name>
         <value>0x2fdd</value>
         <object_component_ref idref="oc-619"/>
      </symbol>
      <symbol id="sm-b8e">
         <name>__TI_static_base__</name>
         <value>0x0</value>
      </symbol>
      <symbol id="sm-b91">
         <name>__mpu_init</name>
         <value>0x0</value>
      </symbol>
      <symbol id="sm-b92">
         <name>_system_post_cinit</name>
         <value>0x0</value>
      </symbol>
   </symbol_table>
   <title>Link successful</title>
</link_info>
