******************************************************************************
                  TI ARM Linker Unix v18.1.3                   
******************************************************************************
>> Linked Sat Oct  6 01:54:43 2018

OUTPUT FILE NAME:   <usb_dev_gamepad.out>
ENTRY POINT SYMBOL: "_c_int00_noargs"  address: 000028ad


MEMORY CONFIGURATION

         name            origin    length      used     unused   attr    fill
----------------------  --------  ---------  --------  --------  ----  --------
  FLASH                 00000000   00040000  000034ae  0003cb52  R  X
  SRAM                  20000000   00008000  00000b34  000074cc  RW X


SEGMENT ALLOCATION MAP

run origin  load origin   length   init length attrs members
----------  ----------- ---------- ----------- ----- -------
00000000    00000000    000034b0   000034b0    r-x
  00000000    00000000    0000026c   0000026c    r-- .intvecs
  0000026c    0000026c    0000303e   0000303e    r-x .text
  000032ac    000032ac    00000174   00000174    r-- .const
  00003420    00003420    00000090   00000090    r-- .cinit
20000000    20000000    00000b38   00000000    rw-
  20000000    20000000    00000664   00000000    rw- .bss
  20000668    20000668    00000400   00000000    rw- .stack
  20000a68    20000a68    000000c8   00000000    rw- .data
  20000b30    20000b30    00000008   00000000    rw- .sysmem


SECTION ALLOCATION MAP

 output                                  attributes/
section   page    origin      length       input sections
--------  ----  ----------  ----------   ----------------
.intvecs   0    00000000    0000026c     
                  00000000    0000026c     startup_ccs.obj (.intvecs)

.text      0    0000026c    0000303e     
                  0000026c    00000188     uartstdio.obj (.text:UARTStdioIntHandler)
                  000003f4    00000164     usblib.lib : usbdma.obj (.text:USBLibDMAInit)
                  00000558    00000150                : usbdenum.obj (.text:USBDCDInit)
                  000006a8    00000150                : usbdenum.obj (.text:USBDEP0StateTxConfig)
                  000007f8    00000150                : usbdenum.obj (.text:USBDeviceIntHandlerInternal)
                  00000948    00000148                : usbdconfig.obj (.text:USBDeviceConfig)
                  00000a90    00000114                : usbdhid.obj (.text:HandleRequest)
                  00000ba4    000000f4                : usbdma.obj (.text:iDMAUSBTransfer)
                  00000c98    000000ec     mouse.obj (.text:mouseRxCallBack)
                  00000d84    000000e4     usblib.lib : usbdenum.obj (.text:USBDGetDescriptor)
                  00000e68    000000e0                : usbdhid.obj (.text:USBDHIDCompositeInit)
                  00000f48    000000d8                : usbdenum.obj (.text:USBDeviceEnumHandler)
                  00001020    000000d0                : usbdma.obj (.text:uDMAUSBChannelAllocate)
                  000010f0    000000bc     uartstdio.obj (.text:UARTwrite)
                  000011ac    000000bc     usblib.lib : usbdma.obj (.text:uDMAUSBTransfer)
                  00001268    000000b0     mouse.obj (.text:mouseInit)
                  00001318    0000009c     rtsv7M4_T_le_v4SPD16_eabi.lib : memcpy_t2.asm.obj (.text)
                  000013b4    00000098     usblib.lib : usbdenum.obj (.text:USBDSetInterface)
                  0000144c    00000094     uartstdio.obj (.text:UARTPrimeTransmit)
                  000014e0    00000090     usblib.lib : usbdenum.obj (.text:USBDSetConfiguration)
                  00001570    0000008c                : usbdconfig.obj (.text:USBDeviceConfigAlternate)
                  000015fc    00000088                : usbdhid.obj (.text:ProcessIdleTimers)
                  00001684    00000088                : usbdma.obj (.text:iDMAUSBChannelAllocate)
                  0000170c    0000007c                : usbdenum.obj (.text:USBDClearFeature)
                  00001788    0000007c     driverlib.lib : udma.obj (.text:uDMAChannelTransferSet)
                  00001804    0000007a                   : usb.obj (.text:USBDevEndpointConfigSet)
                  0000187e    0000007a     rtsv7M4_T_le_v4SPD16_eabi.lib : memset_t2.asm.obj (.text)
                  000018f8    00000078     usblib.lib : usbdenum.obj (.text:USBDGetStatus)
                  00001970    00000074     main.obj (.text:main)
                  000019e4    00000072     usblib.lib : usbdma.obj (.text:uDMAUSBUnitSizeSet)
                  00001a56    00000002     startup_ccs.obj (.text:FaultISR)
                  00001a58    00000070     usblib.lib : usbdenum.obj (.text:USBDEP0StateTx)
                  00001ac8    00000070                : usbdenum.obj (.text:USBDSetFeature)
                  00001b38    00000070                : usbdma.obj (.text:uDMAUSBArbSizeSet)
                  00001ba8    00000068     driverlib.lib : interrupt.obj (.text:IntDisable)
                  00001c10    00000068                   : interrupt.obj (.text:IntEnable)
                  00001c78    00000068     rtsv7M4_T_le_v4SPD16_eabi.lib : copy_decompress_lzss.c.obj (.text:decompress:lzss:__TI_decompress_lzss)
                  00001ce0    00000064     usblib.lib : usbdhid.obj (.text:HandleGetDescriptor)
                  00001d44    00000064     driverlib.lib : interrupt.obj (.text:IntIsEnabled)
                  00001da8    00000064     usblib.lib : usbdma.obj (.text:uDMAUSBChannelEnable)
                  00001e0c    00000060                : usbdhid.obj (.text:HandleDevice)
                  00001e6c    00000060                : usbdhid.obj (.text:ProcessDataFromHost)
                  00001ecc    00000060                : usbdenum.obj (.text:USBDReadAndDispatchRequest)
                  00001f2c    0000005e     driverlib.lib : usb.obj (.text:USBDevEndpointStatusClear)
                  00001f8a    0000005c     usblib.lib : usbdhid.obj (.text:FindHIDDescriptor)
                  00001fe6    00000056                : usbdma.obj (.text:uDMAUSBChannelRelease)
                  0000203c    00000054                : usbdhid.obj (.text:ProcessDataToHost)
                  00002090    00000052                : usbulpi.obj (.text:ULPIConfigSet)
                  000020e2    00000002     startup_ccs.obj (.text:IntDefaultHandler)
                  000020e4    00000050     driverlib.lib : sysctl.obj (.text:SysCtlPeripheralReset)
                  00002134    00000050     usblib.lib : usbdcdesc.obj (.text:USBDCDConfigDescGet)
                  00002184    00000050                : usbdenum.obj (.text:USBDeviceResumeTickHandler)
                  000021d4    0000004c                : usbdconfig.obj (.text:GetEPDescriptorType)
                  00002220    0000004c                : usbdenum.obj (.text:USBDStringIndexFromRequest)
                  0000226c    0000004c     driverlib.lib : usb.obj (.text:USBEndpointDMAConfigSet)
                  000022b8    0000004c     usblib.lib : usbdma.obj (.text:iDMAUSBChannelEnable)
                  00002304    0000004a                : usbdcdesc.obj (.text:ConfigAlternateInterfaceGet)
                  0000234e    0000004a                : usbdhid.obj (.text:USBDHIDReportWrite)
                  00002398    0000004a     driverlib.lib : usb.obj (.text:USBDevEndpointStallClear)
                  000023e2    00000002     startup_ccs.obj (.text:NmiSR)
                  000023e4    0000004a     mouse.obj (.text:mouseTxCallBack)
                  0000242e    0000004a     usblib.lib : usbdma.obj (.text:uDMAUSBChannelDisable)
                  00002478    00000048                : usbdhid.obj (.text:SetIdleTimeout)
                  000024c0    00000048                : usbdenum.obj (.text:USBDCDDeviceInfoInit)
                  00002508    00000048                : usbdenum.obj (.text:USBDeviceEnumResetHandler)
                  00002550    00000048     driverlib.lib : udma.obj (.text:uDMAChannelAttributeDisable)
                  00002598    00000046                   : usb.obj (.text:USBEndpointDataGet)
                  000025de    00000002     usblib.lib : usbdma.obj (.text:iDMAUSBArbSizeSet)
                  000025e0    00000044                : usbdenum.obj (.text:USBDGetInterface)
                  00002624    00000044     rtsv7M4_T_le_v4SPD16_eabi.lib : autoinit.c.obj (.text:__TI_auto_init_nobinit_nopinit:__TI_auto_init_nobinit_nopinit)
                  00002668    00000040     usblib.lib : usbdhid.obj (.text:ScheduleReportTransmission)
                  000026a8    0000003c     uartstdio.obj (.text:IsBufferFull)
                  000026e4    0000003c     usblib.lib : usbdma.obj (.text:iDMAUSBChannelRelease)
                  00002720    0000003a     driverlib.lib : usb.obj (.text:USBFIFOConfigSet)
                  0000275a    00000002     usblib.lib : usbdma.obj (.text:iDMAUSBUnitSizeSet)
                  0000275c    00000038                : usbtick.obj (.text:InternalUSBRegisterTickHandler)
                  00002794    00000038                : usbtick.obj (.text:InternalUSBStartOfFrameTick)
                  000027cc    00000038     swo_segger.obj (.text:SWO_PrintChar)
                  00002804    00000038     driverlib.lib : sysctl.obj (.text:SysCtlPeripheralReady)
                  0000283c    00000038     usblib.lib : usbdcdesc.obj (.text:USBDCDConfigGetInterfaceEndpoint)
                  00002874    00000038     driverlib.lib : usb.obj (.text:USBIntStatusControl)
                  000028ac    00000038     rtsv7M4_T_le_v4SPD16_eabi.lib : boot_cortex_m.c.obj (.text:_c_int00_noargs:_c_int00_noargs)
                  000028e4    00000036     usblib.lib : usbdhid.obj (.text:HandleEndpoints)
                  0000291a    00000036     driverlib.lib : usb.obj (.text:USBEndpointDataPut)
                  00002950    00000034     usblib.lib : usbdhid.obj (.text:HIDTickHandler)
                  00002984    00000034                : usbdcdesc.obj (.text:NextConfigDescGet)
                  000029b8    00000034     driverlib.lib : sysctl.obj (.text:SysCtlPeripheralEnable)
                  000029ec    00000034                   : usb.obj (.text:USBEndpointDataSend)
                  00002a20    00000034     usblib.lib : usbdma.obj (.text:iDMAUSBChannelStatus)
                  00002a54    00000034     mouse.obj (.text:makeHidReport)
                  00002a88    00000032     usblib.lib : usbdhid.obj (.text:ClearReportTimer)
                  00002aba    00000032                : usbdhid.obj (.text:HandleConfigChange)
                  00002aec    00000032     driverlib.lib : usb.obj (.text:USBDevEndpointStall)
                  00002b1e    00000032     usblib.lib : usbdma.obj (.text:iDMAUSBChannelDisable)
                  00002b50    00000030                : usbdma.obj (.text:DMAUSBIntHandler)
                  00002b80    00000030                : usbtick.obj (.text:InternalUSBTickInit)
                  00002bb0    00000030                : usbdenum.obj (.text:USBDGetConfiguration)
                  00002be0    0000002c     uartstdio.obj (.text:IsBufferEmpty)
                  00002c0c    0000002c     usblib.lib : usbdcdesc.obj (.text:USBDCDConfigDescGetNum)
                  00002c38    0000002c                : usbdesc.obj (.text:USBDescGet)
                  00002c64    0000002c                : usbdma.obj (.text:uDMAUSBIntStatus)
                  00002c90    0000002a                : usbdhid.obj (.text:GetIdleTimeout)
                  00002cba    0000002a                : usbdesc.obj (.text:USBDescGetNum)
                  00002ce4    0000002a     driverlib.lib : usb.obj (.text:USBDevEndpointDataAck)
                  00002d0e    00000028     usblib.lib : usbdhid.obj (.text:HandleEP0DataReceived)
                  00002d36    00000002                : usbdma.obj (.text:uDMAUSBChannelIntDisable)
                  00002d38    00000028                : usbdenum.obj (.text:USBDSetAddress)
                  00002d60    00000028     driverlib.lib : usb.obj (.text:USBIntEnableControl)
                  00002d88    00000028                   : udma.obj (.text:uDMAChannelModeGet)
                  00002db0    00000026     usblib.lib : usbdhid.obj (.text:USBDHIDInit)
                  00002dd6    00000024     driverlib.lib : usb.obj (.text:USBEndpointDMADisable)
                  00002dfa    00000024                   : usb.obj (.text:USBEndpointDMAEnable)
                  00002e1e    00000002     usblib.lib : usbdma.obj (.text:uDMAUSBChannelIntEnable)
                  00002e20    00000024                : usbmode.obj (.text:USBStackModeSet)
                  00002e44    00000024     driverlib.lib : udma.obj (.text:uDMAChannelControlSet)
                  00002e68    00000022     usblib.lib : usbdhid.obj (.text:HandleDisconnect)
                  00002e8a    00000022                : usbdma.obj (.text:uDMAUSBChannelStatus)
                  00002eac    00000020                : usbdconfig.obj (.text:GetEndpointFIFOSize)
                  00002ecc    00000020                : usbdhid.obj (.text:HandleEP0DataSent)
                  00002eec    0000001e     driverlib.lib : usb.obj (.text:USBULPIRegRead)
                  00002f0a    0000001e                   : usb.obj (.text:USBULPIRegWrite)
                  00002f28    0000001c     swo_segger.obj (.text:SWO_PrintString)
                  00002f44    0000001c     usblib.lib : usbdcdesc.obj (.text:USBDCDConfigGetInterface)
                  00002f60    0000001c                : usbdenum.obj (.text:USBDCDStallEP0)
                  00002f7c    0000001c     driverlib.lib : usb.obj (.text:USBEndpointDataAvail)
                  00002f98    0000001a     usblib.lib : usbdhid.obj (.text:ClearIdleTimers)
                  00002fb2    0000001a                : usbdcdesc.obj (.text:USBDCDConfigDescGetSize)
                  00002fcc    0000001a     driverlib.lib : usb.obj (.text:USBEndpointDMAChannel)
                  00002fe6    00000018     usblib.lib : usbdhid.obj (.text:SetDeferredOpFlag)
                  00002ffe    00000002     --HOLE-- [fill = 0]
                  00003000    00000018                : usbdhandler.obj (.text:USB0DeviceIntHandler)
                  00003018    00000018                : usbdenum.obj (.text:USBDSetDescriptor)
                  00003030    00000018                : usbdenum.obj (.text:USBDSyncFrame)
                  00003048    00000018     driverlib.lib : udma.obj (.text:uDMAChannelDisable)
                  00003060    00000018                   : udma.obj (.text:uDMAChannelEnable)
                  00003078    00000016                   : usb.obj (.text:USBIntEnableEndpoint)
                  0000308e    00000002     --HOLE-- [fill = 0]
                  00003090    00000014                   : sysctl.obj (.text:SysCtlUSBPLLEnable)
                  000030a4    00000014     usblib.lib : usbdenum.obj (.text:USBDCDRequestDataEP0)
                  000030b8    00000014                : usbdenum.obj (.text:USBDCDSendDataEP0)
                  000030cc    00000014     driverlib.lib : usb.obj (.text:USBDMAChannelConfigSet)
                  000030e0    00000014                   : usb.obj (.text:USBHostResume)
                  000030f4    00000014                   : usb.obj (.text:_USBIndexWrite)
                  00003108    00000012     usblib.lib : usbdhid.obj (.text:HandleResume)
                  0000311a    00000012                : usbdhid.obj (.text:HandleSuspend)
                  0000312c    00000012     driverlib.lib : usb.obj (.text:USBDMAChannelDisable)
                  0000313e    00000012                   : usb.obj (.text:USBDMAChannelEnable)
                  00003150    00000012                   : usb.obj (.text:USBDMAChannelIntDisable)
                  00003162    00000012                   : usb.obj (.text:USBDMAChannelIntEnable)
                  00003174    00000010                   : usb.obj (.text:USBEndpointStatus)
                  00003184    0000000e     usblib.lib : usbdma.obj (.text:DMAUSBIntStatusClear)
                  00003192    0000000e     driverlib.lib : usb.obj (.text:USBDMAChannelStatus)
                  000031a0    0000000e                   : usb.obj (.text:USBDevLPMDisable)
                  000031ae    0000000e                   : usb.obj (.text:USBDevLPMEnable)
                  000031bc    0000000e                   : usb.obj (.text:USBULPIDisable)
                  000031ca    0000000e                   : usb.obj (.text:USBULPIEnable)
                  000031d8    0000000e     rtsv7M4_T_le_v4SPD16_eabi.lib : copy_decompress_none.c.obj (.text:decompress:none:__TI_decompress_none)
                  000031e6    0000000c     driverlib.lib : usb.obj (.text:USBEndpointPacketCountSet)
                  000031f2    0000000c                   : usb.obj (.text:USBLPMIntEnable)
                  000031fe    0000000c     rtsv7M4_T_le_v4SPD16_eabi.lib : copy_zero_init.c.obj (.text:decompress:ZI:__TI_zero_init)
                  0000320a    0000000a     driverlib.lib : usb.obj (.text:USBClockEnable)
                  00003214    0000000a                   : usb.obj (.text:USBControllerVersion)
                  0000321e    0000000a                   : usb.obj (.text:USBDMAChannelAddressSet)
                  00003228    0000000a                   : usb.obj (.text:USBDMAChannelCountSet)
                  00003232    0000000a                   : usb.obj (.text:USBDevConnect)
                  0000323c    0000000a                   : usb.obj (.text:USBDevDisconnect)
                  00003246    0000000a                   : usb.obj (.text:USBIntStatusEndpoint)
                  00003250    00000008                   : usb.obj (.text:USBDevMode)
                  00003258    00000008                   : usb.obj (.text:USBFIFOAddrGet)
                  00003260    00000008                   : usb.obj (.text:USBOTGMode)
                  00003268    00000008     usblib.lib : usbdma.obj (.text:iDMAUSBChannelIntDisable)
                  00003270    00000008                : usbdma.obj (.text:iDMAUSBChannelIntEnable)
                  00003278    00000006     startup_ccs.obj (.text:ResetISR)
                  0000327e    00000006     driverlib.lib : usb.obj (.text:USBDMAChannelIntStatus)
                  00003284    00000006                   : usb.obj (.text:USBDevLPMConfig)
                  0000328a    00000006                   : usb.obj (.text:USBLPMIntStatus)
                  00003290    00000006     usblib.lib : usbdma.obj (.text:iDMAUSBIntStatus)
                  00003296    00000004                : usbdma.obj (.text:DMAUSBStatus)
                  0000329a    00000004                : usbdhid.obj (.text:HandleReset)
                  0000329e    00000004     driverlib.lib : usb.obj (.text:USBDevAddrSet)
                  000032a2    00000004     rtsv7M4_T_le_v4SPD16_eabi.lib : pre_init.c.obj (.text:_system_pre_init)
                  000032a6    00000004                                   : exit.c.obj (.text:abort:abort)

.const     0    000032ac    00000174     
                  000032ac    00000034     usblib.lib : usbdenum.obj (.const:g_psUSBDStdRequests)
                  000032e0    00000032     mouse_usb_config.obj (.const:.string:mouseReportDescriptor)
                  00003312    00000002     --HOLE-- [fill = 0]
                  00003314    00000030     usblib.lib : usbdhid.obj (.const:g_sHIDHandlers)
                  00003344    00000016     mouse_usb_config.obj (.const:.string:mouseManufactureString)
                  0000335a    00000016     mouse_usb_config.obj (.const:.string:mouseProductString)
                  00003370    00000014     driverlib.lib : interrupt.obj (.const:g_pui32Dii16Regs)
                  00003384    00000014                   : interrupt.obj (.const:g_pui32EnRegs)
                  00003398    00000012     mouse_usb_config.obj (.const:.string:mouseHIDDescriptor)
                  000033aa    00000012     mouse_usb_config.obj (.const:.string:mouseSerialString)
                  000033bc    00000010     mouse_usb_config.obj (.const:mouseStringDescriptorList)
                  000033cc    0000000c     uartstdio.obj (.const:g_ui32UARTInt)
                  000033d8    00000009     mouse_usb_config.obj (.const:.string:mouseConfigDescriptor)
                  000033e1    00000009     mouse_usb_config.obj (.const:hidDescriptorList)
                  000033ea    00000002     --HOLE-- [fill = 0]
                  000033ec    00000008     mouse_usb_config.obj (.const:g_sHIDInEndpointSection)
                  000033f4    00000008     mouse_usb_config.obj (.const:g_sHIDInterfaceSection)
                  000033fc    00000008     mouse_usb_config.obj (.const:mouseConfigHeader)
                  00003404    00000008     mouse_usb_config.obj (.const:mouseConfigPartialSection)
                  0000340c    00000007     mouse_usb_config.obj (.const:.string:mouseEndPointDescriptor)
                  00003413    00000004     mouse_usb_config.obj (.const:.string:mouseLanguageString)
                  00003417    00000001     --HOLE-- [fill = 0]
                  00003418    00000004     mouse_usb_config.obj (.const:configHeaderList)
                  0000341c    00000004     mouse_usb_config.obj (.const:mouseClassDescriptor)

.cinit     0    00003420    00000090     
                  00003420    0000006a     (.cinit..data.load) [load image, compression = lzss]
                  0000348a    00000002     --HOLE-- [fill = 0]
                  0000348c    0000000c     (__TI_handler_table)
                  00003498    00000008     (.cinit..bss.load) [load image, compression = zero_init]
                  000034a0    00000010     (__TI_cinit_table)

.init_array 
*          0    00000000    00000000     UNINITIALIZED

.bss       0    20000000    00000664     UNINITIALIZED
                  20000000    00000400     uartstdio.obj (.bss:g_pcUARTTxBuffer)
                  20000400    00000110     usblib.lib : usbdma.obj (.bss:g_psUSBDMAInst)
                  20000510    00000080     uartstdio.obj (.bss:g_pcUARTRxBuffer)
                  20000590    00000050     (.common:g_psDCDInst)
                  200005e0    00000040     usblib.lib : usbdenum.obj (.bss:g_pui8DataBufferIn)
                  20000620    00000018     (.common:g_pfnTickHandlers)
                  20000638    00000018     (.common:g_pvTickInstance)
                  20000650    00000008     uartstdio.obj (.bss)
                  20000658    00000004     usblib.lib : usbdenum.obj (.bss)
                  2000065c    00000004                : usbmode.obj (.bss)
                  20000660    00000004     (.common:g_ppsDevInfo)

.stack     0    20000668    00000400     UNINITIALIZED
                  20000668    00000004     rtsv7M4_T_le_v4SPD16_eabi.lib : boot_cortex_m.c.obj (.stack)
                  2000066c    000003fc     --HOLE--

.data      0    20000a68    000000c8     UNINITIALIZED
                  20000a68    0000006c     mouse_usb_config.obj (.data:mouseDevice)
                  20000ad4    00000015     uartstdio.obj (.data)
                  20000ae9    00000012     usblib.lib : usbdhid.obj (.data:g_pui8HIDDeviceDescriptor)
                  20000afb    00000001     --HOLE--
                  20000afc    0000000c     mouse_usb_config.obj (.data:mouseConfigFullSection)
                  20000b08    0000000c     usblib.lib : usbtick.obj (.data)
                  20000b14    00000009                : usbmode.obj (.data)
                  20000b1d    00000003     --HOLE--
                  20000b20    00000008     mouse_usb_config.obj (.data:mouseReportIdle)
                  20000b28    00000008     usblib.lib : usbdenum.obj (.data)

.sysmem    0    20000b30    00000008     UNINITIALIZED
                  20000b30    00000008     rtsv7M4_T_le_v4SPD16_eabi.lib : memory.c.obj (.sysmem)

MODULE SUMMARY

       Module                       code    ro data   rw data
       ------                       ----    -------   -------
    ./
       startup_ccs.obj              12      620       0      
    +--+----------------------------+-------+---------+---------+
       Total:                       12      620       0      
                                                             
    ./Tiva_Extra/Tivaware_Dep/utils/
       uartstdio.obj                832     12        1181   
    +--+----------------------------+-------+---------+---------+
       Total:                       832     12        1181   
                                                             
    ./Tiva_Extra/debug_utils/
       swo_segger.obj               84      0         0      
    +--+----------------------------+-------+---------+---------+
       Total:                       84      0         0      
                                                             
    ./src/
       mouse.obj                    538     0         0      
       mouse_usb_config.obj         0       215       128    
       main.obj                     116     0         0      
    +--+----------------------------+-------+---------+---------+
       Total:                       654     215       128    
                                                             
    ../Tiva_Extra/Tivaware_Dep/driverlib/ccs/Debug/driverlib.lib
       usb.obj                      1354    0         0      
       interrupt.obj                308     40        0      
       udma.obj                     320     0         0      
       sysctl.obj                   208     0         0      
    +--+----------------------------+-------+---------+---------+
       Total:                       2190    40        0      
                                                             
    ../Tiva_Extra/Tivaware_Dep/usblib/ccs/Debug/usblib.lib
       usbdenum.obj                 2884    52        160    
       usbdma.obj                   2030    0         272    
       usbdhid.obj                  1796    48        18     
       usbdconfig.obj               576     0         0      
       usbdcdesc.obj                360     0         0      
       usbtick.obj                  160     0         60     
       usbdesc.obj                  86      0         0      
       usbulpi.obj                  82      0         0      
       usbmode.obj                  36      0         13     
       usbdhandler.obj              24      0         0      
    +--+----------------------------+-------+---------+---------+
       Total:                       8034    100       523    
                                                             
    /home/kd/ti/ccsv8/tools/compiler/ti-cgt-arm_18.1.3.LTS/lib/rtsv7M4_T_le_v4SPD16_eabi.lib
       memcpy_t2.asm.obj            156     0         0      
       memset_t2.asm.obj            122     0         0      
       copy_decompress_lzss.c.obj   104     0         0      
       autoinit.c.obj               68      0         0      
       boot_cortex_m.c.obj          56      0         0      
       copy_decompress_none.c.obj   14      0         0      
       copy_zero_init.c.obj         12      0         0      
       exit.c.obj                   4       0         0      
       pre_init.c.obj               4       0         0      
    +--+----------------------------+-------+---------+---------+
       Total:                       540     0         0      
                                                             
       Heap:                        0       0         8      
       Stack:                       0       0         1024   
       Linker Generated:            0       142       0      
    +--+----------------------------+-------+---------+---------+
       Grand Total:                 12346   1129      2864   


LINKER GENERATED COPY TABLES

__TI_cinit_table @ 000034a0 records: 2, size/record: 8, table size: 16
	.data: load addr=00003420, load size=0000006a bytes, run addr=20000a68, run size=000000c8 bytes, compression=lzss
	.bss: load addr=00003498, load size=00000008 bytes, run addr=20000000, run size=00000664 bytes, compression=zero_init


LINKER GENERATED HANDLER TABLE

__TI_handler_table @ 0000348c records: 3, size/record: 4, table size: 12
	index: 0, handler: __TI_decompress_lzss
	index: 1, handler: __TI_decompress_none
	index: 2, handler: __TI_zero_init


GLOBAL SYMBOLS: SORTED ALPHABETICALLY BY Name 

address   name                            
-------   ----                            
000032a7  C$$EXIT                         
00001ba9  IntDisable                      
00001c11  IntEnable                       
00001d45  IntIsEnabled                    
0000275d  InternalUSBRegisterTickHandler  
00002795  InternalUSBStartOfFrameTick     
00002b81  InternalUSBTickInit             
00003279  ResetISR                        
000027cd  SWO_PrintChar                   
00002f29  SWO_PrintString                 
000029b9  SysCtlPeripheralEnable          
00002805  SysCtlPeripheralReady           
000020e5  SysCtlPeripheralReset           
00003091  SysCtlUSBPLLEnable              
0000026d  UARTStdioIntHandler             
000010f1  UARTwrite                       
00002091  ULPIConfigSet                   
00003001  USB0DeviceIntHandler            
0000320b  USBClockEnable                  
00003215  USBControllerVersion            
00002135  USBDCDConfigDescGet             
00002c0d  USBDCDConfigDescGetNum          
00002fb3  USBDCDConfigDescGetSize         
00002f45  USBDCDConfigGetInterface        
0000283d  USBDCDConfigGetInterfaceEndpoint
000024c1  USBDCDDeviceInfoInit            
00000559  USBDCDInit                      
000030a5  USBDCDRequestDataEP0            
000030b9  USBDCDSendDataEP0               
00002f61  USBDCDStallEP0                  
00000e69  USBDHIDCompositeInit            
00002db1  USBDHIDInit                     
0000234f  USBDHIDReportWrite              
0000321f  USBDMAChannelAddressSet         
000030cd  USBDMAChannelConfigSet          
00003229  USBDMAChannelCountSet           
0000312d  USBDMAChannelDisable            
0000313f  USBDMAChannelEnable             
00003151  USBDMAChannelIntDisable         
00003163  USBDMAChannelIntEnable          
0000327f  USBDMAChannelIntStatus          
00003193  USBDMAChannelStatus             
00002c39  USBDescGet                      
00002cbb  USBDescGetNum                   
0000329f  USBDevAddrSet                   
00003233  USBDevConnect                   
0000323d  USBDevDisconnect                
00001805  USBDevEndpointConfigSet         
00002ce5  USBDevEndpointDataAck           
00002aed  USBDevEndpointStall             
00002399  USBDevEndpointStallClear        
00001f2d  USBDevEndpointStatusClear       
00003285  USBDevLPMConfig                 
000031a1  USBDevLPMDisable                
000031af  USBDevLPMEnable                 
00003251  USBDevMode                      
00000949  USBDeviceConfig                 
00001571  USBDeviceConfigAlternate        
00000f49  USBDeviceEnumHandler            
00002509  USBDeviceEnumResetHandler       
000007f9  USBDeviceIntHandlerInternal     
00002185  USBDeviceResumeTickHandler      
00002fcd  USBEndpointDMAChannel           
0000226d  USBEndpointDMAConfigSet         
00002dd7  USBEndpointDMADisable           
00002dfb  USBEndpointDMAEnable            
00002f7d  USBEndpointDataAvail            
00002599  USBEndpointDataGet              
0000291b  USBEndpointDataPut              
000029ed  USBEndpointDataSend             
000031e7  USBEndpointPacketCountSet       
00003175  USBEndpointStatus               
00003259  USBFIFOAddrGet                  
00002721  USBFIFOConfigSet                
000030e1  USBHostResume                   
00002d61  USBIntEnableControl             
00003079  USBIntEnableEndpoint            
00002875  USBIntStatusControl             
00003247  USBIntStatusEndpoint            
000031f3  USBLPMIntEnable                 
0000328b  USBLPMIntStatus                 
000003f5  USBLibDMAInit                   
00003261  USBOTGMode                      
00002e21  USBStackModeSet                 
000031bd  USBULPIDisable                  
000031cb  USBULPIEnable                   
00002eed  USBULPIRegRead                  
00002f0b  USBULPIRegWrite                 
20000a68  __STACK_END                     
00000400  __STACK_SIZE                    
20000a68  __STACK_TOP                     
00000008  __SYSMEM_SIZE                   
000034a0  __TI_CINIT_Base                 
000034b0  __TI_CINIT_Limit                
0000348c  __TI_Handler_Table_Base         
00003498  __TI_Handler_Table_Limit        
00002625  __TI_auto_init_nobinit_nopinit  
00001c79  __TI_decompress_lzss            
000031d9  __TI_decompress_none            
ffffffff  __TI_pprof_out_hndl             
ffffffff  __TI_prof_data_size             
ffffffff  __TI_prof_data_start            
00000000  __TI_static_base__              
000031ff  __TI_zero_init                  
0000187f  __aeabi_memclr                  
0000187f  __aeabi_memclr4                 
0000187f  __aeabi_memclr8                 
00001319  __aeabi_memcpy                  
00001319  __aeabi_memcpy4                 
00001319  __aeabi_memcpy8                 
00001881  __aeabi_memset                  
00001881  __aeabi_memset4                 
00001881  __aeabi_memset8                 
ffffffff  __binit__                       
ffffffff  __c_args__                      
UNDEFED   __mpu_init                      
20000668  __stack                         
000028ad  _c_int00_noargs                 
20000b30  _sys_memory                     
UNDEFED   _system_post_cinit              
000032a3  _system_pre_init                
000032a7  abort                           
ffffffff  binit                           
20000b08  g_bUSBTimerInitialized          
20000b14  g_iUSBMode                      
20000620  g_pfnTickHandlers               
00000000  g_pfnVectors                    
20000660  g_ppsDevInfo                    
20000590  g_psDCDInst                     
20000ae9  g_pui8HIDDeviceDescriptor       
20000638  g_pvTickInstance                
00003314  g_sHIDHandlers                  
20000b0c  g_ui32CurrentUSBTick            
20000b10  g_ui32USBSOFCount               
20000b18  g_ui32WaitTicks                 
00001971  main                            
00002a55  makeHidReport                   
00001319  memcpy                          
00001887  memset                          
20000a68  mouseDevice                     
00001269  mouseInit                       
20000b20  mouseReportIdle                 
00000c99  mouseRxCallBack                 
000023e5  mouseTxCallBack                 
00002551  uDMAChannelAttributeDisable     
00002e45  uDMAChannelControlSet           
00003049  uDMAChannelDisable              
00003061  uDMAChannelEnable               
00002d89  uDMAChannelModeGet              
00001789  uDMAChannelTransferSet          


GLOBAL SYMBOLS: SORTED BY Symbol Address 

address   name                            
-------   ----                            
00000000  __TI_static_base__              
00000000  g_pfnVectors                    
00000008  __SYSMEM_SIZE                   
0000026d  UARTStdioIntHandler             
000003f5  USBLibDMAInit                   
00000400  __STACK_SIZE                    
00000559  USBDCDInit                      
000007f9  USBDeviceIntHandlerInternal     
00000949  USBDeviceConfig                 
00000c99  mouseRxCallBack                 
00000e69  USBDHIDCompositeInit            
00000f49  USBDeviceEnumHandler            
000010f1  UARTwrite                       
00001269  mouseInit                       
00001319  __aeabi_memcpy                  
00001319  __aeabi_memcpy4                 
00001319  __aeabi_memcpy8                 
00001319  memcpy                          
00001571  USBDeviceConfigAlternate        
00001789  uDMAChannelTransferSet          
00001805  USBDevEndpointConfigSet         
0000187f  __aeabi_memclr                  
0000187f  __aeabi_memclr4                 
0000187f  __aeabi_memclr8                 
00001881  __aeabi_memset                  
00001881  __aeabi_memset4                 
00001881  __aeabi_memset8                 
00001887  memset                          
00001971  main                            
00001ba9  IntDisable                      
00001c11  IntEnable                       
00001c79  __TI_decompress_lzss            
00001d45  IntIsEnabled                    
00001f2d  USBDevEndpointStatusClear       
00002091  ULPIConfigSet                   
000020e5  SysCtlPeripheralReset           
00002135  USBDCDConfigDescGet             
00002185  USBDeviceResumeTickHandler      
0000226d  USBEndpointDMAConfigSet         
0000234f  USBDHIDReportWrite              
00002399  USBDevEndpointStallClear        
000023e5  mouseTxCallBack                 
000024c1  USBDCDDeviceInfoInit            
00002509  USBDeviceEnumResetHandler       
00002551  uDMAChannelAttributeDisable     
00002599  USBEndpointDataGet              
00002625  __TI_auto_init_nobinit_nopinit  
00002721  USBFIFOConfigSet                
0000275d  InternalUSBRegisterTickHandler  
00002795  InternalUSBStartOfFrameTick     
000027cd  SWO_PrintChar                   
00002805  SysCtlPeripheralReady           
0000283d  USBDCDConfigGetInterfaceEndpoint
00002875  USBIntStatusControl             
000028ad  _c_int00_noargs                 
0000291b  USBEndpointDataPut              
000029b9  SysCtlPeripheralEnable          
000029ed  USBEndpointDataSend             
00002a55  makeHidReport                   
00002aed  USBDevEndpointStall             
00002b81  InternalUSBTickInit             
00002c0d  USBDCDConfigDescGetNum          
00002c39  USBDescGet                      
00002cbb  USBDescGetNum                   
00002ce5  USBDevEndpointDataAck           
00002d61  USBIntEnableControl             
00002d89  uDMAChannelModeGet              
00002db1  USBDHIDInit                     
00002dd7  USBEndpointDMADisable           
00002dfb  USBEndpointDMAEnable            
00002e21  USBStackModeSet                 
00002e45  uDMAChannelControlSet           
00002eed  USBULPIRegRead                  
00002f0b  USBULPIRegWrite                 
00002f29  SWO_PrintString                 
00002f45  USBDCDConfigGetInterface        
00002f61  USBDCDStallEP0                  
00002f7d  USBEndpointDataAvail            
00002fb3  USBDCDConfigDescGetSize         
00002fcd  USBEndpointDMAChannel           
00003001  USB0DeviceIntHandler            
00003049  uDMAChannelDisable              
00003061  uDMAChannelEnable               
00003079  USBIntEnableEndpoint            
00003091  SysCtlUSBPLLEnable              
000030a5  USBDCDRequestDataEP0            
000030b9  USBDCDSendDataEP0               
000030cd  USBDMAChannelConfigSet          
000030e1  USBHostResume                   
0000312d  USBDMAChannelDisable            
0000313f  USBDMAChannelEnable             
00003151  USBDMAChannelIntDisable         
00003163  USBDMAChannelIntEnable          
00003175  USBEndpointStatus               
00003193  USBDMAChannelStatus             
000031a1  USBDevLPMDisable                
000031af  USBDevLPMEnable                 
000031bd  USBULPIDisable                  
000031cb  USBULPIEnable                   
000031d9  __TI_decompress_none            
000031e7  USBEndpointPacketCountSet       
000031f3  USBLPMIntEnable                 
000031ff  __TI_zero_init                  
0000320b  USBClockEnable                  
00003215  USBControllerVersion            
0000321f  USBDMAChannelAddressSet         
00003229  USBDMAChannelCountSet           
00003233  USBDevConnect                   
0000323d  USBDevDisconnect                
00003247  USBIntStatusEndpoint            
00003251  USBDevMode                      
00003259  USBFIFOAddrGet                  
00003261  USBOTGMode                      
00003279  ResetISR                        
0000327f  USBDMAChannelIntStatus          
00003285  USBDevLPMConfig                 
0000328b  USBLPMIntStatus                 
0000329f  USBDevAddrSet                   
000032a3  _system_pre_init                
000032a7  C$$EXIT                         
000032a7  abort                           
00003314  g_sHIDHandlers                  
0000348c  __TI_Handler_Table_Base         
00003498  __TI_Handler_Table_Limit        
000034a0  __TI_CINIT_Base                 
000034b0  __TI_CINIT_Limit                
20000590  g_psDCDInst                     
20000620  g_pfnTickHandlers               
20000638  g_pvTickInstance                
20000660  g_ppsDevInfo                    
20000668  __stack                         
20000a68  __STACK_END                     
20000a68  __STACK_TOP                     
20000a68  mouseDevice                     
20000ae9  g_pui8HIDDeviceDescriptor       
20000b08  g_bUSBTimerInitialized          
20000b0c  g_ui32CurrentUSBTick            
20000b10  g_ui32USBSOFCount               
20000b14  g_iUSBMode                      
20000b18  g_ui32WaitTicks                 
20000b20  mouseReportIdle                 
20000b30  _sys_memory                     
ffffffff  __TI_pprof_out_hndl             
ffffffff  __TI_prof_data_size             
ffffffff  __TI_prof_data_start            
ffffffff  __binit__                       
ffffffff  __c_args__                      
ffffffff  binit                           
UNDEFED   __mpu_init                      
UNDEFED   _system_post_cinit              

[150 symbols]
