<?xml version="1.0" encoding="ISO-8859-1" ?>
<link_info>
   <banner>TI ARM Linker Unix v18.1.3.LTS</banner>
   <copyright>Copyright (c) 1996-2017 Texas Instruments Incorporated</copyright>
   <link_time>0x5bb86b6d</link_time>
   <link_errors>0x0</link_errors>
   <output_file>usb_dev_gamepad.out</output_file>
   <entry_point>
      <name>_c_int00_noargs</name>
      <address>0x28d5</address>
   </entry_point>
   <input_file_list>
      <input_file id="fl-2">
         <path>./</path>
         <kind>object</kind>
         <file>startup_ccs.obj</file>
         <name>startup_ccs.obj</name>
      </input_file>
      <input_file id="fl-3">
         <path>./Tiva_Extra/Tivaware_Dep/driverlib/</path>
         <kind>object</kind>
         <file>epi_workaround_ccs.obj</file>
         <name>epi_workaround_ccs.obj</name>
      </input_file>
      <input_file id="fl-4">
         <path>./Tiva_Extra/Tivaware_Dep/drivers/</path>
         <kind>object</kind>
         <file>buttons.obj</file>
         <name>buttons.obj</name>
      </input_file>
      <input_file id="fl-5">
         <path>./Tiva_Extra/Tivaware_Dep/drivers/</path>
         <kind>object</kind>
         <file>rgb.obj</file>
         <name>rgb.obj</name>
      </input_file>
      <input_file id="fl-6">
         <path>./Tiva_Extra/Tivaware_Dep/utils/</path>
         <kind>object</kind>
         <file>softuart.obj</file>
         <name>softuart.obj</name>
      </input_file>
      <input_file id="fl-7">
         <path>./Tiva_Extra/Tivaware_Dep/utils/</path>
         <kind>object</kind>
         <file>uartstdio.obj</file>
         <name>uartstdio.obj</name>
      </input_file>
      <input_file id="fl-8">
         <path>./Tiva_Extra/Tivaware_Dep/utils/</path>
         <kind>object</kind>
         <file>ustdlib.obj</file>
         <name>ustdlib.obj</name>
      </input_file>
      <input_file id="fl-9">
         <path>./Tiva_Extra/debug_utils/</path>
         <kind>object</kind>
         <file>swo_segger.obj</file>
         <name>swo_segger.obj</name>
      </input_file>
      <input_file id="fl-a">
         <path>./Tiva_Extra/hardware_helper/</path>
         <kind>object</kind>
         <file>hardware_helper.obj</file>
         <name>hardware_helper.obj</name>
      </input_file>
      <input_file id="fl-b">
         <path>./Tiva_Extra/hardware_helper/</path>
         <kind>object</kind>
         <file>hardware_helper_adc.obj</file>
         <name>hardware_helper_adc.obj</name>
      </input_file>
      <input_file id="fl-c">
         <path>./Tiva_Extra/hardware_helper/</path>
         <kind>object</kind>
         <file>hardware_helper_dma.obj</file>
         <name>hardware_helper_dma.obj</name>
      </input_file>
      <input_file id="fl-d">
         <path>./Tiva_Extra/hardware_helper/</path>
         <kind>object</kind>
         <file>hardware_helper_gpio.obj</file>
         <name>hardware_helper_gpio.obj</name>
      </input_file>
      <input_file id="fl-e">
         <path>./Tiva_Extra/hardware_helper/</path>
         <kind>object</kind>
         <file>hardware_helper_pwm.obj</file>
         <name>hardware_helper_pwm.obj</name>
      </input_file>
      <input_file id="fl-f">
         <path>./Tiva_Extra/tiva_utils/</path>
         <kind>object</kind>
         <file>peripheral_utils.obj</file>
         <name>peripheral_utils.obj</name>
      </input_file>
      <input_file id="fl-10">
         <path>./Tiva_Extra/tiva_utils/</path>
         <kind>object</kind>
         <file>pin_utils.obj</file>
         <name>pin_utils.obj</name>
      </input_file>
      <input_file id="fl-11">
         <path>./Tiva_Extra/tiva_utils/</path>
         <kind>object</kind>
         <file>pwm_utils.obj</file>
         <name>pwm_utils.obj</name>
      </input_file>
      <input_file id="fl-12">
         <path>./src/</path>
         <kind>object</kind>
         <file>main.obj</file>
         <name>main.obj</name>
      </input_file>
      <input_file id="fl-13">
         <path>./src/</path>
         <kind>object</kind>
         <file>mouse.obj</file>
         <name>mouse.obj</name>
      </input_file>
      <input_file id="fl-1d">
         <kind>object</kind>
         <file>&lt;internal&gt;</file>
         <name>&lt;internal&gt;</name>
      </input_file>
      <input_file id="fl-1e">
         <path>../Tiva_Extra/Tivaware_Dep/driverlib/ccs/Debug/</path>
         <kind>archive</kind>
         <file>driverlib.lib</file>
         <name>gpio.obj</name>
      </input_file>
      <input_file id="fl-1f">
         <path>../Tiva_Extra/Tivaware_Dep/driverlib/ccs/Debug/</path>
         <kind>archive</kind>
         <file>driverlib.lib</file>
         <name>interrupt.obj</name>
      </input_file>
      <input_file id="fl-20">
         <path>../Tiva_Extra/Tivaware_Dep/driverlib/ccs/Debug/</path>
         <kind>archive</kind>
         <file>driverlib.lib</file>
         <name>pwm.obj</name>
      </input_file>
      <input_file id="fl-21">
         <path>../Tiva_Extra/Tivaware_Dep/driverlib/ccs/Debug/</path>
         <kind>archive</kind>
         <file>driverlib.lib</file>
         <name>sysctl.obj</name>
      </input_file>
      <input_file id="fl-22">
         <path>../Tiva_Extra/Tivaware_Dep/driverlib/ccs/Debug/</path>
         <kind>archive</kind>
         <file>driverlib.lib</file>
         <name>uart.obj</name>
      </input_file>
      <input_file id="fl-23">
         <path>../Tiva_Extra/Tivaware_Dep/driverlib/ccs/Debug/</path>
         <kind>archive</kind>
         <file>driverlib.lib</file>
         <name>cpu.obj</name>
      </input_file>
      <input_file id="fl-24">
         <path>../Tiva_Extra/Tivaware_Dep/usblib/ccs/Debug/</path>
         <kind>archive</kind>
         <file>usblib.lib</file>
         <name>usbmode.obj</name>
      </input_file>
      <input_file id="fl-25">
         <path>../Tiva_Extra/Tivaware_Dep/usblib/ccs/Debug/</path>
         <kind>archive</kind>
         <file>usblib.lib</file>
         <name>usbtick.obj</name>
      </input_file>
      <input_file id="fl-26">
         <path>../Tiva_Extra/Tivaware_Dep/usblib/ccs/Debug/</path>
         <kind>archive</kind>
         <file>usblib.lib</file>
         <name>usbdenum.obj</name>
      </input_file>
      <input_file id="fl-27">
         <path>../Tiva_Extra/Tivaware_Dep/usblib/ccs/Debug/</path>
         <kind>archive</kind>
         <file>usblib.lib</file>
         <name>usbdhandler.obj</name>
      </input_file>
      <input_file id="fl-28">
         <path>../Tiva_Extra/Tivaware_Dep/usblib/ccs/Debug/</path>
         <kind>archive</kind>
         <file>usblib.lib</file>
         <name>usbdhid.obj</name>
      </input_file>
      <input_file id="fl-29">
         <path>../Tiva_Extra/Tivaware_Dep/usblib/ccs/Debug/</path>
         <kind>archive</kind>
         <file>usblib.lib</file>
         <name>usbhostenum.obj</name>
      </input_file>
      <input_file id="fl-2a">
         <path>../Tiva_Extra/Tivaware_Dep/usblib/ccs/Debug/</path>
         <kind>archive</kind>
         <file>usblib.lib</file>
         <name>usbdesc.obj</name>
      </input_file>
      <input_file id="fl-2b">
         <path>../Tiva_Extra/Tivaware_Dep/usblib/ccs/Debug/</path>
         <kind>archive</kind>
         <file>usblib.lib</file>
         <name>usbdma.obj</name>
      </input_file>
      <input_file id="fl-2c">
         <path>../Tiva_Extra/Tivaware_Dep/usblib/ccs/Debug/</path>
         <kind>archive</kind>
         <file>usblib.lib</file>
         <name>usbulpi.obj</name>
      </input_file>
      <input_file id="fl-2d">
         <path>../Tiva_Extra/Tivaware_Dep/usblib/ccs/Debug/</path>
         <kind>archive</kind>
         <file>usblib.lib</file>
         <name>usbdcdesc.obj</name>
      </input_file>
      <input_file id="fl-2e">
         <path>../Tiva_Extra/Tivaware_Dep/usblib/ccs/Debug/</path>
         <kind>archive</kind>
         <file>usblib.lib</file>
         <name>usbdconfig.obj</name>
      </input_file>
      <input_file id="fl-2f">
         <path>../Tiva_Extra/Tivaware_Dep/usblib/ccs/Debug/</path>
         <kind>archive</kind>
         <file>usblib.lib</file>
         <name>usbhhub.obj</name>
      </input_file>
      <input_file id="fl-e5">
         <path>/home/kd/ti/ccsv8/tools/compiler/ti-cgt-arm_18.1.3.LTS/lib/</path>
         <kind>archive</kind>
         <file>rtsv7M4_T_le_v4SPD16_eabi.lib</file>
         <name>memset_t2.asm.obj</name>
      </input_file>
      <input_file id="fl-e6">
         <path>/home/kd/ti/ccsv8/tools/compiler/ti-cgt-arm_18.1.3.LTS/lib/</path>
         <kind>archive</kind>
         <file>rtsv7M4_T_le_v4SPD16_eabi.lib</file>
         <name>u_divt2.asm.obj</name>
      </input_file>
      <input_file id="fl-e7">
         <path>/home/kd/ti/ccsv8/tools/compiler/ti-cgt-arm_18.1.3.LTS/lib/</path>
         <kind>archive</kind>
         <file>rtsv7M4_T_le_v4SPD16_eabi.lib</file>
         <name>fs_toull_t2.asm.obj</name>
      </input_file>
      <input_file id="fl-e8">
         <path>/home/kd/ti/ccsv8/tools/compiler/ti-cgt-arm_18.1.3.LTS/lib/</path>
         <kind>archive</kind>
         <file>rtsv7M4_T_le_v4SPD16_eabi.lib</file>
         <name>copy_zero_init.c.obj</name>
      </input_file>
      <input_file id="fl-e9">
         <path>/home/kd/ti/ccsv8/tools/compiler/ti-cgt-arm_18.1.3.LTS/lib/</path>
         <kind>archive</kind>
         <file>rtsv7M4_T_le_v4SPD16_eabi.lib</file>
         <name>copy_decompress_none.c.obj</name>
      </input_file>
      <input_file id="fl-ea">
         <path>/home/kd/ti/ccsv8/tools/compiler/ti-cgt-arm_18.1.3.LTS/lib/</path>
         <kind>archive</kind>
         <file>rtsv7M4_T_le_v4SPD16_eabi.lib</file>
         <name>copy_decompress_lzss.c.obj</name>
      </input_file>
      <input_file id="fl-eb">
         <path>/home/kd/ti/ccsv8/tools/compiler/ti-cgt-arm_18.1.3.LTS/lib/</path>
         <kind>archive</kind>
         <file>rtsv7M4_T_le_v4SPD16_eabi.lib</file>
         <name>assert.c.obj</name>
      </input_file>
      <input_file id="fl-ec">
         <path>/home/kd/ti/ccsv8/tools/compiler/ti-cgt-arm_18.1.3.LTS/lib/</path>
         <kind>archive</kind>
         <file>rtsv7M4_T_le_v4SPD16_eabi.lib</file>
         <name>defs.c.obj</name>
      </input_file>
      <input_file id="fl-ed">
         <path>/home/kd/ti/ccsv8/tools/compiler/ti-cgt-arm_18.1.3.LTS/lib/</path>
         <kind>archive</kind>
         <file>rtsv7M4_T_le_v4SPD16_eabi.lib</file>
         <name>fflush.c.obj</name>
      </input_file>
      <input_file id="fl-ee">
         <path>/home/kd/ti/ccsv8/tools/compiler/ti-cgt-arm_18.1.3.LTS/lib/</path>
         <kind>archive</kind>
         <file>rtsv7M4_T_le_v4SPD16_eabi.lib</file>
         <name>fputs.c.obj</name>
      </input_file>
      <input_file id="fl-ef">
         <path>/home/kd/ti/ccsv8/tools/compiler/ti-cgt-arm_18.1.3.LTS/lib/</path>
         <kind>archive</kind>
         <file>rtsv7M4_T_le_v4SPD16_eabi.lib</file>
         <name>isdigit.c.obj</name>
      </input_file>
      <input_file id="fl-f0">
         <path>/home/kd/ti/ccsv8/tools/compiler/ti-cgt-arm_18.1.3.LTS/lib/</path>
         <kind>archive</kind>
         <file>rtsv7M4_T_le_v4SPD16_eabi.lib</file>
         <name>memchr.c.obj</name>
      </input_file>
      <input_file id="fl-f1">
         <path>/home/kd/ti/ccsv8/tools/compiler/ti-cgt-arm_18.1.3.LTS/lib/</path>
         <kind>archive</kind>
         <file>rtsv7M4_T_le_v4SPD16_eabi.lib</file>
         <name>strlen.c.obj</name>
      </input_file>
      <input_file id="fl-f2">
         <path>/home/kd/ti/ccsv8/tools/compiler/ti-cgt-arm_18.1.3.LTS/lib/</path>
         <kind>archive</kind>
         <file>rtsv7M4_T_le_v4SPD16_eabi.lib</file>
         <name>write.c.obj</name>
      </input_file>
      <input_file id="fl-f3">
         <path>/home/kd/ti/ccsv8/tools/compiler/ti-cgt-arm_18.1.3.LTS/lib/</path>
         <kind>archive</kind>
         <file>rtsv7M4_T_le_v4SPD16_eabi.lib</file>
         <name>boot_cortex_m.c.obj</name>
      </input_file>
      <input_file id="fl-f4">
         <path>/home/kd/ti/ccsv8/tools/compiler/ti-cgt-arm_18.1.3.LTS/lib/</path>
         <kind>archive</kind>
         <file>rtsv7M4_T_le_v4SPD16_eabi.lib</file>
         <name>div0.asm.obj</name>
      </input_file>
      <input_file id="fl-f5">
         <path>/home/kd/ti/ccsv8/tools/compiler/ti-cgt-arm_18.1.3.LTS/lib/</path>
         <kind>archive</kind>
         <file>rtsv7M4_T_le_v4SPD16_eabi.lib</file>
         <name>memcpy_t2.asm.obj</name>
      </input_file>
      <input_file id="fl-f6">
         <path>/home/kd/ti/ccsv8/tools/compiler/ti-cgt-arm_18.1.3.LTS/lib/</path>
         <kind>archive</kind>
         <file>rtsv7M4_T_le_v4SPD16_eabi.lib</file>
         <name>autoinit.c.obj</name>
      </input_file>
      <input_file id="fl-f7">
         <path>/home/kd/ti/ccsv8/tools/compiler/ti-cgt-arm_18.1.3.LTS/lib/</path>
         <kind>archive</kind>
         <file>rtsv7M4_T_le_v4SPD16_eabi.lib</file>
         <name>pre_init.c.obj</name>
      </input_file>
      <input_file id="fl-f8">
         <path>/home/kd/ti/ccsv8/tools/compiler/ti-cgt-arm_18.1.3.LTS/lib/</path>
         <kind>archive</kind>
         <file>rtsv7M4_T_le_v4SPD16_eabi.lib</file>
         <name>cpy_tbl.c.obj</name>
      </input_file>
      <input_file id="fl-f9">
         <path>/home/kd/ti/ccsv8/tools/compiler/ti-cgt-arm_18.1.3.LTS/lib/</path>
         <kind>archive</kind>
         <file>rtsv7M4_T_le_v4SPD16_eabi.lib</file>
         <name>exit.c.obj</name>
      </input_file>
      <input_file id="fl-fa">
         <path>/home/kd/ti/ccsv8/tools/compiler/ti-cgt-arm_18.1.3.LTS/lib/</path>
         <kind>archive</kind>
         <file>rtsv7M4_T_le_v4SPD16_eabi.lib</file>
         <name>_io_perm.c.obj</name>
      </input_file>
      <input_file id="fl-fb">
         <path>/home/kd/ti/ccsv8/tools/compiler/ti-cgt-arm_18.1.3.LTS/lib/</path>
         <kind>archive</kind>
         <file>rtsv7M4_T_le_v4SPD16_eabi.lib</file>
         <name>_lock.c.obj</name>
      </input_file>
      <input_file id="fl-fc">
         <path>/home/kd/ti/ccsv8/tools/compiler/ti-cgt-arm_18.1.3.LTS/lib/</path>
         <kind>archive</kind>
         <file>rtsv7M4_T_le_v4SPD16_eabi.lib</file>
         <name>args_main.c.obj</name>
      </input_file>
      <input_file id="fl-fd">
         <path>/home/kd/ti/ccsv8/tools/compiler/ti-cgt-arm_18.1.3.LTS/lib/</path>
         <kind>archive</kind>
         <file>rtsv7M4_T_le_v4SPD16_eabi.lib</file>
         <name>ctype.c.obj</name>
      </input_file>
      <input_file id="fl-fe">
         <path>/home/kd/ti/ccsv8/tools/compiler/ti-cgt-arm_18.1.3.LTS/lib/</path>
         <kind>archive</kind>
         <file>rtsv7M4_T_le_v4SPD16_eabi.lib</file>
         <name>fseek.c.obj</name>
      </input_file>
      <input_file id="fl-ff">
         <path>/home/kd/ti/ccsv8/tools/compiler/ti-cgt-arm_18.1.3.LTS/lib/</path>
         <kind>archive</kind>
         <file>rtsv7M4_T_le_v4SPD16_eabi.lib</file>
         <name>lseek.c.obj</name>
      </input_file>
      <input_file id="fl-100">
         <path>/home/kd/ti/ccsv8/tools/compiler/ti-cgt-arm_18.1.3.LTS/lib/</path>
         <kind>archive</kind>
         <file>rtsv7M4_T_le_v4SPD16_eabi.lib</file>
         <name>setvbuf.c.obj</name>
      </input_file>
      <input_file id="fl-101">
         <path>/home/kd/ti/ccsv8/tools/compiler/ti-cgt-arm_18.1.3.LTS/lib/</path>
         <kind>archive</kind>
         <file>rtsv7M4_T_le_v4SPD16_eabi.lib</file>
         <name>hostclose.c.obj</name>
      </input_file>
      <input_file id="fl-102">
         <path>/home/kd/ti/ccsv8/tools/compiler/ti-cgt-arm_18.1.3.LTS/lib/</path>
         <kind>archive</kind>
         <file>rtsv7M4_T_le_v4SPD16_eabi.lib</file>
         <name>hostlseek.c.obj</name>
      </input_file>
      <input_file id="fl-103">
         <path>/home/kd/ti/ccsv8/tools/compiler/ti-cgt-arm_18.1.3.LTS/lib/</path>
         <kind>archive</kind>
         <file>rtsv7M4_T_le_v4SPD16_eabi.lib</file>
         <name>hostopen.c.obj</name>
      </input_file>
      <input_file id="fl-104">
         <path>/home/kd/ti/ccsv8/tools/compiler/ti-cgt-arm_18.1.3.LTS/lib/</path>
         <kind>archive</kind>
         <file>rtsv7M4_T_le_v4SPD16_eabi.lib</file>
         <name>hostread.c.obj</name>
      </input_file>
      <input_file id="fl-105">
         <path>/home/kd/ti/ccsv8/tools/compiler/ti-cgt-arm_18.1.3.LTS/lib/</path>
         <kind>archive</kind>
         <file>rtsv7M4_T_le_v4SPD16_eabi.lib</file>
         <name>hostrename.c.obj</name>
      </input_file>
      <input_file id="fl-106">
         <path>/home/kd/ti/ccsv8/tools/compiler/ti-cgt-arm_18.1.3.LTS/lib/</path>
         <kind>archive</kind>
         <file>rtsv7M4_T_le_v4SPD16_eabi.lib</file>
         <name>hostunlink.c.obj</name>
      </input_file>
      <input_file id="fl-107">
         <path>/home/kd/ti/ccsv8/tools/compiler/ti-cgt-arm_18.1.3.LTS/lib/</path>
         <kind>archive</kind>
         <file>rtsv7M4_T_le_v4SPD16_eabi.lib</file>
         <name>hostwrite.c.obj</name>
      </input_file>
      <input_file id="fl-108">
         <path>/home/kd/ti/ccsv8/tools/compiler/ti-cgt-arm_18.1.3.LTS/lib/</path>
         <kind>archive</kind>
         <file>rtsv7M4_T_le_v4SPD16_eabi.lib</file>
         <name>trgmsg.c.obj</name>
      </input_file>
      <input_file id="fl-109">
         <path>/home/kd/ti/ccsv8/tools/compiler/ti-cgt-arm_18.1.3.LTS/lib/</path>
         <kind>archive</kind>
         <file>rtsv7M4_T_le_v4SPD16_eabi.lib</file>
         <name>memory.c.obj</name>
      </input_file>
      <input_file id="fl-10a">
         <path>/home/kd/ti/ccsv8/tools/compiler/ti-cgt-arm_18.1.3.LTS/lib/</path>
         <kind>archive</kind>
         <file>rtsv7M4_T_le_v4SPD16_eabi.lib</file>
         <name>fopen.c.obj</name>
      </input_file>
      <input_file id="fl-10b">
         <path>/home/kd/ti/ccsv8/tools/compiler/ti-cgt-arm_18.1.3.LTS/lib/</path>
         <kind>archive</kind>
         <file>rtsv7M4_T_le_v4SPD16_eabi.lib</file>
         <name>open.c.obj</name>
      </input_file>
      <input_file id="fl-10c">
         <path>/home/kd/ti/ccsv8/tools/compiler/ti-cgt-arm_18.1.3.LTS/lib/</path>
         <kind>archive</kind>
         <file>rtsv7M4_T_le_v4SPD16_eabi.lib</file>
         <name>strcpy.c.obj</name>
      </input_file>
      <input_file id="fl-10d">
         <path>/home/kd/ti/ccsv8/tools/compiler/ti-cgt-arm_18.1.3.LTS/lib/</path>
         <kind>archive</kind>
         <file>rtsv7M4_T_le_v4SPD16_eabi.lib</file>
         <name>fclose.c.obj</name>
      </input_file>
      <input_file id="fl-10e">
         <path>/home/kd/ti/ccsv8/tools/compiler/ti-cgt-arm_18.1.3.LTS/lib/</path>
         <kind>archive</kind>
         <file>rtsv7M4_T_le_v4SPD16_eabi.lib</file>
         <name>getdevice.c.obj</name>
      </input_file>
      <input_file id="fl-10f">
         <path>/home/kd/ti/ccsv8/tools/compiler/ti-cgt-arm_18.1.3.LTS/lib/</path>
         <kind>archive</kind>
         <file>rtsv7M4_T_le_v4SPD16_eabi.lib</file>
         <name>remove.c.obj</name>
      </input_file>
      <input_file id="fl-110">
         <path>/home/kd/ti/ccsv8/tools/compiler/ti-cgt-arm_18.1.3.LTS/lib/</path>
         <kind>archive</kind>
         <file>rtsv7M4_T_le_v4SPD16_eabi.lib</file>
         <name>strchr.c.obj</name>
      </input_file>
      <input_file id="fl-111">
         <path>/home/kd/ti/ccsv8/tools/compiler/ti-cgt-arm_18.1.3.LTS/lib/</path>
         <kind>archive</kind>
         <file>rtsv7M4_T_le_v4SPD16_eabi.lib</file>
         <name>strcmp.c.obj</name>
      </input_file>
      <input_file id="fl-112">
         <path>/home/kd/ti/ccsv8/tools/compiler/ti-cgt-arm_18.1.3.LTS/lib/</path>
         <kind>archive</kind>
         <file>rtsv7M4_T_le_v4SPD16_eabi.lib</file>
         <name>strncpy.c.obj</name>
      </input_file>
      <input_file id="fl-113">
         <path>/home/kd/ti/ccsv8/tools/compiler/ti-cgt-arm_18.1.3.LTS/lib/</path>
         <kind>archive</kind>
         <file>rtsv7M4_T_le_v4SPD16_eabi.lib</file>
         <name>unlink.c.obj</name>
      </input_file>
      <input_file id="fl-114">
         <path>/home/kd/ti/ccsv8/tools/compiler/ti-cgt-arm_18.1.3.LTS/lib/</path>
         <kind>archive</kind>
         <file>rtsv7M4_T_le_v4SPD16_eabi.lib</file>
         <name>close.c.obj</name>
      </input_file>
      <input_file id="fl-115">
         <path>../Tiva_Extra/Tivaware_Dep/driverlib/ccs/Debug/</path>
         <kind>archive</kind>
         <file>driverlib.lib</file>
         <name>udma.obj</name>
      </input_file>
      <input_file id="fl-116">
         <path>../Tiva_Extra/Tivaware_Dep/driverlib/ccs/Debug/</path>
         <kind>archive</kind>
         <file>driverlib.lib</file>
         <name>usb.obj</name>
      </input_file>
   </input_file_list>
   <object_component_list>
      <object_component id="oc-f">
         <name>.intvecs</name>
         <load_address>0x0</load_address>
         <run_address>0x0</run_address>
         <size>0x26c</size>
         <input_file_ref idref="fl-2"/>
      </object_component>
      <object_component id="oc-3f">
         <name>.text:UARTStdioIntHandler</name>
         <load_address>0x26c</load_address>
         <run_address>0x26c</run_address>
         <size>0x188</size>
         <input_file_ref idref="fl-7"/>
      </object_component>
      <object_component id="oc-382">
         <name>.text:USBLibDMAInit</name>
         <load_address>0x3f4</load_address>
         <run_address>0x3f4</run_address>
         <size>0x164</size>
         <input_file_ref idref="fl-2b"/>
      </object_component>
      <object_component id="oc-24f">
         <name>.text:USBDCDInit</name>
         <load_address>0x558</load_address>
         <run_address>0x558</run_address>
         <size>0x150</size>
         <input_file_ref idref="fl-26"/>
      </object_component>
      <object_component id="oc-218">
         <name>.text:USBDEP0StateTxConfig</name>
         <load_address>0x6a8</load_address>
         <run_address>0x6a8</run_address>
         <size>0x150</size>
         <input_file_ref idref="fl-26"/>
      </object_component>
      <object_component id="oc-c5">
         <name>.text:USBDeviceIntHandlerInternal</name>
         <load_address>0x7f8</load_address>
         <run_address>0x7f8</run_address>
         <size>0x150</size>
         <input_file_ref idref="fl-26"/>
      </object_component>
      <object_component id="oc-f4">
         <name>.text:main</name>
         <load_address>0x948</load_address>
         <run_address>0x948</run_address>
         <size>0x14c</size>
         <input_file_ref idref="fl-12"/>
      </object_component>
      <object_component id="oc-59e">
         <name>.text:USBDeviceConfig</name>
         <load_address>0xa94</load_address>
         <run_address>0xa94</run_address>
         <size>0x148</size>
         <input_file_ref idref="fl-2e"/>
      </object_component>
      <object_component id="oc-45b">
         <name>.text:HandleRequest</name>
         <load_address>0xbdc</load_address>
         <run_address>0xbdc</run_address>
         <size>0x114</size>
         <input_file_ref idref="fl-28"/>
      </object_component>
      <object_component id="oc-542">
         <name>.text:iDMAUSBTransfer</name>
         <load_address>0xcf0</load_address>
         <run_address>0xcf0</run_address>
         <size>0xf4</size>
         <input_file_ref idref="fl-2b"/>
      </object_component>
      <object_component id="oc-269">
         <name>.text:rxCallBack</name>
         <load_address>0xde4</load_address>
         <run_address>0xde4</run_address>
         <size>0xec</size>
         <input_file_ref idref="fl-12"/>
      </object_component>
      <object_component id="oc-40f">
         <name>.text:USBDGetDescriptor</name>
         <load_address>0xed0</load_address>
         <run_address>0xed0</run_address>
         <size>0xe4</size>
         <input_file_ref idref="fl-26"/>
      </object_component>
      <object_component id="oc-249">
         <name>.text:USBDHIDCompositeInit</name>
         <load_address>0xfb4</load_address>
         <run_address>0xfb4</run_address>
         <size>0xe0</size>
         <input_file_ref idref="fl-28"/>
      </object_component>
      <object_component id="oc-14e">
         <name>.text:USBDeviceEnumHandler</name>
         <load_address>0x1094</load_address>
         <run_address>0x1094</run_address>
         <size>0xd8</size>
         <input_file_ref idref="fl-26"/>
      </object_component>
      <object_component id="oc-4d0">
         <name>.text:uDMAUSBChannelAllocate</name>
         <load_address>0x116c</load_address>
         <run_address>0x116c</run_address>
         <size>0xd0</size>
         <input_file_ref idref="fl-2b"/>
      </object_component>
      <object_component id="oc-9f">
         <name>.text:UARTwrite</name>
         <load_address>0x123c</load_address>
         <run_address>0x123c</run_address>
         <size>0xbc</size>
         <input_file_ref idref="fl-7"/>
      </object_component>
      <object_component id="oc-512">
         <name>.text:uDMAUSBTransfer</name>
         <load_address>0x12f8</load_address>
         <run_address>0x12f8</run_address>
         <size>0xbc</size>
         <input_file_ref idref="fl-2b"/>
      </object_component>
      <object_component id="oc-59">
         <name>.text</name>
         <load_address>0x13b4</load_address>
         <run_address>0x13b4</run_address>
         <size>0x9c</size>
         <input_file_ref idref="fl-f5"/>
      </object_component>
      <object_component id="oc-42d">
         <name>.text:USBDSetInterface</name>
         <load_address>0x1450</load_address>
         <run_address>0x1450</run_address>
         <size>0x98</size>
         <input_file_ref idref="fl-26"/>
      </object_component>
      <object_component id="oc-93">
         <name>.text:UARTPrimeTransmit</name>
         <load_address>0x14e8</load_address>
         <run_address>0x14e8</run_address>
         <size>0x94</size>
         <input_file_ref idref="fl-7"/>
      </object_component>
      <object_component id="oc-421">
         <name>.text:USBDSetConfiguration</name>
         <load_address>0x157c</load_address>
         <run_address>0x157c</run_address>
         <size>0x90</size>
         <input_file_ref idref="fl-26"/>
      </object_component>
      <object_component id="oc-5ac">
         <name>.text:USBDeviceConfigAlternate</name>
         <load_address>0x160c</load_address>
         <run_address>0x160c</run_address>
         <size>0x8c</size>
         <input_file_ref idref="fl-2e"/>
      </object_component>
      <object_component id="oc-49b">
         <name>.text:ProcessIdleTimers</name>
         <load_address>0x1698</load_address>
         <run_address>0x1698</run_address>
         <size>0x88</size>
         <input_file_ref idref="fl-28"/>
      </object_component>
      <object_component id="oc-524">
         <name>.text:iDMAUSBChannelAllocate</name>
         <load_address>0x1720</load_address>
         <run_address>0x1720</run_address>
         <size>0x88</size>
         <input_file_ref idref="fl-2b"/>
      </object_component>
      <object_component id="oc-3fd">
         <name>.text:USBDClearFeature</name>
         <load_address>0x17a8</load_address>
         <run_address>0x17a8</run_address>
         <size>0x7c</size>
         <input_file_ref idref="fl-26"/>
      </object_component>
      <object_component id="oc-656">
         <name>.text:uDMAChannelTransferSet</name>
         <load_address>0x1824</load_address>
         <run_address>0x1824</run_address>
         <size>0x7c</size>
         <input_file_ref idref="fl-115"/>
      </object_component>
      <object_component id="oc-6c4">
         <name>.text:USBDevEndpointConfigSet</name>
         <load_address>0x18a0</load_address>
         <run_address>0x18a0</run_address>
         <size>0x7a</size>
         <input_file_ref idref="fl-116"/>
      </object_component>
      <object_component id="oc-e8">
         <name>.text</name>
         <load_address>0x191a</load_address>
         <run_address>0x191a</run_address>
         <size>0x7a</size>
         <input_file_ref idref="fl-e5"/>
      </object_component>
      <object_component id="oc-3f7">
         <name>.text:USBDGetStatus</name>
         <load_address>0x1994</load_address>
         <run_address>0x1994</run_address>
         <size>0x78</size>
         <input_file_ref idref="fl-26"/>
      </object_component>
      <object_component id="oc-518">
         <name>.text:uDMAUSBUnitSizeSet</name>
         <load_address>0x1a0c</load_address>
         <run_address>0x1a0c</run_address>
         <size>0x72</size>
         <input_file_ref idref="fl-2b"/>
      </object_component>
      <object_component id="oc-33">
         <name>.text:FaultISR</name>
         <load_address>0x1a7e</load_address>
         <run_address>0x1a7e</run_address>
         <size>0x2</size>
         <input_file_ref idref="fl-2"/>
      </object_component>
      <object_component id="oc-21e">
         <name>.text:USBDEP0StateTx</name>
         <load_address>0x1a80</load_address>
         <run_address>0x1a80</run_address>
         <size>0x70</size>
         <input_file_ref idref="fl-26"/>
      </object_component>
      <object_component id="oc-403">
         <name>.text:USBDSetFeature</name>
         <load_address>0x1af0</load_address>
         <run_address>0x1af0</run_address>
         <size>0x70</size>
         <input_file_ref idref="fl-26"/>
      </object_component>
      <object_component id="oc-4ca">
         <name>.text:uDMAUSBArbSizeSet</name>
         <load_address>0x1b60</load_address>
         <run_address>0x1b60</run_address>
         <size>0x70</size>
         <input_file_ref idref="fl-2b"/>
      </object_component>
      <object_component id="oc-62f">
         <name>.text:IntDisable</name>
         <load_address>0x1bd0</load_address>
         <run_address>0x1bd0</run_address>
         <size>0x68</size>
         <input_file_ref idref="fl-1f"/>
      </object_component>
      <object_component id="oc-39a">
         <name>.text:IntEnable</name>
         <load_address>0x1c38</load_address>
         <run_address>0x1c38</run_address>
         <size>0x68</size>
         <input_file_ref idref="fl-1f"/>
      </object_component>
      <object_component id="oc-12">
         <name>.text:decompress:lzss:__TI_decompress_lzss</name>
         <load_address>0x1ca0</load_address>
         <run_address>0x1ca0</run_address>
         <size>0x68</size>
         <input_file_ref idref="fl-ea"/>
      </object_component>
      <object_component id="oc-455">
         <name>.text:HandleGetDescriptor</name>
         <load_address>0x1d08</load_address>
         <run_address>0x1d08</run_address>
         <size>0x64</size>
         <input_file_ref idref="fl-28"/>
      </object_component>
      <object_component id="oc-629">
         <name>.text:IntIsEnabled</name>
         <load_address>0x1d6c</load_address>
         <run_address>0x1d6c</run_address>
         <size>0x64</size>
         <input_file_ref idref="fl-1f"/>
      </object_component>
      <object_component id="oc-4dc">
         <name>.text:uDMAUSBChannelEnable</name>
         <load_address>0x1dd0</load_address>
         <run_address>0x1dd0</run_address>
         <size>0x64</size>
         <input_file_ref idref="fl-2b"/>
      </object_component>
      <object_component id="oc-491">
         <name>.text:HandleDevice</name>
         <load_address>0x1e34</load_address>
         <run_address>0x1e34</run_address>
         <size>0x60</size>
         <input_file_ref idref="fl-28"/>
      </object_component>
      <object_component id="oc-5eb">
         <name>.text:ProcessDataFromHost</name>
         <load_address>0x1e94</load_address>
         <run_address>0x1e94</run_address>
         <size>0x60</size>
         <input_file_ref idref="fl-28"/>
      </object_component>
      <object_component id="oc-212">
         <name>.text:USBDReadAndDispatchRequest</name>
         <load_address>0x1ef4</load_address>
         <run_address>0x1ef4</run_address>
         <size>0x60</size>
         <input_file_ref idref="fl-26"/>
      </object_component>
      <object_component id="oc-1fa">
         <name>.text:USBDevEndpointStatusClear</name>
         <load_address>0x1f54</load_address>
         <run_address>0x1f54</run_address>
         <size>0x5e</size>
         <input_file_ref idref="fl-116"/>
      </object_component>
      <object_component id="oc-5c4">
         <name>.text:FindHIDDescriptor</name>
         <load_address>0x1fb2</load_address>
         <run_address>0x1fb2</run_address>
         <size>0x5c</size>
         <input_file_ref idref="fl-28"/>
      </object_component>
      <object_component id="oc-4ee">
         <name>.text:uDMAUSBChannelRelease</name>
         <load_address>0x200e</load_address>
         <run_address>0x200e</run_address>
         <size>0x56</size>
         <input_file_ref idref="fl-2b"/>
      </object_component>
      <object_component id="oc-5f1">
         <name>.text:ProcessDataToHost</name>
         <load_address>0x2064</load_address>
         <run_address>0x2064</run_address>
         <size>0x54</size>
         <input_file_ref idref="fl-28"/>
      </object_component>
      <object_component id="oc-358">
         <name>.text:ULPIConfigSet</name>
         <load_address>0x20b8</load_address>
         <run_address>0x20b8</run_address>
         <size>0x52</size>
         <input_file_ref idref="fl-2c"/>
      </object_component>
      <object_component id="oc-39">
         <name>.text:IntDefaultHandler</name>
         <load_address>0x210a</load_address>
         <run_address>0x210a</run_address>
         <size>0x2</size>
         <input_file_ref idref="fl-2"/>
      </object_component>
      <object_component id="oc-33a">
         <name>.text:SysCtlPeripheralReset</name>
         <load_address>0x210c</load_address>
         <run_address>0x210c</run_address>
         <size>0x50</size>
         <input_file_ref idref="fl-21"/>
      </object_component>
      <object_component id="oc-5b6">
         <name>.text:USBDCDConfigDescGet</name>
         <load_address>0x215c</load_address>
         <run_address>0x215c</run_address>
         <size>0x50</size>
         <input_file_ref idref="fl-2d"/>
      </object_component>
      <object_component id="oc-130">
         <name>.text:USBDeviceResumeTickHandler</name>
         <load_address>0x21ac</load_address>
         <run_address>0x21ac</run_address>
         <size>0x50</size>
         <input_file_ref idref="fl-26"/>
      </object_component>
      <object_component id="oc-6be">
         <name>.text:GetEPDescriptorType</name>
         <load_address>0x21fc</load_address>
         <run_address>0x21fc</run_address>
         <size>0x4c</size>
         <input_file_ref idref="fl-2e"/>
      </object_component>
      <object_component id="oc-595">
         <name>.text:USBDStringIndexFromRequest</name>
         <load_address>0x2248</load_address>
         <run_address>0x2248</run_address>
         <size>0x4c</size>
         <input_file_ref idref="fl-26"/>
      </object_component>
      <object_component id="oc-662">
         <name>.text:USBEndpointDMAConfigSet</name>
         <load_address>0x2294</load_address>
         <run_address>0x2294</run_address>
         <size>0x4c</size>
         <input_file_ref idref="fl-116"/>
      </object_component>
      <object_component id="oc-54e">
         <name>.text:iDMAUSBChannelEnable</name>
         <load_address>0x22e0</load_address>
         <run_address>0x22e0</run_address>
         <size>0x4c</size>
         <input_file_ref idref="fl-2b"/>
      </object_component>
      <object_component id="oc-5bc">
         <name>.text:ConfigAlternateInterfaceGet</name>
         <load_address>0x232c</load_address>
         <run_address>0x232c</run_address>
         <size>0x4a</size>
         <input_file_ref idref="fl-2d"/>
      </object_component>
      <object_component id="oc-193">
         <name>.text:USBDHIDReportWrite</name>
         <load_address>0x2376</load_address>
         <run_address>0x2376</run_address>
         <size>0x4a</size>
         <input_file_ref idref="fl-28"/>
      </object_component>
      <object_component id="oc-58c">
         <name>.text:USBDevEndpointStallClear</name>
         <load_address>0x23c0</load_address>
         <run_address>0x23c0</run_address>
         <size>0x4a</size>
         <input_file_ref idref="fl-116"/>
      </object_component>
      <object_component id="oc-2d">
         <name>.text:NmiSR</name>
         <load_address>0x240a</load_address>
         <run_address>0x240a</run_address>
         <size>0x2</size>
         <input_file_ref idref="fl-2"/>
      </object_component>
      <object_component id="oc-26f">
         <name>.text:txCallBack</name>
         <load_address>0x240c</load_address>
         <run_address>0x240c</run_address>
         <size>0x4a</size>
         <input_file_ref idref="fl-12"/>
      </object_component>
      <object_component id="oc-4d6">
         <name>.text:uDMAUSBChannelDisable</name>
         <load_address>0x2456</load_address>
         <run_address>0x2456</run_address>
         <size>0x4a</size>
         <input_file_ref idref="fl-2b"/>
      </object_component>
      <object_component id="oc-5dd">
         <name>.text:SetIdleTimeout</name>
         <load_address>0x24a0</load_address>
         <run_address>0x24a0</run_address>
         <size>0x48</size>
         <input_file_ref idref="fl-28"/>
      </object_component>
      <object_component id="oc-315">
         <name>.text:USBDCDDeviceInfoInit</name>
         <load_address>0x24e8</load_address>
         <run_address>0x24e8</run_address>
         <size>0x48</size>
         <input_file_ref idref="fl-26"/>
      </object_component>
      <object_component id="oc-12a">
         <name>.text:USBDeviceEnumResetHandler</name>
         <load_address>0x2530</load_address>
         <run_address>0x2530</run_address>
         <size>0x48</size>
         <input_file_ref idref="fl-26"/>
      </object_component>
      <object_component id="oc-615">
         <name>.text:uDMAChannelAttributeDisable</name>
         <load_address>0x2578</load_address>
         <run_address>0x2578</run_address>
         <size>0x48</size>
         <input_file_ref idref="fl-115"/>
      </object_component>
      <object_component id="oc-206">
         <name>.text:USBEndpointDataGet</name>
         <load_address>0x25c0</load_address>
         <run_address>0x25c0</run_address>
         <size>0x46</size>
         <input_file_ref idref="fl-116"/>
      </object_component>
      <object_component id="oc-51e">
         <name>.text:iDMAUSBArbSizeSet</name>
         <load_address>0x2606</load_address>
         <run_address>0x2606</run_address>
         <size>0x2</size>
         <input_file_ref idref="fl-2b"/>
      </object_component>
      <object_component id="oc-427">
         <name>.text:USBDGetInterface</name>
         <load_address>0x2608</load_address>
         <run_address>0x2608</run_address>
         <size>0x44</size>
         <input_file_ref idref="fl-26"/>
      </object_component>
      <object_component id="oc-1aa">
         <name>.text:__TI_auto_init_nobinit_nopinit:__TI_auto_init_nobinit_nopinit</name>
         <load_address>0x264c</load_address>
         <run_address>0x264c</run_address>
         <size>0x44</size>
         <input_file_ref idref="fl-f6"/>
      </object_component>
      <object_component id="oc-25f">
         <name>.text:ScheduleReportTransmission</name>
         <load_address>0x2690</load_address>
         <run_address>0x2690</run_address>
         <size>0x40</size>
         <input_file_ref idref="fl-28"/>
      </object_component>
      <object_component id="oc-a5">
         <name>.text:IsBufferFull</name>
         <load_address>0x26d0</load_address>
         <run_address>0x26d0</run_address>
         <size>0x3c</size>
         <input_file_ref idref="fl-7"/>
      </object_component>
      <object_component id="oc-548">
         <name>.text:iDMAUSBChannelRelease</name>
         <load_address>0x270c</load_address>
         <run_address>0x270c</run_address>
         <size>0x3c</size>
         <input_file_ref idref="fl-2b"/>
      </object_component>
      <object_component id="oc-6d0">
         <name>.text:USBFIFOConfigSet</name>
         <load_address>0x2748</load_address>
         <run_address>0x2748</run_address>
         <size>0x3a</size>
         <input_file_ref idref="fl-116"/>
      </object_component>
      <object_component id="oc-55a">
         <name>.text:iDMAUSBUnitSizeSet</name>
         <load_address>0x2782</load_address>
         <run_address>0x2782</run_address>
         <size>0x2</size>
         <input_file_ref idref="fl-2b"/>
      </object_component>
      <object_component id="oc-327">
         <name>.text:InternalUSBRegisterTickHandler</name>
         <load_address>0x2784</load_address>
         <run_address>0x2784</run_address>
         <size>0x38</size>
         <input_file_ref idref="fl-25"/>
      </object_component>
      <object_component id="oc-136">
         <name>.text:InternalUSBStartOfFrameTick</name>
         <load_address>0x27bc</load_address>
         <run_address>0x27bc</run_address>
         <size>0x38</size>
         <input_file_ref idref="fl-25"/>
      </object_component>
      <object_component id="oc-241">
         <name>.text:SWO_PrintChar</name>
         <load_address>0x27f4</load_address>
         <run_address>0x27f4</run_address>
         <size>0x38</size>
         <input_file_ref idref="fl-9"/>
      </object_component>
      <object_component id="oc-175">
         <name>.text:SysCtlPeripheralReady</name>
         <load_address>0x282c</load_address>
         <run_address>0x282c</run_address>
         <size>0x38</size>
         <input_file_ref idref="fl-21"/>
      </object_component>
      <object_component id="oc-30f">
         <name>.text:USBDCDConfigGetInterfaceEndpoint</name>
         <load_address>0x2864</load_address>
         <run_address>0x2864</run_address>
         <size>0x38</size>
         <input_file_ref idref="fl-2d"/>
      </object_component>
      <object_component id="oc-bf">
         <name>.text:USBIntStatusControl</name>
         <load_address>0x289c</load_address>
         <run_address>0x289c</run_address>
         <size>0x38</size>
         <input_file_ref idref="fl-116"/>
      </object_component>
      <object_component id="oc-77">
         <name>.text:_c_int00_noargs:_c_int00_noargs</name>
         <load_address>0x28d4</load_address>
         <run_address>0x28d4</run_address>
         <size>0x38</size>
         <input_file_ref idref="fl-f3"/>
      </object_component>
      <object_component id="oc-48b">
         <name>.text:HandleEndpoints</name>
         <load_address>0x290c</load_address>
         <run_address>0x290c</run_address>
         <size>0x36</size>
         <input_file_ref idref="fl-28"/>
      </object_component>
      <object_component id="oc-2de">
         <name>.text:USBEndpointDataPut</name>
         <load_address>0x2942</load_address>
         <run_address>0x2942</run_address>
         <size>0x36</size>
         <input_file_ref idref="fl-116"/>
      </object_component>
      <object_component id="oc-333">
         <name>.text:HIDTickHandler</name>
         <load_address>0x2978</load_address>
         <run_address>0x2978</run_address>
         <size>0x34</size>
         <input_file_ref idref="fl-28"/>
      </object_component>
      <object_component id="oc-44a">
         <name>.text:NextConfigDescGet</name>
         <load_address>0x29ac</load_address>
         <run_address>0x29ac</run_address>
         <size>0x34</size>
         <input_file_ref idref="fl-2d"/>
      </object_component>
      <object_component id="oc-340">
         <name>.text:SysCtlPeripheralEnable</name>
         <load_address>0x29e0</load_address>
         <run_address>0x29e0</run_address>
         <size>0x34</size>
         <input_file_ref idref="fl-21"/>
      </object_component>
      <object_component id="oc-2e4">
         <name>.text:USBEndpointDataSend</name>
         <load_address>0x2a14</load_address>
         <run_address>0x2a14</run_address>
         <size>0x34</size>
         <input_file_ref idref="fl-116"/>
      </object_component>
      <object_component id="oc-52a">
         <name>.text:iDMAUSBChannelStatus</name>
         <load_address>0x2a48</load_address>
         <run_address>0x2a48</run_address>
         <size>0x34</size>
         <input_file_ref idref="fl-2b"/>
      </object_component>
      <object_component id="oc-18d">
         <name>.text:makeHidReport</name>
         <load_address>0x2a7c</load_address>
         <run_address>0x2a7c</run_address>
         <size>0x34</size>
         <input_file_ref idref="fl-13"/>
      </object_component>
      <object_component id="oc-259">
         <name>.text:ClearReportTimer</name>
         <load_address>0x2ab0</load_address>
         <run_address>0x2ab0</run_address>
         <size>0x32</size>
         <input_file_ref idref="fl-28"/>
      </object_component>
      <object_component id="oc-461">
         <name>.text:HandleConfigChange</name>
         <load_address>0x2ae2</load_address>
         <run_address>0x2ae2</run_address>
         <size>0x32</size>
         <input_file_ref idref="fl-28"/>
      </object_component>
      <object_component id="oc-3ee">
         <name>.text:USBDevEndpointStall</name>
         <load_address>0x2b14</load_address>
         <run_address>0x2b14</run_address>
         <size>0x32</size>
         <input_file_ref idref="fl-116"/>
      </object_component>
      <object_component id="oc-554">
         <name>.text:iDMAUSBChannelDisable</name>
         <load_address>0x2b46</load_address>
         <run_address>0x2b46</run_address>
         <size>0x32</size>
         <input_file_ref idref="fl-2b"/>
      </object_component>
      <object_component id="oc-4fa">
         <name>.text:DMAUSBIntHandler</name>
         <load_address>0x2b78</load_address>
         <run_address>0x2b78</run_address>
         <size>0x30</size>
         <input_file_ref idref="fl-2b"/>
      </object_component>
      <object_component id="oc-321">
         <name>.text:InternalUSBTickInit</name>
         <load_address>0x2ba8</load_address>
         <run_address>0x2ba8</run_address>
         <size>0x30</size>
         <input_file_ref idref="fl-25"/>
      </object_component>
      <object_component id="oc-41b">
         <name>.text:USBDGetConfiguration</name>
         <load_address>0x2bd8</load_address>
         <run_address>0x2bd8</run_address>
         <size>0x30</size>
         <input_file_ref idref="fl-26"/>
      </object_component>
      <object_component id="oc-99">
         <name>.text:IsBufferEmpty</name>
         <load_address>0x2c08</load_address>
         <run_address>0x2c08</run_address>
         <size>0x2c</size>
         <input_file_ref idref="fl-7"/>
      </object_component>
      <object_component id="oc-5a6">
         <name>.text:USBDCDConfigDescGetNum</name>
         <load_address>0x2c34</load_address>
         <run_address>0x2c34</run_address>
         <size>0x2c</size>
         <input_file_ref idref="fl-2d"/>
      </object_component>
      <object_component id="oc-6e0">
         <name>.text:USBDescGet</name>
         <load_address>0x2c60</load_address>
         <run_address>0x2c60</run_address>
         <size>0x2c</size>
         <input_file_ref idref="fl-2a"/>
      </object_component>
      <object_component id="oc-500">
         <name>.text:uDMAUSBIntStatus</name>
         <load_address>0x2c8c</load_address>
         <run_address>0x2c8c</run_address>
         <size>0x2c</size>
         <input_file_ref idref="fl-2b"/>
      </object_component>
      <object_component id="oc-5d7">
         <name>.text:GetIdleTimeout</name>
         <load_address>0x2cb8</load_address>
         <run_address>0x2cb8</run_address>
         <size>0x2a</size>
         <input_file_ref idref="fl-28"/>
      </object_component>
      <object_component id="oc-6d8">
         <name>.text:USBDescGetNum</name>
         <load_address>0x2ce2</load_address>
         <run_address>0x2ce2</run_address>
         <size>0x2a</size>
         <input_file_ref idref="fl-2a"/>
      </object_component>
      <object_component id="oc-20c">
         <name>.text:USBDevEndpointDataAck</name>
         <load_address>0x2d0c</load_address>
         <run_address>0x2d0c</run_address>
         <size>0x2a</size>
         <input_file_ref idref="fl-116"/>
      </object_component>
      <object_component id="oc-467">
         <name>.text:HandleEP0DataReceived</name>
         <load_address>0x2d36</load_address>
         <run_address>0x2d36</run_address>
         <size>0x28</size>
         <input_file_ref idref="fl-28"/>
      </object_component>
      <object_component id="oc-4e8">
         <name>.text:uDMAUSBChannelIntDisable</name>
         <load_address>0x2d5e</load_address>
         <run_address>0x2d5e</run_address>
         <size>0x2</size>
         <input_file_ref idref="fl-2b"/>
      </object_component>
      <object_component id="oc-409">
         <name>.text:USBDSetAddress</name>
         <load_address>0x2d60</load_address>
         <run_address>0x2d60</run_address>
         <size>0x28</size>
         <input_file_ref idref="fl-26"/>
      </object_component>
      <object_component id="oc-388">
         <name>.text:USBIntEnableControl</name>
         <load_address>0x2d88</load_address>
         <run_address>0x2d88</run_address>
         <size>0x28</size>
         <input_file_ref idref="fl-116"/>
      </object_component>
      <object_component id="oc-647">
         <name>.text:uDMAChannelModeGet</name>
         <load_address>0x2db0</load_address>
         <run_address>0x2db0</run_address>
         <size>0x28</size>
         <input_file_ref idref="fl-115"/>
      </object_component>
      <object_component id="oc-187">
         <name>.text:USBDHIDInit</name>
         <load_address>0x2dd8</load_address>
         <run_address>0x2dd8</run_address>
         <size>0x26</size>
         <input_file_ref idref="fl-28"/>
      </object_component>
      <object_component id="oc-61b">
         <name>.text:USBEndpointDMADisable</name>
         <load_address>0x2dfe</load_address>
         <run_address>0x2dfe</run_address>
         <size>0x24</size>
         <input_file_ref idref="fl-116"/>
      </object_component>
      <object_component id="oc-635">
         <name>.text:USBEndpointDMAEnable</name>
         <load_address>0x2e22</load_address>
         <run_address>0x2e22</run_address>
         <size>0x24</size>
         <input_file_ref idref="fl-116"/>
      </object_component>
      <object_component id="oc-4e2">
         <name>.text:uDMAUSBChannelIntEnable</name>
         <load_address>0x2e46</load_address>
         <run_address>0x2e46</run_address>
         <size>0x2</size>
         <input_file_ref idref="fl-2b"/>
      </object_component>
      <object_component id="oc-17b">
         <name>.text:USBStackModeSet</name>
         <load_address>0x2e48</load_address>
         <run_address>0x2e48</run_address>
         <size>0x24</size>
         <input_file_ref idref="fl-24"/>
      </object_component>
      <object_component id="oc-608">
         <name>.text:uDMAChannelControlSet</name>
         <load_address>0x2e6c</load_address>
         <run_address>0x2e6c</run_address>
         <size>0x24</size>
         <input_file_ref idref="fl-115"/>
      </object_component>
      <object_component id="oc-485">
         <name>.text:HandleDisconnect</name>
         <load_address>0x2e90</load_address>
         <run_address>0x2e90</run_address>
         <size>0x22</size>
         <input_file_ref idref="fl-28"/>
      </object_component>
      <object_component id="oc-4f4">
         <name>.text:uDMAUSBChannelStatus</name>
         <load_address>0x2eb2</load_address>
         <run_address>0x2eb2</run_address>
         <size>0x22</size>
         <input_file_ref idref="fl-2b"/>
      </object_component>
      <object_component id="oc-6ca">
         <name>.text:GetEndpointFIFOSize</name>
         <load_address>0x2ed4</load_address>
         <run_address>0x2ed4</run_address>
         <size>0x20</size>
         <input_file_ref idref="fl-2e"/>
      </object_component>
      <object_component id="oc-46d">
         <name>.text:HandleEP0DataSent</name>
         <load_address>0x2ef4</load_address>
         <run_address>0x2ef4</run_address>
         <size>0x20</size>
         <input_file_ref idref="fl-28"/>
      </object_component>
      <object_component id="oc-4ad">
         <name>.text:USBULPIRegRead</name>
         <load_address>0x2f14</load_address>
         <run_address>0x2f14</run_address>
         <size>0x1e</size>
         <input_file_ref idref="fl-116"/>
      </object_component>
      <object_component id="oc-4b3">
         <name>.text:USBULPIRegWrite</name>
         <load_address>0x2f32</load_address>
         <run_address>0x2f32</run_address>
         <size>0x1e</size>
         <input_file_ref idref="fl-116"/>
      </object_component>
      <object_component id="oc-181">
         <name>.text:SWO_PrintString</name>
         <load_address>0x2f50</load_address>
         <run_address>0x2f50</run_address>
         <size>0x1c</size>
         <input_file_ref idref="fl-9"/>
      </object_component>
      <object_component id="oc-444">
         <name>.text:USBDCDConfigGetInterface</name>
         <load_address>0x2f6c</load_address>
         <run_address>0x2f6c</run_address>
         <size>0x1c</size>
         <input_file_ref idref="fl-2d"/>
      </object_component>
      <object_component id="oc-2cb">
         <name>.text:USBDCDStallEP0</name>
         <load_address>0x2f88</load_address>
         <run_address>0x2f88</run_address>
         <size>0x1c</size>
         <input_file_ref idref="fl-26"/>
      </object_component>
      <object_component id="oc-4a1">
         <name>.text:USBEndpointDataAvail</name>
         <load_address>0x2fa4</load_address>
         <run_address>0x2fa4</run_address>
         <size>0x1c</size>
         <input_file_ref idref="fl-116"/>
      </object_component>
      <object_component id="oc-31b">
         <name>.text:ClearIdleTimers</name>
         <load_address>0x2fc0</load_address>
         <run_address>0x2fc0</run_address>
         <size>0x1a</size>
         <input_file_ref idref="fl-28"/>
      </object_component>
      <object_component id="oc-2d8">
         <name>.text:USBDCDConfigDescGetSize</name>
         <load_address>0x2fda</load_address>
         <run_address>0x2fda</run_address>
         <size>0x1a</size>
         <input_file_ref idref="fl-2d"/>
      </object_component>
      <object_component id="oc-60f">
         <name>.text:USBEndpointDMAChannel</name>
         <load_address>0x2ff4</load_address>
         <run_address>0x2ff4</run_address>
         <size>0x1a</size>
         <input_file_ref idref="fl-116"/>
      </object_component>
      <object_component id="oc-5f9">
         <name>.text:SetDeferredOpFlag</name>
         <load_address>0x300e</load_address>
         <run_address>0x300e</run_address>
         <size>0x18</size>
         <input_file_ref idref="fl-28"/>
      </object_component>
      <object_component id="oc-45">
         <name>.text:USB0DeviceIntHandler</name>
         <load_address>0x3028</load_address>
         <run_address>0x3028</run_address>
         <size>0x18</size>
         <input_file_ref idref="fl-27"/>
      </object_component>
      <object_component id="oc-415">
         <name>.text:USBDSetDescriptor</name>
         <load_address>0x3040</load_address>
         <run_address>0x3040</run_address>
         <size>0x18</size>
         <input_file_ref idref="fl-26"/>
      </object_component>
      <object_component id="oc-433">
         <name>.text:USBDSyncFrame</name>
         <load_address>0x3058</load_address>
         <run_address>0x3058</run_address>
         <size>0x18</size>
         <input_file_ref idref="fl-26"/>
      </object_component>
      <object_component id="oc-622">
         <name>.text:uDMAChannelDisable</name>
         <load_address>0x3070</load_address>
         <run_address>0x3070</run_address>
         <size>0x18</size>
         <input_file_ref idref="fl-115"/>
      </object_component>
      <object_component id="oc-63b">
         <name>.text:uDMAChannelEnable</name>
         <load_address>0x3088</load_address>
         <run_address>0x3088</run_address>
         <size>0x18</size>
         <input_file_ref idref="fl-115"/>
      </object_component>
      <object_component id="oc-38e">
         <name>.text:USBIntEnableEndpoint</name>
         <load_address>0x30a0</load_address>
         <run_address>0x30a0</run_address>
         <size>0x16</size>
         <input_file_ref idref="fl-116"/>
      </object_component>
      <object_component id="oc-346">
         <name>.text:SysCtlUSBPLLEnable</name>
         <load_address>0x30b8</load_address>
         <run_address>0x30b8</run_address>
         <size>0x14</size>
         <input_file_ref idref="fl-21"/>
      </object_component>
      <object_component id="oc-5d1">
         <name>.text:USBDCDRequestDataEP0</name>
         <load_address>0x30cc</load_address>
         <run_address>0x30cc</run_address>
         <size>0x14</size>
         <input_file_ref idref="fl-26"/>
      </object_component>
      <object_component id="oc-5ca">
         <name>.text:USBDCDSendDataEP0</name>
         <load_address>0x30e0</load_address>
         <run_address>0x30e0</run_address>
         <size>0x14</size>
         <input_file_ref idref="fl-26"/>
      </object_component>
      <object_component id="oc-69a">
         <name>.text:USBDMAChannelConfigSet</name>
         <load_address>0x30f4</load_address>
         <run_address>0x30f4</run_address>
         <size>0x14</size>
         <input_file_ref idref="fl-116"/>
      </object_component>
      <object_component id="oc-1e5">
         <name>.text:USBHostResume</name>
         <load_address>0x3108</load_address>
         <run_address>0x3108</run_address>
         <size>0x14</size>
         <input_file_ref idref="fl-116"/>
      </object_component>
      <object_component id="oc-71d">
         <name>.text:_USBIndexWrite</name>
         <load_address>0x311c</load_address>
         <run_address>0x311c</run_address>
         <size>0x14</size>
         <input_file_ref idref="fl-116"/>
      </object_component>
      <object_component id="oc-47f">
         <name>.text:HandleResume</name>
         <load_address>0x3130</load_address>
         <run_address>0x3130</run_address>
         <size>0x12</size>
         <input_file_ref idref="fl-28"/>
      </object_component>
      <object_component id="oc-479">
         <name>.text:HandleSuspend</name>
         <load_address>0x3142</load_address>
         <run_address>0x3142</run_address>
         <size>0x12</size>
         <input_file_ref idref="fl-28"/>
      </object_component>
      <object_component id="oc-66b">
         <name>.text:USBDMAChannelDisable</name>
         <load_address>0x3154</load_address>
         <run_address>0x3154</run_address>
         <size>0x12</size>
         <input_file_ref idref="fl-116"/>
      </object_component>
      <object_component id="oc-6a0">
         <name>.text:USBDMAChannelEnable</name>
         <load_address>0x3166</load_address>
         <run_address>0x3166</run_address>
         <size>0x12</size>
         <input_file_ref idref="fl-116"/>
      </object_component>
      <object_component id="oc-687">
         <name>.text:USBDMAChannelIntDisable</name>
         <load_address>0x3178</load_address>
         <run_address>0x3178</run_address>
         <size>0x12</size>
         <input_file_ref idref="fl-116"/>
      </object_component>
      <object_component id="oc-680">
         <name>.text:USBDMAChannelIntEnable</name>
         <load_address>0x318a</load_address>
         <run_address>0x318a</run_address>
         <size>0x12</size>
         <input_file_ref idref="fl-116"/>
      </object_component>
      <object_component id="oc-1f4">
         <name>.text:USBEndpointStatus</name>
         <load_address>0x319c</load_address>
         <run_address>0x319c</run_address>
         <size>0x10</size>
         <input_file_ref idref="fl-116"/>
      </object_component>
      <object_component id="oc-506">
         <name>.text:DMAUSBIntStatusClear</name>
         <load_address>0x31ac</load_address>
         <run_address>0x31ac</run_address>
         <size>0xe</size>
         <input_file_ref idref="fl-2b"/>
      </object_component>
      <object_component id="oc-672">
         <name>.text:USBDMAChannelStatus</name>
         <load_address>0x31ba</load_address>
         <run_address>0x31ba</run_address>
         <size>0xe</size>
         <input_file_ref idref="fl-116"/>
      </object_component>
      <object_component id="oc-370">
         <name>.text:USBDevLPMDisable</name>
         <load_address>0x31c8</load_address>
         <run_address>0x31c8</run_address>
         <size>0xe</size>
         <input_file_ref idref="fl-116"/>
      </object_component>
      <object_component id="oc-142">
         <name>.text:USBDevLPMEnable</name>
         <load_address>0x31d6</load_address>
         <run_address>0x31d6</run_address>
         <size>0xe</size>
         <input_file_ref idref="fl-116"/>
      </object_component>
      <object_component id="oc-35e">
         <name>.text:USBULPIDisable</name>
         <load_address>0x31e4</load_address>
         <run_address>0x31e4</run_address>
         <size>0xe</size>
         <input_file_ref idref="fl-116"/>
      </object_component>
      <object_component id="oc-352">
         <name>.text:USBULPIEnable</name>
         <load_address>0x31f2</load_address>
         <run_address>0x31f2</run_address>
         <size>0xe</size>
         <input_file_ref idref="fl-116"/>
      </object_component>
      <object_component id="oc-18">
         <name>.text:decompress:none:__TI_decompress_none</name>
         <load_address>0x3200</load_address>
         <run_address>0x3200</run_address>
         <size>0xe</size>
         <input_file_ref idref="fl-e9"/>
      </object_component>
      <object_component id="oc-65c">
         <name>.text:USBEndpointPacketCountSet</name>
         <load_address>0x320e</load_address>
         <run_address>0x320e</run_address>
         <size>0xc</size>
         <input_file_ref idref="fl-116"/>
      </object_component>
      <object_component id="oc-37c">
         <name>.text:USBLPMIntEnable</name>
         <load_address>0x321a</load_address>
         <run_address>0x321a</run_address>
         <size>0xc</size>
         <input_file_ref idref="fl-116"/>
      </object_component>
      <object_component id="oc-6b">
         <name>.text:decompress:ZI:__TI_zero_init</name>
         <load_address>0x3226</load_address>
         <run_address>0x3226</run_address>
         <size>0xc</size>
         <input_file_ref idref="fl-e8"/>
      </object_component>
      <object_component id="oc-34c">
         <name>.text:USBClockEnable</name>
         <load_address>0x3232</load_address>
         <run_address>0x3232</run_address>
         <size>0xa</size>
         <input_file_ref idref="fl-116"/>
      </object_component>
      <object_component id="oc-4c1">
         <name>.text:USBControllerVersion</name>
         <load_address>0x323c</load_address>
         <run_address>0x323c</run_address>
         <size>0xa</size>
         <input_file_ref idref="fl-116"/>
      </object_component>
      <object_component id="oc-68e">
         <name>.text:USBDMAChannelAddressSet</name>
         <load_address>0x3246</load_address>
         <run_address>0x3246</run_address>
         <size>0xa</size>
         <input_file_ref idref="fl-116"/>
      </object_component>
      <object_component id="oc-694">
         <name>.text:USBDMAChannelCountSet</name>
         <load_address>0x3250</load_address>
         <run_address>0x3250</run_address>
         <size>0xa</size>
         <input_file_ref idref="fl-116"/>
      </object_component>
      <object_component id="oc-394">
         <name>.text:USBDevConnect</name>
         <load_address>0x325a</load_address>
         <run_address>0x325a</run_address>
         <size>0xa</size>
         <input_file_ref idref="fl-116"/>
      </object_component>
      <object_component id="oc-154">
         <name>.text:USBDevDisconnect</name>
         <load_address>0x3264</load_address>
         <run_address>0x3264</run_address>
         <size>0xa</size>
         <input_file_ref idref="fl-116"/>
      </object_component>
      <object_component id="oc-148">
         <name>.text:USBIntStatusEndpoint</name>
         <load_address>0x326e</load_address>
         <run_address>0x326e</run_address>
         <size>0xa</size>
         <input_file_ref idref="fl-116"/>
      </object_component>
      <object_component id="oc-36a">
         <name>.text:USBDevMode</name>
         <load_address>0x3278</load_address>
         <run_address>0x3278</run_address>
         <size>0x8</size>
         <input_file_ref idref="fl-116"/>
      </object_component>
      <object_component id="oc-650">
         <name>.text:USBFIFOAddrGet</name>
         <load_address>0x3280</load_address>
         <run_address>0x3280</run_address>
         <size>0x8</size>
         <input_file_ref idref="fl-116"/>
      </object_component>
      <object_component id="oc-364">
         <name>.text:USBOTGMode</name>
         <load_address>0x3288</load_address>
         <run_address>0x3288</run_address>
         <size>0x8</size>
         <input_file_ref idref="fl-116"/>
      </object_component>
      <object_component id="oc-53c">
         <name>.text:iDMAUSBChannelIntDisable</name>
         <load_address>0x3290</load_address>
         <run_address>0x3290</run_address>
         <size>0x8</size>
         <input_file_ref idref="fl-2b"/>
      </object_component>
      <object_component id="oc-536">
         <name>.text:iDMAUSBChannelIntEnable</name>
         <load_address>0x3298</load_address>
         <run_address>0x3298</run_address>
         <size>0x8</size>
         <input_file_ref idref="fl-2b"/>
      </object_component>
      <object_component id="oc-27">
         <name>.text:ResetISR</name>
         <load_address>0x32a0</load_address>
         <run_address>0x32a0</run_address>
         <size>0x6</size>
         <input_file_ref idref="fl-2"/>
      </object_component>
      <object_component id="oc-679">
         <name>.text:USBDMAChannelIntStatus</name>
         <load_address>0x32a6</load_address>
         <run_address>0x32a6</run_address>
         <size>0x6</size>
         <input_file_ref idref="fl-116"/>
      </object_component>
      <object_component id="oc-376">
         <name>.text:USBDevLPMConfig</name>
         <load_address>0x32ac</load_address>
         <run_address>0x32ac</run_address>
         <size>0x6</size>
         <input_file_ref idref="fl-116"/>
      </object_component>
      <object_component id="oc-13c">
         <name>.text:USBLPMIntStatus</name>
         <load_address>0x32b2</load_address>
         <run_address>0x32b2</run_address>
         <size>0x6</size>
         <input_file_ref idref="fl-116"/>
      </object_component>
      <object_component id="oc-530">
         <name>.text:iDMAUSBIntStatus</name>
         <load_address>0x32b8</load_address>
         <run_address>0x32b8</run_address>
         <size>0x6</size>
         <input_file_ref idref="fl-2b"/>
      </object_component>
      <object_component id="oc-50c">
         <name>.text:DMAUSBStatus</name>
         <load_address>0x32be</load_address>
         <run_address>0x32be</run_address>
         <size>0x4</size>
         <input_file_ref idref="fl-2b"/>
      </object_component>
      <object_component id="oc-473">
         <name>.text:HandleReset</name>
         <load_address>0x32c2</load_address>
         <run_address>0x32c2</run_address>
         <size>0x4</size>
         <input_file_ref idref="fl-28"/>
      </object_component>
      <object_component id="oc-200">
         <name>.text:USBDevAddrSet</name>
         <load_address>0x32c6</load_address>
         <run_address>0x32c6</run_address>
         <size>0x4</size>
         <input_file_ref idref="fl-116"/>
      </object_component>
      <object_component id="oc-ee">
         <name>.text:_system_pre_init</name>
         <load_address>0x32ca</load_address>
         <run_address>0x32ca</run_address>
         <size>0x4</size>
         <input_file_ref idref="fl-f7"/>
      </object_component>
      <object_component id="oc-19e">
         <name>.text:abort:abort</name>
         <load_address>0x32ce</load_address>
         <run_address>0x32ce</run_address>
         <size>0x4</size>
         <input_file_ref idref="fl-f9"/>
      </object_component>
      <object_component id="oc-2d4">
         <name>.const:g_psUSBDStdRequests</name>
         <load_address>0x32d4</load_address>
         <run_address>0x32d4</run_address>
         <size>0x34</size>
         <input_file_ref idref="fl-26"/>
      </object_component>
      <object_component id="oc-3b5">
         <name>.const:.string:mouseReportDescriptor</name>
         <load_address>0x3308</load_address>
         <run_address>0x3308</run_address>
         <size>0x32</size>
         <input_file_ref idref="fl-12"/>
      </object_component>
      <object_component id="oc-32d">
         <name>.const:g_sHIDHandlers</name>
         <load_address>0x333c</load_address>
         <run_address>0x333c</run_address>
         <size>0x30</size>
         <input_file_ref idref="fl-28"/>
      </object_component>
      <object_component id="oc-3bd">
         <name>.const:.string:mouseManufactureString</name>
         <load_address>0x336c</load_address>
         <run_address>0x336c</run_address>
         <size>0x16</size>
         <input_file_ref idref="fl-12"/>
      </object_component>
      <object_component id="oc-3c0">
         <name>.const:.string:mouseProductString</name>
         <load_address>0x3382</load_address>
         <run_address>0x3382</run_address>
         <size>0x16</size>
         <input_file_ref idref="fl-12"/>
      </object_component>
      <object_component id="oc-6f7">
         <name>.const:g_pui32Dii16Regs</name>
         <load_address>0x3398</load_address>
         <run_address>0x3398</run_address>
         <size>0x14</size>
         <input_file_ref idref="fl-1f"/>
      </object_component>
      <object_component id="oc-565">
         <name>.const:g_pui32EnRegs</name>
         <load_address>0x33ac</load_address>
         <run_address>0x33ac</run_address>
         <size>0x14</size>
         <input_file_ref idref="fl-1f"/>
      </object_component>
      <object_component id="oc-3c3">
         <name>.const:.string:mouseSerialString</name>
         <load_address>0x33c0</load_address>
         <run_address>0x33c0</run_address>
         <size>0x12</size>
         <input_file_ref idref="fl-12"/>
      </object_component>
      <object_component id="oc-27b">
         <name>.const:mouseStringDescriptorList</name>
         <load_address>0x33d4</load_address>
         <run_address>0x33d4</run_address>
         <size>0x10</size>
         <input_file_ref idref="fl-12"/>
      </object_component>
      <object_component id="oc-112">
         <name>.const:g_ui32UARTInt</name>
         <load_address>0x33e4</load_address>
         <run_address>0x33e4</run_address>
         <size>0xc</size>
         <input_file_ref idref="fl-7"/>
      </object_component>
      <object_component id="oc-70b">
         <name>.const:.string:mouseConfigDescriptor</name>
         <load_address>0x33f0</load_address>
         <run_address>0x33f0</run_address>
         <size>0x9</size>
         <input_file_ref idref="fl-12"/>
      </object_component>
      <object_component id="oc-275">
         <name>.const:hidDescriptorList</name>
         <load_address>0x33f9</load_address>
         <run_address>0x33f9</run_address>
         <size>0x9</size>
         <input_file_ref idref="fl-12"/>
      </object_component>
      <object_component id="oc-6b7">
         <name>.const:g_sHIDInEndpointSection</name>
         <load_address>0x3404</load_address>
         <run_address>0x3404</run_address>
         <size>0x8</size>
         <input_file_ref idref="fl-12"/>
      </object_component>
      <object_component id="oc-6b4">
         <name>.const:g_sHIDInterfaceSection</name>
         <load_address>0x340c</load_address>
         <run_address>0x340c</run_address>
         <size>0x8</size>
         <input_file_ref idref="fl-12"/>
      </object_component>
      <object_component id="oc-3c8">
         <name>.const:mouseConfigHeader</name>
         <load_address>0x3414</load_address>
         <run_address>0x3414</run_address>
         <size>0x8</size>
         <input_file_ref idref="fl-12"/>
      </object_component>
      <object_component id="oc-6b1">
         <name>.const:mouseConfigPartialSection</name>
         <load_address>0x341c</load_address>
         <run_address>0x341c</run_address>
         <size>0x8</size>
         <input_file_ref idref="fl-12"/>
      </object_component>
      <object_component id="oc-715">
         <name>.const:.string:mouseEndPointDescriptor</name>
         <load_address>0x3424</load_address>
         <run_address>0x3424</run_address>
         <size>0x7</size>
         <input_file_ref idref="fl-12"/>
      </object_component>
      <object_component id="oc-3ba">
         <name>.const:.string:mouseLanguageString</name>
         <load_address>0x342b</load_address>
         <run_address>0x342b</run_address>
         <size>0x4</size>
         <input_file_ref idref="fl-12"/>
      </object_component>
      <object_component id="oc-27e">
         <name>.const:configHeaderList</name>
         <load_address>0x3430</load_address>
         <run_address>0x3430</run_address>
         <size>0x4</size>
         <input_file_ref idref="fl-12"/>
      </object_component>
      <object_component id="oc-278">
         <name>.const:mouseClassDescriptor</name>
         <load_address>0x3434</load_address>
         <run_address>0x3434</run_address>
         <size>0x4</size>
         <input_file_ref idref="fl-12"/>
      </object_component>
      <object_component id="oc-76e">
         <name>.cinit..data.load</name>
         <load_address>0x3438</load_address>
         <run_address>0x3438</run_address>
         <size>0x7b</size>
      </object_component>
      <object_component id="oc-76c">
         <name>__TI_handler_table</name>
         <load_address>0x34b4</load_address>
         <run_address>0x34b4</run_address>
         <size>0xc</size>
      </object_component>
      <object_component id="oc-76f">
         <name>.cinit..bss.load</name>
         <load_address>0x34c0</load_address>
         <run_address>0x34c0</run_address>
         <size>0x8</size>
      </object_component>
      <object_component id="oc-76d">
         <name>__TI_cinit_table</name>
         <load_address>0x34c8</load_address>
         <run_address>0x34c8</run_address>
         <size>0x10</size>
      </object_component>
      <object_component id="oc-ab">
         <name>.data</name>
         <load_address>0x20000ad4</load_address>
         <run_address>0x20000ad4</run_address>
         <size>0x15</size>
         <input_file_ref idref="fl-7"/>
      </object_component>
      <object_component id="oc-710">
         <name>.data:mouseHIDDescriptor</name>
         <load_address>0x20000afb</load_address>
         <run_address>0x20000afb</run_address>
         <size>0x12</size>
         <input_file_ref idref="fl-12"/>
      </object_component>
      <object_component id="oc-576">
         <name>.data:mouseConfigFullSection</name>
         <load_address>0x20000b10</load_address>
         <run_address>0x20000b10</run_address>
         <size>0xc</size>
         <input_file_ref idref="fl-12"/>
      </object_component>
      <object_component id="oc-266">
         <name>.data:g_psReportIdle</name>
         <load_address>0x20000b34</load_address>
         <run_address>0x20000b34</run_address>
         <size>0x8</size>
         <input_file_ref idref="fl-12"/>
      </object_component>
      <object_component id="oc-199">
         <name>.data:mouseDevice</name>
         <load_address>0x20000a68</load_address>
         <run_address>0x20000a68</run_address>
         <size>0x6c</size>
         <input_file_ref idref="fl-12"/>
      </object_component>
      <object_component id="oc-238">
         <name>.data</name>
         <load_address>0x20000b28</load_address>
         <run_address>0x20000b28</run_address>
         <size>0x9</size>
         <input_file_ref idref="fl-24"/>
      </object_component>
      <object_component id="oc-15e">
         <name>.data</name>
         <load_address>0x20000b1c</load_address>
         <run_address>0x20000b1c</run_address>
         <size>0xc</size>
         <input_file_ref idref="fl-25"/>
      </object_component>
      <object_component id="oc-161">
         <name>.data</name>
         <load_address>0x20000b3c</load_address>
         <run_address>0x20000b3c</run_address>
         <size>0x8</size>
         <input_file_ref idref="fl-26"/>
      </object_component>
      <object_component id="oc-330">
         <name>.data:g_pui8HIDDeviceDescriptor</name>
         <load_address>0x20000ae9</load_address>
         <run_address>0x20000ae9</run_address>
         <size>0x12</size>
         <input_file_ref idref="fl-28"/>
      </object_component>
      <object_component id="oc-ae">
         <name>.bss</name>
         <uninitialized>true</uninitialized>
         <run_address>0x20000650</run_address>
         <size>0x8</size>
         <input_file_ref idref="fl-7"/>
      </object_component>
      <object_component id="oc-115">
         <name>.bss:g_pcUARTTxBuffer</name>
         <uninitialized>true</uninitialized>
         <run_address>0x20000000</run_address>
         <size>0x400</size>
         <input_file_ref idref="fl-7"/>
      </object_component>
      <object_component id="oc-b1">
         <name>.bss:g_pcUARTRxBuffer</name>
         <uninitialized>true</uninitialized>
         <run_address>0x20000510</run_address>
         <size>0x80</size>
         <input_file_ref idref="fl-7"/>
      </object_component>
      <object_component id="oc-23b">
         <name>.bss</name>
         <uninitialized>true</uninitialized>
         <run_address>0x2000065c</run_address>
         <size>0x4</size>
         <input_file_ref idref="fl-24"/>
      </object_component>
      <object_component id="oc-2d1">
         <name>.bss:g_pui8DataBufferIn</name>
         <uninitialized>true</uninitialized>
         <run_address>0x200005e0</run_address>
         <size>0x40</size>
         <input_file_ref idref="fl-26"/>
      </object_component>
      <object_component id="oc-3a0">
         <name>.bss</name>
         <uninitialized>true</uninitialized>
         <run_address>0x20000658</run_address>
         <size>0x4</size>
         <input_file_ref idref="fl-26"/>
      </object_component>
      <object_component id="oc-4c7">
         <name>.bss:g_psUSBDMAInst</name>
         <uninitialized>true</uninitialized>
         <run_address>0x20000400</run_address>
         <size>0x110</size>
         <input_file_ref idref="fl-2b"/>
      </object_component>
      <object_component id="oc-1ec">
         <name>.common:g_pfnTickHandlers</name>
         <uninitialized>true</uninitialized>
         <run_address>0x20000620</run_address>
         <size>0x18</size>
      </object_component>
      <object_component id="oc-1ef">
         <name>.common:g_pvTickInstance</name>
         <uninitialized>true</uninitialized>
         <run_address>0x20000638</run_address>
         <size>0x18</size>
      </object_component>
      <object_component id="oc-15d">
         <name>.common:g_psDCDInst</name>
         <uninitialized>true</uninitialized>
         <run_address>0x20000590</run_address>
         <size>0x50</size>
      </object_component>
      <object_component id="oc-15a">
         <name>.common:g_ppsDevInfo</name>
         <uninitialized>true</uninitialized>
         <run_address>0x20000660</run_address>
         <size>0x4</size>
      </object_component>
      <object_component id="oc-24">
         <name>.sysmem</name>
         <uninitialized>true</uninitialized>
[...]
         <value>0x33d4</value>
         <object_component_ref idref="oc-27b"/>
      </symbol>
      <symbol id="sm-22c">
         <name>makeHidReport</name>
         <value>0x2a7d</value>
         <object_component_ref idref="oc-18d"/>
      </symbol>
      <symbol id="sm-277">
         <name>IntIsEnabled</name>
         <value>0x1d6d</value>
         <object_component_ref idref="oc-629"/>
      </symbol>
      <symbol id="sm-278">
         <name>IntEnable</name>
         <value>0x1c39</value>
         <object_component_ref idref="oc-39a"/>
      </symbol>
      <symbol id="sm-279">
         <name>IntDisable</name>
         <value>0x1bd1</value>
         <object_component_ref idref="oc-62f"/>
      </symbol>
      <symbol id="sm-2ae">
         <name>SysCtlPeripheralEnable</name>
         <value>0x29e1</value>
         <object_component_ref idref="oc-340"/>
      </symbol>
      <symbol id="sm-2af">
         <name>SysCtlUSBPLLEnable</name>
         <value>0x30b9</value>
         <object_component_ref idref="oc-346"/>
      </symbol>
      <symbol id="sm-2b0">
         <name>SysCtlPeripheralReady</name>
         <value>0x282d</value>
         <object_component_ref idref="oc-175"/>
      </symbol>
      <symbol id="sm-2b1">
         <name>SysCtlPeripheralReset</name>
         <value>0x210d</value>
         <object_component_ref idref="oc-33a"/>
      </symbol>
      <symbol id="sm-2f7">
         <name>g_iUSBMode</name>
         <value>0x20000b28</value>
         <object_component_ref idref="oc-238"/>
      </symbol>
      <symbol id="sm-2f8">
         <name>USBStackModeSet</name>
         <value>0x2e49</value>
         <object_component_ref idref="oc-17b"/>
      </symbol>
      <symbol id="sm-2f9">
         <name>g_ui32WaitTicks</name>
         <value>0x20000b2c</value>
         <object_component_ref idref="oc-238"/>
      </symbol>
      <symbol id="sm-331">
         <name>g_pfnTickHandlers</name>
         <value>0x20000620</value>
      </symbol>
      <symbol id="sm-332">
         <name>g_pvTickInstance</name>
         <value>0x20000638</value>
      </symbol>
      <symbol id="sm-333">
         <name>g_ui32USBSOFCount</name>
         <value>0x20000b24</value>
         <object_component_ref idref="oc-15e"/>
      </symbol>
      <symbol id="sm-334">
         <name>g_bUSBTimerInitialized</name>
         <value>0x20000b1c</value>
         <object_component_ref idref="oc-15e"/>
      </symbol>
      <symbol id="sm-335">
         <name>g_ui32CurrentUSBTick</name>
         <value>0x20000b20</value>
         <object_component_ref idref="oc-15e"/>
      </symbol>
      <symbol id="sm-336">
         <name>InternalUSBStartOfFrameTick</name>
         <value>0x27bd</value>
         <object_component_ref idref="oc-136"/>
      </symbol>
      <symbol id="sm-337">
         <name>InternalUSBRegisterTickHandler</name>
         <value>0x2785</value>
         <object_component_ref idref="oc-327"/>
      </symbol>
      <symbol id="sm-338">
         <name>InternalUSBTickInit</name>
         <value>0x2ba9</value>
         <object_component_ref idref="oc-321"/>
      </symbol>
      <symbol id="sm-4d3">
         <name>g_psDCDInst</name>
         <value>0x20000590</value>
      </symbol>
      <symbol id="sm-4d4">
         <name>g_ppsDevInfo</name>
         <value>0x20000660</value>
      </symbol>
      <symbol id="sm-4d5">
         <name>USBDCDSendDataEP0</name>
         <value>0x30e1</value>
         <object_component_ref idref="oc-5ca"/>
      </symbol>
      <symbol id="sm-4d6">
         <name>USBDCDStallEP0</name>
         <value>0x2f89</value>
         <object_component_ref idref="oc-2cb"/>
      </symbol>
      <symbol id="sm-4d7">
         <name>USBDCDRequestDataEP0</name>
         <value>0x30cd</value>
         <object_component_ref idref="oc-5d1"/>
      </symbol>
      <symbol id="sm-4d8">
         <name>USBDeviceEnumHandler</name>
         <value>0x1095</value>
         <object_component_ref idref="oc-14e"/>
      </symbol>
      <symbol id="sm-4d9">
         <name>USBDCDInit</name>
         <value>0x559</value>
         <object_component_ref idref="oc-24f"/>
      </symbol>
      <symbol id="sm-4da">
         <name>USBDeviceEnumResetHandler</name>
         <value>0x2531</value>
         <object_component_ref idref="oc-12a"/>
      </symbol>
      <symbol id="sm-4db">
         <name>USBDCDDeviceInfoInit</name>
         <value>0x24e9</value>
         <object_component_ref idref="oc-315"/>
      </symbol>
      <symbol id="sm-4dc">
         <name>USBDeviceIntHandlerInternal</name>
         <value>0x7f9</value>
         <object_component_ref idref="oc-c5"/>
      </symbol>
      <symbol id="sm-4dd">
         <name>USBDeviceResumeTickHandler</name>
         <value>0x21ad</value>
         <object_component_ref idref="oc-130"/>
      </symbol>
      <symbol id="sm-4e9">
         <name>USB0DeviceIntHandler</name>
         <value>0x3029</value>
         <object_component_ref idref="oc-45"/>
      </symbol>
      <symbol id="sm-62a">
         <name>USBDHIDInit</name>
         <value>0x2dd9</value>
         <object_component_ref idref="oc-187"/>
      </symbol>
      <symbol id="sm-62b">
         <name>USBDHIDReportWrite</name>
         <value>0x2377</value>
         <object_component_ref idref="oc-193"/>
      </symbol>
      <symbol id="sm-62c">
         <name>g_sHIDHandlers</name>
         <value>0x333c</value>
         <object_component_ref idref="oc-32d"/>
      </symbol>
      <symbol id="sm-62d">
         <name>USBDHIDCompositeInit</name>
         <value>0xfb5</value>
         <object_component_ref idref="oc-249"/>
      </symbol>
      <symbol id="sm-62e">
         <name>g_pui8HIDDeviceDescriptor</name>
         <value>0x20000ae9</value>
         <object_component_ref idref="oc-330"/>
      </symbol>
      <symbol id="sm-652">
         <name>USBDescGet</name>
         <value>0x2c61</value>
         <object_component_ref idref="oc-6e0"/>
      </symbol>
      <symbol id="sm-653">
         <name>USBDescGetNum</name>
         <value>0x2ce3</value>
         <object_component_ref idref="oc-6d8"/>
      </symbol>
      <symbol id="sm-798">
         <name>USBLibDMAInit</name>
         <value>0x3f5</value>
         <object_component_ref idref="oc-382"/>
      </symbol>
      <symbol id="sm-7a5">
         <name>ULPIConfigSet</name>
         <value>0x20b9</value>
         <object_component_ref idref="oc-358"/>
      </symbol>
      <symbol id="sm-7f5">
         <name>USBDCDConfigDescGet</name>
         <value>0x215d</value>
         <object_component_ref idref="oc-5b6"/>
      </symbol>
      <symbol id="sm-7f6">
         <name>USBDCDConfigGetInterface</name>
         <value>0x2f6d</value>
         <object_component_ref idref="oc-444"/>
      </symbol>
      <symbol id="sm-7f7">
         <name>USBDCDConfigDescGetSize</name>
         <value>0x2fdb</value>
         <object_component_ref idref="oc-2d8"/>
      </symbol>
      <symbol id="sm-7f8">
         <name>USBDCDConfigGetInterfaceEndpoint</name>
         <value>0x2865</value>
         <object_component_ref idref="oc-30f"/>
      </symbol>
      <symbol id="sm-7f9">
         <name>USBDCDConfigDescGetNum</name>
         <value>0x2c35</value>
         <object_component_ref idref="oc-5a6"/>
      </symbol>
      <symbol id="sm-846">
         <name>USBDeviceConfigAlternate</name>
         <value>0x160d</value>
         <object_component_ref idref="oc-5ac"/>
      </symbol>
      <symbol id="sm-847">
         <name>USBDeviceConfig</name>
         <value>0xa95</value>
         <object_component_ref idref="oc-59e"/>
      </symbol>
      <symbol id="sm-857">
         <name>__aeabi_memset</name>
         <value>0x191d</value>
         <object_component_ref idref="oc-e8"/>
      </symbol>
      <symbol id="sm-858">
         <name>memset</name>
         <value>0x1923</value>
         <object_component_ref idref="oc-e8"/>
      </symbol>
      <symbol id="sm-859">
         <name>__aeabi_memset8</name>
         <value>0x191d</value>
         <object_component_ref idref="oc-e8"/>
      </symbol>
      <symbol id="sm-85a">
         <name>__aeabi_memset4</name>
         <value>0x191d</value>
         <object_component_ref idref="oc-e8"/>
      </symbol>
      <symbol id="sm-85b">
         <name>__aeabi_memclr8</name>
         <value>0x191b</value>
         <object_component_ref idref="oc-e8"/>
      </symbol>
      <symbol id="sm-85c">
         <name>__aeabi_memclr4</name>
         <value>0x191b</value>
         <object_component_ref idref="oc-e8"/>
      </symbol>
      <symbol id="sm-85d">
         <name>__aeabi_memclr</name>
         <value>0x191b</value>
         <object_component_ref idref="oc-e8"/>
      </symbol>
      <symbol id="sm-871">
         <name>__TI_zero_init</name>
         <value>0x3227</value>
         <object_component_ref idref="oc-6b"/>
      </symbol>
      <symbol id="sm-888">
         <name>__TI_decompress_none</name>
         <value>0x3201</value>
         <object_component_ref idref="oc-18"/>
      </symbol>
      <symbol id="sm-8ab">
         <name>__TI_decompress_lzss</name>
         <value>0x1ca1</value>
         <object_component_ref idref="oc-12"/>
      </symbol>
      <symbol id="sm-8c6">
         <name>__stack</name>
         <value>0x20000668</value>
         <object_component_ref idref="oc-21"/>
      </symbol>
      <symbol id="sm-8c7">
         <name>_c_int00_noargs</name>
         <value>0x28d5</value>
         <object_component_ref idref="oc-77"/>
      </symbol>
      <symbol id="sm-8e3">
         <name>memcpy</name>
         <value>0x13b5</value>
         <object_component_ref idref="oc-59"/>
      </symbol>
      <symbol id="sm-8e4">
         <name>__aeabi_memcpy</name>
         <value>0x13b5</value>
         <object_component_ref idref="oc-59"/>
      </symbol>
      <symbol id="sm-8e5">
         <name>__aeabi_memcpy8</name>
         <value>0x13b5</value>
         <object_component_ref idref="oc-59"/>
      </symbol>
      <symbol id="sm-8e6">
         <name>__aeabi_memcpy4</name>
         <value>0x13b5</value>
         <object_component_ref idref="oc-59"/>
      </symbol>
      <symbol id="sm-90e">
         <name>__TI_auto_init_nobinit_nopinit</name>
         <value>0x264d</value>
         <object_component_ref idref="oc-1aa"/>
      </symbol>
      <symbol id="sm-918">
         <name>_system_pre_init</name>
         <value>0x32cb</value>
         <object_component_ref idref="oc-ee"/>
      </symbol>
      <symbol id="sm-924">
         <name>C$$EXIT</name>
         <value>0x32cf</value>
         <object_component_ref idref="oc-19e"/>
      </symbol>
      <symbol id="sm-925">
         <name>abort</name>
         <value>0x32cf</value>
         <object_component_ref idref="oc-19e"/>
      </symbol>
      <symbol id="sm-949">
         <name>_sys_memory</name>
         <value>0x20000b48</value>
         <object_component_ref idref="oc-24"/>
      </symbol>
      <symbol id="sm-9a0">
         <name>uDMAChannelControlSet</name>
         <value>0x2e6d</value>
         <object_component_ref idref="oc-608"/>
      </symbol>
      <symbol id="sm-9a1">
         <name>uDMAChannelDisable</name>
         <value>0x3071</value>
         <object_component_ref idref="oc-622"/>
      </symbol>
      <symbol id="sm-9a2">
         <name>uDMAChannelModeGet</name>
         <value>0x2db1</value>
         <object_component_ref idref="oc-647"/>
      </symbol>
      <symbol id="sm-9a3">
         <name>uDMAChannelTransferSet</name>
         <value>0x1825</value>
         <object_component_ref idref="oc-656"/>
      </symbol>
      <symbol id="sm-9a4">
         <name>uDMAChannelAttributeDisable</name>
         <value>0x2579</value>
         <object_component_ref idref="oc-615"/>
      </symbol>
      <symbol id="sm-9a5">
         <name>uDMAChannelEnable</name>
         <value>0x3089</value>
         <object_component_ref idref="oc-63b"/>
      </symbol>
      <symbol id="sm-b54">
         <name>USBLPMIntEnable</name>
         <value>0x321b</value>
         <object_component_ref idref="oc-37c"/>
      </symbol>
      <symbol id="sm-b55">
         <name>USBEndpointDataAvail</name>
         <value>0x2fa5</value>
         <object_component_ref idref="oc-4a1"/>
      </symbol>
      <symbol id="sm-b56">
         <name>USBClockEnable</name>
         <value>0x3233</value>
         <object_component_ref idref="oc-34c"/>
      </symbol>
      <symbol id="sm-b57">
         <name>USBDevDisconnect</name>
         <value>0x3265</value>
         <object_component_ref idref="oc-154"/>
      </symbol>
      <symbol id="sm-b58">
         <name>USBDevEndpointStallClear</name>
         <value>0x23c1</value>
         <object_component_ref idref="oc-58c"/>
      </symbol>
      <symbol id="sm-b59">
         <name>USBEndpointDataPut</name>
         <value>0x2943</value>
         <object_component_ref idref="oc-2de"/>
      </symbol>
      <symbol id="sm-b5a">
         <name>USBDMAChannelIntStatus</name>
         <value>0x32a7</value>
         <object_component_ref idref="oc-679"/>
      </symbol>
      <symbol id="sm-b5b">
         <name>USBDevAddrSet</name>
         <value>0x32c7</value>
         <object_component_ref idref="oc-200"/>
      </symbol>
      <symbol id="sm-b5c">
         <name>USBDMAChannelCountSet</name>
         <value>0x3251</value>
         <object_component_ref idref="oc-694"/>
      </symbol>
      <symbol id="sm-b5d">
         <name>USBLPMIntStatus</name>
         <value>0x32b3</value>
         <object_component_ref idref="oc-13c"/>
      </symbol>
      <symbol id="sm-b5e">
         <name>USBDMAChannelAddressSet</name>
         <value>0x3247</value>
         <object_component_ref idref="oc-68e"/>
      </symbol>
      <symbol id="sm-b5f">
         <name>USBULPIDisable</name>
         <value>0x31e5</value>
         <object_component_ref idref="oc-35e"/>
      </symbol>
      <symbol id="sm-b60">
         <name>USBIntStatusControl</name>
         <value>0x289d</value>
         <object_component_ref idref="oc-bf"/>
      </symbol>
      <symbol id="sm-b61">
         <name>USBEndpointDMADisable</name>
         <value>0x2dff</value>
         <object_component_ref idref="oc-61b"/>
      </symbol>
      <symbol id="sm-b62">
         <name>USBDevEndpointDataAck</name>
         <value>0x2d0d</value>
         <object_component_ref idref="oc-20c"/>
      </symbol>
      <symbol id="sm-b63">
         <name>USBOTGMode</name>
         <value>0x3289</value>
         <object_component_ref idref="oc-364"/>
      </symbol>
      <symbol id="sm-b64">
         <name>USBDMAChannelConfigSet</name>
         <value>0x30f5</value>
         <object_component_ref idref="oc-69a"/>
      </symbol>
      <symbol id="sm-b65">
         <name>USBULPIRegRead</name>
         <value>0x2f15</value>
         <object_component_ref idref="oc-4ad"/>
      </symbol>
      <symbol id="sm-b66">
         <name>USBDevMode</name>
         <value>0x3279</value>
         <object_component_ref idref="oc-36a"/>
      </symbol>
      <symbol id="sm-b67">
         <name>USBIntEnableEndpoint</name>
         <value>0x30a1</value>
         <object_component_ref idref="oc-38e"/>
      </symbol>
      <symbol id="sm-b68">
         <name>USBEndpointDataGet</name>
         <value>0x25c1</value>
         <object_component_ref idref="oc-206"/>
      </symbol>
      <symbol id="sm-b69">
         <name>USBDevEndpointStatusClear</name>
         <value>0x1f55</value>
         <object_component_ref idref="oc-1fa"/>
      </symbol>
      <symbol id="sm-b6a">
         <name>USBULPIEnable</name>
         <value>0x31f3</value>
         <object_component_ref idref="oc-352"/>
      </symbol>
      <symbol id="sm-b6b">
         <name>USBFIFOAddrGet</name>
         <value>0x3281</value>
         <object_component_ref idref="oc-650"/>
      </symbol>
      <symbol id="sm-b6c">
         <name>USBDMAChannelStatus</name>
         <value>0x31bb</value>
         <object_component_ref idref="oc-672"/>
      </symbol>
      <symbol id="sm-b6d">
         <name>USBULPIRegWrite</name>
         <value>0x2f33</value>
         <object_component_ref idref="oc-4b3"/>
      </symbol>
      <symbol id="sm-b6e">
         <name>USBDMAChannelIntEnable</name>
         <value>0x318b</value>
         <object_component_ref idref="oc-680"/>
      </symbol>
      <symbol id="sm-b6f">
         <name>USBDevLPMConfig</name>
         <value>0x32ad</value>
         <object_component_ref idref="oc-376"/>
      </symbol>
      <symbol id="sm-b70">
         <name>USBDevLPMEnable</name>
         <value>0x31d7</value>
         <object_component_ref idref="oc-142"/>
      </symbol>
      <symbol id="sm-b71">
         <name>USBControllerVersion</name>
         <value>0x323d</value>
         <object_component_ref idref="oc-4c1"/>
      </symbol>
      <symbol id="sm-b72">
         <name>USBFIFOConfigSet</name>
         <value>0x2749</value>
         <object_component_ref idref="oc-6d0"/>
      </symbol>
      <symbol id="sm-b73">
         <name>USBEndpointDMAEnable</name>
         <value>0x2e23</value>
         <object_component_ref idref="oc-635"/>
      </symbol>
      <symbol id="sm-b74">
         <name>USBDevLPMDisable</name>
         <value>0x31c9</value>
         <object_component_ref idref="oc-370"/>
      </symbol>
      <symbol id="sm-b75">
         <name>USBEndpointDataSend</name>
         <value>0x2a15</value>
         <object_component_ref idref="oc-2e4"/>
      </symbol>
      <symbol id="sm-b76">
         <name>USBIntStatusEndpoint</name>
         <value>0x326f</value>
         <object_component_ref idref="oc-148"/>
      </symbol>
      <symbol id="sm-b77">
         <name>USBEndpointStatus</name>
         <value>0x319d</value>
         <object_component_ref idref="oc-1f4"/>
      </symbol>
      <symbol id="sm-b78">
         <name>USBEndpointPacketCountSet</name>
         <value>0x320f</value>
         <object_component_ref idref="oc-65c"/>
      </symbol>
      <symbol id="sm-b79">
         <name>USBDMAChannelIntDisable</name>
         <value>0x3179</value>
         <object_component_ref idref="oc-687"/>
      </symbol>
      <symbol id="sm-b7a">
         <name>USBEndpointDMAConfigSet</name>
         <value>0x2295</value>
         <object_component_ref idref="oc-662"/>
      </symbol>
      <symbol id="sm-b7b">
         <name>USBDevEndpointStall</name>
         <value>0x2b15</value>
         <object_component_ref idref="oc-3ee"/>
      </symbol>
      <symbol id="sm-b7c">
         <name>USBDevConnect</name>
         <value>0x325b</value>
         <object_component_ref idref="oc-394"/>
      </symbol>
      <symbol id="sm-b7d">
         <name>USBDevEndpointConfigSet</name>
         <value>0x18a1</value>
         <object_component_ref idref="oc-6c4"/>
      </symbol>
      <symbol id="sm-b7e">
         <name>USBDMAChannelDisable</name>
         <value>0x3155</value>
         <object_component_ref idref="oc-66b"/>
      </symbol>
      <symbol id="sm-b7f">
         <name>USBDMAChannelEnable</name>
         <value>0x3167</value>
         <object_component_ref idref="oc-6a0"/>
      </symbol>
      <symbol id="sm-b80">
         <name>USBHostResume</name>
         <value>0x3109</value>
         <object_component_ref idref="oc-1e5"/>
      </symbol>
      <symbol id="sm-b81">
         <name>USBIntEnableControl</name>
         <value>0x2d89</value>
         <object_component_ref idref="oc-388"/>
      </symbol>
      <symbol id="sm-b82">
         <name>USBEndpointDMAChannel</name>
         <value>0x2ff5</value>
         <object_component_ref idref="oc-60f"/>
      </symbol>
      <symbol id="sm-b83">
         <name>__TI_static_base__</name>
         <value>0x0</value>
      </symbol>
      <symbol id="sm-b86">
         <name>__mpu_init</name>
         <value>0x0</value>
      </symbol>
      <symbol id="sm-b87">
         <name>_system_post_cinit</name>
         <value>0x0</value>
      </symbol>
   </symbol_table>
   <title>Link successful</title>
</link_info>
